Archive member included because of file (symbol)

/usr/bin/../lib/gcc/arm-none-eabi/4.8.3/../../../../arm-none-eabi/lib/armv7e-m/libc.a(lib_a-memset.o)
                              build/obj/usb.o (memset)

Discarded input sections

 .text          0x0000000000000000        0x0 build/obj/crt0.o
 .data          0x0000000000000000        0x0 build/obj/crt0.o
 .bss           0x0000000000000000        0x0 build/obj/crt0.o
 .text.__early_init
                0x0000000000000000       0x10 build/obj/crt0.o
 .text.__late_init
                0x0000000000000000       0x10 build/obj/crt0.o
 .text._default_exit
                0x0000000000000000       0x10 build/obj/crt0.o
 .text          0x0000000000000000        0x0 build/obj/vectors.o
 .data          0x0000000000000000        0x0 build/obj/vectors.o
 .bss           0x0000000000000000        0x0 build/obj/vectors.o
 .text          0x0000000000000000        0x0 build/obj/chcore.o
 .data          0x0000000000000000        0x0 build/obj/chcore.o
 .bss           0x0000000000000000        0x0 build/obj/chcore.o
 .text          0x0000000000000000        0x0 build/obj/chcore_v7m.o
 .data          0x0000000000000000        0x0 build/obj/chcore_v7m.o
 .bss           0x0000000000000000        0x0 build/obj/chcore_v7m.o
 .text          0x0000000000000000        0x0 build/obj/nvic.o
 .data          0x0000000000000000        0x0 build/obj/nvic.o
 .bss           0x0000000000000000        0x0 build/obj/nvic.o
 .text          0x0000000000000000        0x0 build/obj/chsys.o
 .data          0x0000000000000000        0x0 build/obj/chsys.o
 .bss           0x0000000000000000        0x0 build/obj/chsys.o
 .text          0x0000000000000000        0x0 build/obj/chdebug.o
 .data          0x0000000000000000        0x0 build/obj/chdebug.o
 .bss           0x0000000000000000        0x0 build/obj/chdebug.o
 .debug_info    0x0000000000000000       0x79 build/obj/chdebug.o
 .debug_abbrev  0x0000000000000000       0x26 build/obj/chdebug.o
 .debug_aranges
                0x0000000000000000       0x18 build/obj/chdebug.o
 .debug_line    0x0000000000000000       0x1d build/obj/chdebug.o
 .debug_str     0x0000000000000000      0x207 build/obj/chdebug.o
 .comment       0x0000000000000000       0x71 build/obj/chdebug.o
 .ARM.attributes
                0x0000000000000000       0x37 build/obj/chdebug.o
 .text          0x0000000000000000        0x0 build/obj/chlists.o
 .data          0x0000000000000000        0x0 build/obj/chlists.o
 .bss           0x0000000000000000        0x0 build/obj/chlists.o
 .debug_info    0x0000000000000000       0x79 build/obj/chlists.o
 .debug_abbrev  0x0000000000000000       0x26 build/obj/chlists.o
 .debug_aranges
                0x0000000000000000       0x18 build/obj/chlists.o
 .debug_line    0x0000000000000000       0x1d build/obj/chlists.o
 .debug_str     0x0000000000000000      0x207 build/obj/chlists.o
 .comment       0x0000000000000000       0x71 build/obj/chlists.o
 .ARM.attributes
                0x0000000000000000       0x37 build/obj/chlists.o
 .text          0x0000000000000000        0x0 build/obj/chvt.o
 .data          0x0000000000000000        0x0 build/obj/chvt.o
 .bss           0x0000000000000000        0x0 build/obj/chvt.o
 .text          0x0000000000000000        0x0 build/obj/chschd.o
 .data          0x0000000000000000        0x0 build/obj/chschd.o
 .bss           0x0000000000000000        0x0 build/obj/chschd.o
 .text          0x0000000000000000        0x0 build/obj/chthreads.o
 .data          0x0000000000000000        0x0 build/obj/chthreads.o
 .bss           0x0000000000000000        0x0 build/obj/chthreads.o
 .text.chThdSetPriority
                0x0000000000000000       0x30 build/obj/chthreads.o
 .text.chThdResume
                0x0000000000000000       0x20 build/obj/chthreads.o
 .text.chThdTerminate
                0x0000000000000000       0x20 build/obj/chthreads.o
 .text.chThdSleepUntil
                0x0000000000000000       0x30 build/obj/chthreads.o
 .text.chThdYield
                0x0000000000000000       0x30 build/obj/chthreads.o
 .text.chThdWait
                0x0000000000000000       0x40 build/obj/chthreads.o
 .text          0x0000000000000000        0x0 build/obj/chdynamic.o
 .data          0x0000000000000000        0x0 build/obj/chdynamic.o
 .bss           0x0000000000000000        0x0 build/obj/chdynamic.o
 .text.chThdAddRef
                0x0000000000000000       0x20 build/obj/chdynamic.o
 .text.chThdRelease
                0x0000000000000000       0x50 build/obj/chdynamic.o
 .text.chThdCreateFromHeap
                0x0000000000000000       0x40 build/obj/chdynamic.o
 .text.chThdCreateFromMemoryPool
                0x0000000000000000       0x40 build/obj/chdynamic.o
 .debug_info    0x0000000000000000      0x930 build/obj/chdynamic.o
 .debug_abbrev  0x0000000000000000      0x22b build/obj/chdynamic.o
 .debug_loc     0x0000000000000000      0x1d4 build/obj/chdynamic.o
 .debug_aranges
[...]
Memory Configuration

Name             Origin             Length             Attributes
flash            0x0000000008010000 0x0000000000070000
ram              0x0000000020000000 0x000000000001c000
ethram           0x000000002001c000 0x0000000000004000
ccmram           0x0000000010000000 0x0000000000010000
*default*        0x0000000000000000 0xffffffffffffffff

Linker script and memory map

LOAD build/obj/crt0.o
LOAD build/obj/vectors.o
LOAD build/obj/chcore.o
LOAD build/obj/chcore_v7m.o
LOAD build/obj/nvic.o
LOAD build/obj/chsys.o
LOAD build/obj/chdebug.o
LOAD build/obj/chlists.o
LOAD build/obj/chvt.o
LOAD build/obj/chschd.o
LOAD build/obj/chthreads.o
LOAD build/obj/chdynamic.o
LOAD build/obj/chregistry.o
LOAD build/obj/chsem.o
LOAD build/obj/chmtx.o
LOAD build/obj/chcond.o
LOAD build/obj/chevents.o
LOAD build/obj/chmsg.o
LOAD build/obj/chmboxes.o
LOAD build/obj/chqueues.o
LOAD build/obj/chmemcore.o
LOAD build/obj/chheap.o
LOAD build/obj/chmempools.o
LOAD build/obj/hal.o
LOAD build/obj/adc.o
LOAD build/obj/can.o
LOAD build/obj/dac.o
LOAD build/obj/ext.o
LOAD build/obj/gpt.o
LOAD build/obj/i2c.o
LOAD build/obj/icu.o
LOAD build/obj/mac.o
LOAD build/obj/mmc_spi.o
LOAD build/obj/mmcsd.o
LOAD build/obj/pal.o
LOAD build/obj/pwm.o
LOAD build/obj/rtc.o
LOAD build/obj/sdc.o
LOAD build/obj/serial.o
LOAD build/obj/serial_usb.o
LOAD build/obj/spi.o
LOAD build/obj/tm.o
LOAD build/obj/uart.o
LOAD build/obj/usb.o
LOAD build/obj/stm32_dma.o
LOAD build/obj/hal_lld.o
LOAD build/obj/adc_lld.o
LOAD build/obj/ext_lld_isr.o
LOAD build/obj/can_lld.o
LOAD build/obj/ext_lld.o
LOAD build/obj/mac_lld.o
LOAD build/obj/sdc_lld.o
LOAD build/obj/pal_lld.o
LOAD build/obj/i2c_lld.o
LOAD build/obj/usb_lld.o
LOAD build/obj/rtc_lld.o
LOAD build/obj/spi_lld.o
LOAD build/obj/gpt_lld.o
LOAD build/obj/icu_lld.o
LOAD build/obj/pwm_lld.o
LOAD build/obj/serial_lld.o
LOAD build/obj/uart_lld.o
LOAD build/obj/board.o
LOAD build/obj/fatfs_diskio.o
LOAD build/obj/fatfs_syscall.o
LOAD build/obj/ff.o
LOAD build/obj/ccsbcs.o
LOAD build/obj/chprintf.o
LOAD build/obj/Aithon.o
LOAD build/obj/aithon_private.o
LOAD build/obj/analog.o
LOAD build/obj/digital.o
LOAD build/obj/ee.o
LOAD build/obj/flash_if.o
LOAD build/obj/imu.o
LOAD build/obj/lcd.o
LOAD build/obj/motor.o
LOAD build/obj/music.o
LOAD build/obj/sd.o
LOAD build/obj/servos.o
LOAD build/obj/stm_flash.o
LOAD build/obj/usbCDC.o
LOAD build/obj/main.o
START GROUP
LOAD /usr/bin/../lib/gcc/arm-none-eabi/4.8.3/armv7e-m/libgcc.a
LOAD /usr/bin/../lib/gcc/arm-none-eabi/4.8.3/../../../../arm-none-eabi/lib/armv7e-m/libc.a
END GROUP
                0x0000000000000400                __main_stack_size__ = 0x400
                0x0000000000000400                __process_stack_size__ = 0x400
                0x0000000020000000                __ram_start__ = ORIGIN (ram)
                0x000000000001c000                __ram_size__ = 0x1c000
                0x000000002001c000                __ram_end__ = (__ram_start__ + __ram_size__)
                0x0000000000000000                . = 0x0
                0x0000000000000000                _text = .

startup         0x0000000008010000      0x188
 *(vectors)
 vectors        0x0000000008010000      0x188 build/obj/vectors.o
                0x0000000008010000                _vectors

constructors    0x0000000008010188        0x0
                0x0000000008010188                PROVIDE (__init_array_start, .)
 *(SORT(.init_array.*))
 *(.init_array)
                0x0000000008010188                PROVIDE (__init_array_end, .)

destructors     0x0000000008010188        0x0
                0x0000000008010188                PROVIDE (__fini_array_start, .)
 *(.fini_array)
 *(SORT(.fini_array.*))
                0x0000000008010188                PROVIDE (__fini_array_end, .)

.text           0x0000000008010190     0x5830
 *(.text.startup.*)
 .text.startup.main
                0x0000000008010190       0x30 build/obj/main.o
                0x0000000008010190                main
 *(.text)
 *(.text.*)
 .text.ResetHandler
                0x00000000080101c0      0x130 build/obj/crt0.o
                0x00000000080101c0                ResetHandler
 .text._unhandled_exception
                0x00000000080102f0       0x10 build/obj/vectors.o
                0x00000000080102f0                Vector58
                0x00000000080102f0                VectorE8
                0x00000000080102f0                Vector9C
                0x00000000080102f0                Vector5C
                0x00000000080102f0                NMIVector
                0x00000000080102f0                Vector11C
                0x00000000080102f0                Vector8C
                0x00000000080102f0                VectorDC
                0x00000000080102f0                Vector168
                0x00000000080102f0                Vector110
                0x00000000080102f0                VectorC8
                0x00000000080102f0                Vector94
                0x00000000080102f0                VectorA8
                0x00000000080102f0                Vector160
                0x00000000080102f0                VectorEC
                0x00000000080102f0                UsageFaultVector
                0x00000000080102f0                DebugMonitorVector
                0x00000000080102f0                Vector40
                0x00000000080102f0                Vector108
                0x00000000080102f0                Vector148
                0x00000000080102f0                PendSVVector
                0x00000000080102f0                Vector118
                0x00000000080102f0                Vector64
                0x00000000080102f0                VectorCC
                0x00000000080102f0                Vector54
                0x00000000080102f0                Vector98
                0x00000000080102f0                Vector138
                0x00000000080102f0                Vector24
                0x00000000080102f0                Vector178
                0x00000000080102f0                BusFaultVector
                0x00000000080102f0                VectorD0
                0x00000000080102f0                Vector140
                0x00000000080102f0                VectorE4
                0x00000000080102f0                HardFaultVector
                0x00000000080102f0                Vector134
                0x00000000080102f0                Vector13C
                0x00000000080102f0                Vector100
                0x00000000080102f0                VectorE0
                0x00000000080102f0                VectorF4
                0x00000000080102f0                MemManageVector
                0x00000000080102f0                VectorC4
                0x00000000080102f0                Vector180
                0x00000000080102f0                Vector90
                0x00000000080102f0                Vector114
                0x00000000080102f0                Vector164
                0x00000000080102f0                Vector60
                0x00000000080102f0                Vector1C
                0x00000000080102f0                Vector17C
                0x00000000080102f0                Vector48
                0x00000000080102f0                Vector16C
                0x00000000080102f0                Vector4C
                0x00000000080102f0                Vector144
                0x00000000080102f0                Vector15C
                0x00000000080102f0                Vector68
                0x00000000080102f0                _unhandled_exception
                0x00000000080102f0                Vector170
                0x00000000080102f0                Vector104
                0x00000000080102f0                Vector184
                0x00000000080102f0                Vector10C
                0x00000000080102f0                Vector50
                0x00000000080102f0                Vector44
                0x00000000080102f0                Vector28
                0x00000000080102f0                Vector34
                0x00000000080102f0                Vector20
                0x00000000080102f0                Vector174
 .text.port_halt
                0x0000000008010300       0x10 build/obj/chcore.o
                0x0000000008010300                port_halt
 .text._port_switch_from_isr
                0x0000000008010310       0x10 build/obj/chcore_v7m.o
                0x0000000008010310                _port_switch_from_isr
 .text.SVCallVector
                0x0000000008010320       0x30 build/obj/chcore_v7m.o
                0x0000000008010320                SVCallVector
 .text._port_init
                0x0000000008010350       0x40 build/obj/chcore_v7m.o
                0x0000000008010350                _port_init
 .text._port_irq_epilogue
                0x0000000008010390       0x90 build/obj/chcore_v7m.o
                0x0000000008010390                _port_irq_epilogue
 .text.SysTickVector
                0x0000000008010420       0x20 build/obj/chcore_v7m.o
                0x0000000008010420                SysTickVector
 .text._port_switch
                0x0000000008010440       0x20 build/obj/chcore_v7m.o
                0x0000000008010440                _port_switch
 .text._port_thread_start
                0x0000000008010460       0x10 build/obj/chcore_v7m.o
                0x0000000008010460                _port_thread_start
 .text.nvicEnableVector
                0x0000000008010470       0x50 build/obj/nvic.o
                0x0000000008010470                nvicEnableVector
 .text.nvicDisableVector
                0x00000000080104c0       0x50 build/obj/nvic.o
                0x00000000080104c0                nvicDisableVector
 .text.nvicSetSystemHandlerPriority
                0x0000000008010510       0x30 build/obj/nvic.o
                0x0000000008010510                nvicSetSystemHandlerPriority
 .text._idle_thread
                0x0000000008010540       0x20 build/obj/chsys.o
                0x0000000008010540                _idle_thread
 .text.chSysInit
                0x0000000008010560       0x70 build/obj/chsys.o
                0x0000000008010560                chSysInit
 .text.chSysTimerHandlerI
                0x00000000080105d0       0x60 build/obj/chsys.o
                0x00000000080105d0                chSysTimerHandlerI
 .text._vt_init
                0x0000000008010630       0x20 build/obj/chvt.o
                0x0000000008010630                _vt_init
 .text.chVTSetI
                0x0000000008010650       0x40 build/obj/chvt.o
                0x0000000008010650                chVTSetI
 .text.chVTResetI
                0x0000000008010690       0x30 build/obj/chvt.o
                0x0000000008010690                chVTResetI
 .text.wakeup   0x00000000080106c0       0x70 build/obj/chschd.o
 .text._scheduler_init
                0x0000000008010730       0x20 build/obj/chschd.o
                0x0000000008010730                _scheduler_init
 .text.chSchReadyI
                0x0000000008010750       0x30 build/obj/chschd.o
                0x0000000008010750                chSchReadyI
 .text.chSchGoSleepS
                0x0000000008010780       0x30 build/obj/chschd.o
                0x0000000008010780                chSchGoSleepS
 .text.chSchGoSleepTimeoutS
                0x00000000080107b0       0x50 build/obj/chschd.o
                0x00000000080107b0                chSchGoSleepTimeoutS
 .text.chSchWakeupS
                0x0000000008010800       0x60 build/obj/chschd.o
                0x0000000008010800                chSchWakeupS
 .text.chSchDoRescheduleBehind
                0x0000000008010860       0x40 build/obj/chschd.o
                0x0000000008010860                chSchDoRescheduleBehind
 .text.chSchDoRescheduleAhead
                0x00000000080108a0       0x40 build/obj/chschd.o
                0x00000000080108a0                chSchDoRescheduleAhead
 .text.chSchRescheduleS
                0x00000000080108e0       0x20 build/obj/chschd.o
                0x00000000080108e0                chSchRescheduleS
 .text.chSchDoReschedule
                0x0000000008010900       0x20 build/obj/chschd.o
                0x0000000008010900                chSchDoReschedule
 .text._thread_init
                0x0000000008010920       0x50 build/obj/chthreads.o
                0x0000000008010920                _thread_init
 .text.chThdCreateI
                0x0000000008010970       0x70 build/obj/chthreads.o
                0x0000000008010970                chThdCreateI
 .text.chThdCreateStatic
                0x00000000080109e0       0x90 build/obj/chthreads.o
                0x00000000080109e0                chThdCreateStatic
 .text.chThdSleep
                0x0000000008010a70       0x20 build/obj/chthreads.o
                0x0000000008010a70                chThdSleep
 .text.chThdExitS
                0x0000000008010a90       0x40 build/obj/chthreads.o
                0x0000000008010a90                chThdExitS
 .text.chThdExit
                0x0000000008010ad0       0x10 build/obj/chthreads.o
                0x0000000008010ad0                chThdExit
 .text.chMtxInit
                0x0000000008010ae0       0x10 build/obj/chmtx.o
                0x0000000008010ae0                chMtxInit
 .text.chMtxLockS
                0x0000000008010af0       0xd0 build/obj/chmtx.o
                0x0000000008010af0                chMtxLockS
 .text.chMtxLock
                0x0000000008010bc0       0x20 build/obj/chmtx.o
                0x0000000008010bc0                chMtxLock
 .text.chMtxUnlock
                0x0000000008010be0       0x70 build/obj/chmtx.o
                0x0000000008010be0                chMtxUnlock
 .text.chEvtSignalI
                0x0000000008010c50       0x30 build/obj/chevents.o
                0x0000000008010c50                chEvtSignalI
 .text.chEvtBroadcastFlagsI
                0x0000000008010c80       0x20 build/obj/chevents.o
                0x0000000008010c80                chEvtBroadcastFlagsI
 .text.chEvtSignal
                0x0000000008010ca0       0x20 build/obj/chevents.o
                0x0000000008010ca0                chEvtSignal
 .text.chEvtWaitAny
                0x0000000008010cc0       0x40 build/obj/chevents.o
                0x0000000008010cc0                chEvtWaitAny
 .text.chMsgWait
                0x0000000008010d00       0x40 build/obj/chmsg.o
                0x0000000008010d00                chMsgWait
 .text.chMsgRelease
                0x0000000008010d40       0x20 build/obj/chmsg.o
                0x0000000008010d40                chMsgRelease
 .text.qwait    0x0000000008010d60       0x30 build/obj/chqueues.o
 .text.chIQInit
                0x0000000008010d90       0x20 build/obj/chqueues.o
                0x0000000008010d90                chIQInit
 .text.chIQResetI
                0x0000000008010db0       0x30 build/obj/chqueues.o
                0x0000000008010db0                chIQResetI
 .text.chIQPutI
                0x0000000008010de0       0x50 build/obj/chqueues.o
                0x0000000008010de0                chIQPutI
 .text.chIQGetTimeout
                0x0000000008010e30       0x50 build/obj/chqueues.o
                0x0000000008010e30                chIQGetTimeout
 .text.chIQReadTimeout
                0x0000000008010e80       0x80 build/obj/chqueues.o
                0x0000000008010e80                chIQReadTimeout
 .text.chOQInit
                0x0000000008010f00       0x20 build/obj/chqueues.o
                0x0000000008010f00                chOQInit
 .text.chOQResetI
                0x0000000008010f20       0x30 build/obj/chqueues.o
                0x0000000008010f20                chOQResetI
 .text.chOQPutTimeout
                0x0000000008010f50       0x60 build/obj/chqueues.o
                0x0000000008010f50                chOQPutTimeout
 .text.chOQGetI
                0x0000000008010fb0       0x50 build/obj/chqueues.o
                0x0000000008010fb0                chOQGetI
 .text.chOQWriteTimeout
                0x0000000008011000       0x80 build/obj/chqueues.o
                0x0000000008011000                chOQWriteTimeout
 .text._core_init
                0x0000000008011080       0x30 build/obj/chmemcore.o
                0x0000000008011080                _core_init
 .text.chCoreAlloc
                0x00000000080110b0       0x40 build/obj/chmemcore.o
                0x00000000080110b0                chCoreAlloc
 .text._heap_init
                0x00000000080110f0       0x20 build/obj/chheap.o
                0x00000000080110f0                _heap_init
 .text.halInit  0x0000000008011110       0x40 build/obj/hal.o
                0x0000000008011110                halInit
 .text.halPolledDelay
                0x0000000008011150       0x40 build/obj/hal.o
                0x0000000008011150                halPolledDelay
 .text.adcInit  0x0000000008011190       0x10 build/obj/adc.o
                0x0000000008011190                adcInit
 .text.adcObjectInit
                0x00000000080111a0       0x20 build/obj/adc.o
                0x00000000080111a0                adcObjectInit
 .text.adcStart
                0x00000000080111c0       0x20 build/obj/adc.o
                0x00000000080111c0                adcStart
 .text.adcStartConversion
                0x00000000080111e0       0x20 build/obj/adc.o
                0x00000000080111e0                adcStartConversion
 .text.i2cInit  0x0000000008011200       0x10 build/obj/i2c.o
                0x0000000008011200                i2cInit
 .text.i2cObjectInit
                0x0000000008011210       0x10 build/obj/i2c.o
                0x0000000008011210                i2cObjectInit
 .text.i2cStart
                0x0000000008011220       0x20 build/obj/i2c.o
                0x0000000008011220                i2cStart
 .text.i2cMasterTransmitTimeout
                0x0000000008011240       0x50 build/obj/i2c.o
                0x0000000008011240                i2cMasterTransmitTimeout
 .text.mmcInit  0x0000000008011290       0x10 build/obj/mmc_spi.o
                0x0000000008011290                mmcInit
 .text.pwmInit  0x00000000080112a0       0x10 build/obj/pwm.o
                0x00000000080112a0                pwmInit
 .text.pwmObjectInit
                0x00000000080112b0       0x10 build/obj/pwm.o
                0x00000000080112b0                pwmObjectInit
 .text.pwmStart
                0x00000000080112c0       0x20 build/obj/pwm.o
                0x00000000080112c0                pwmStart
 .text.pwmStop  0x00000000080112e0       0x20 build/obj/pwm.o
                0x00000000080112e0                pwmStop
 .text.pwmEnableChannel
                0x0000000008011300       0x20 build/obj/pwm.o
                0x0000000008011300                pwmEnableChannel
 .text.pwmDisableChannel
                0x0000000008011320       0x20 build/obj/pwm.o
                0x0000000008011320                pwmDisableChannel
 .text.readt    0x0000000008011340       0x10 build/obj/serial.o
 .text.read     0x0000000008011350       0x10 build/obj/serial.o
 .text.writet   0x0000000008011360       0x10 build/obj/serial.o
 .text.write    0x0000000008011370       0x10 build/obj/serial.o
 .text.gett     0x0000000008011380       0x10 build/obj/serial.o
 .text.get      0x0000000008011390       0x10 build/obj/serial.o
 .text.putt     0x00000000080113a0       0x10 build/obj/serial.o
 .text.put      0x00000000080113b0       0x10 build/obj/serial.o
 .text.sdInit   0x00000000080113c0       0x10 build/obj/serial.o
                0x00000000080113c0                sdInit
 .text.sdObjectInit
                0x00000000080113d0       0x40 build/obj/serial.o
                0x00000000080113d0                sdObjectInit
 .text.sdStart  0x0000000008011410       0x20 build/obj/serial.o
                0x0000000008011410                sdStart
 .text.sdIncomingDataI
                0x0000000008011430       0x40 build/obj/serial.o
                0x0000000008011430                sdIncomingDataI
 .text.onotify  0x0000000008011470       0x60 build/obj/serial_usb.o
 .text.inotify  0x00000000080114d0       0x70 build/obj/serial_usb.o
 .text.readt    0x0000000008011540       0x10 build/obj/serial_usb.o
 .text.read     0x0000000008011550       0x10 build/obj/serial_usb.o
 .text.writet   0x0000000008011560       0x10 build/obj/serial_usb.o
 .text.write    0x0000000008011570       0x10 build/obj/serial_usb.o
 .text.gett     0x0000000008011580       0x10 build/obj/serial_usb.o
 .text.get      0x0000000008011590       0x10 build/obj/serial_usb.o
 .text.putt     0x00000000080115a0       0x10 build/obj/serial_usb.o
 .text.put      0x00000000080115b0       0x10 build/obj/serial_usb.o
 .text.sduInit  0x00000000080115c0       0x10 build/obj/serial_usb.o
                0x00000000080115c0                sduInit
 .text.sduObjectInit
                0x00000000080115d0       0x50 build/obj/serial_usb.o
                0x00000000080115d0                sduObjectInit
 .text.sduStart
                0x0000000008011620       0x40 build/obj/serial_usb.o
                0x0000000008011620                sduStart
 .text.sduStop  0x0000000008011660       0x60 build/obj/serial_usb.o
                0x0000000008011660                sduStop
 .text.sduConfigureHookI
                0x00000000080116c0       0x50 build/obj/serial_usb.o
                0x00000000080116c0                sduConfigureHookI
 .text.sduRequestsHook
                0x0000000008011710       0x40 build/obj/serial_usb.o
                0x0000000008011710                sduRequestsHook
 .text.sduDataTransmitted
                0x0000000008011750       0x80 build/obj/serial_usb.o
                0x0000000008011750                sduDataTransmitted
 .text.sduDataReceived
                0x00000000080117d0       0x70 build/obj/serial_usb.o
                0x00000000080117d0                sduDataReceived
 .text.sduInterruptTransmitted
                0x0000000008011840       0x10 build/obj/serial_usb.o
                0x0000000008011840                sduInterruptTransmitted
 .text.spiInit  0x0000000008011850       0x10 build/obj/spi.o
                0x0000000008011850                spiInit
 .text.spiObjectInit
                0x0000000008011860       0x10 build/obj/spi.o
                0x0000000008011860                spiObjectInit
 .text.tm_start
                0x0000000008011870       0x10 build/obj/tm.o
 .text.tm_stop  0x0000000008011880       0x40 build/obj/tm.o
 .text.tmInit   0x00000000080118c0       0x40 build/obj/tm.o
                0x00000000080118c0                tmInit
 .text.usbInit  0x0000000008011900       0x10 build/obj/usb.o
                0x0000000008011900                usbInit
 .text.usbObjectInit
                0x0000000008011910       0x20 build/obj/usb.o
                0x0000000008011910                usbObjectInit
 .text.usbStart
                0x0000000008011930       0x30 build/obj/usb.o
                0x0000000008011930                usbStart
 .text.usbStop  0x0000000008011960       0x20 build/obj/usb.o
                0x0000000008011960                usbStop
 .text.usbInitEndpointI
                0x0000000008011980       0x40 build/obj/usb.o
                0x0000000008011980                usbInitEndpointI
 .text.usbPrepareQueuedReceive
                0x00000000080119c0       0x20 build/obj/usb.o
                0x00000000080119c0                usbPrepareQueuedReceive
 .text.usbPrepareQueuedTransmit
                0x00000000080119e0       0x20 build/obj/usb.o
                0x00000000080119e0                usbPrepareQueuedTransmit
 .text.usbStartReceiveI
                0x0000000008011a00       0x30 build/obj/usb.o
                0x0000000008011a00                usbStartReceiveI
 .text.usbStartTransmitI
                0x0000000008011a30       0x30 build/obj/usb.o
                0x0000000008011a30                usbStartTransmitI
 .text._usb_reset
                0x0000000008011a60       0x30 build/obj/usb.o
                0x0000000008011a60                _usb_reset
 .text._usb_ep0setup
                0x0000000008011a90      0x320 build/obj/usb.o
                0x0000000008011a90                _usb_ep0setup
 .text._usb_ep0in
                0x0000000008011db0       0xd0 build/obj/usb.o
                0x0000000008011db0                _usb_ep0in
 .text._usb_ep0out
                0x0000000008011e80       0x80 build/obj/usb.o
                0x0000000008011e80                _usb_ep0out
 .text.Vector6C
                0x0000000008011f00       0x30 build/obj/stm32_dma.o
                0x0000000008011f00                Vector6C
 .text.Vector70
                0x0000000008011f30       0x30 build/obj/stm32_dma.o
                0x0000000008011f30                Vector70
 .text.Vector74
                0x0000000008011f60       0x30 build/obj/stm32_dma.o
                0x0000000008011f60                Vector74
 .text.Vector78
                0x0000000008011f90       0x30 build/obj/stm32_dma.o
                0x0000000008011f90                Vector78
 .text.Vector7C
                0x0000000008011fc0       0x30 build/obj/stm32_dma.o
                0x0000000008011fc0                Vector7C
 .text.Vector80
                0x0000000008011ff0       0x30 build/obj/stm32_dma.o
                0x0000000008011ff0                Vector80
 .text.Vector84
                0x0000000008012020       0x30 build/obj/stm32_dma.o
                0x0000000008012020                Vector84
 .text.VectorFC
                0x0000000008012050       0x30 build/obj/stm32_dma.o
                0x0000000008012050                VectorFC
 .text.Vector120
                0x0000000008012080       0x30 build/obj/stm32_dma.o
                0x0000000008012080                Vector120
 .text.Vector124
                0x00000000080120b0       0x30 build/obj/stm32_dma.o
                0x00000000080120b0                Vector124
 .text.Vector128
                0x00000000080120e0       0x30 build/obj/stm32_dma.o
                0x00000000080120e0                Vector128
 .text.Vector12C
                0x0000000008012110       0x30 build/obj/stm32_dma.o
                0x0000000008012110                Vector12C
 .text.Vector130
                0x0000000008012140       0x30 build/obj/stm32_dma.o
                0x0000000008012140                Vector130
 .text.Vector150
                0x0000000008012170       0x30 build/obj/stm32_dma.o
                0x0000000008012170                Vector150
 .text.Vector154
                0x00000000080121a0       0x30 build/obj/stm32_dma.o
                0x00000000080121a0                Vector154
 .text.Vector158
                0x00000000080121d0       0x30 build/obj/stm32_dma.o
                0x00000000080121d0                Vector158
 .text.dmaInit  0x0000000008012200       0x50 build/obj/stm32_dma.o
                0x0000000008012200                dmaInit
 .text.dmaStreamAllocate
                0x0000000008012250       0xa0 build/obj/stm32_dma.o
                0x0000000008012250                dmaStreamAllocate
 .text.hal_lld_init
                0x00000000080122f0       0xa0 build/obj/hal_lld.o
                0x00000000080122f0                hal_lld_init
 .text.stm32_clock_init
                0x0000000008012390       0xd0 build/obj/hal_lld.o
                0x0000000008012390                stm32_clock_init
 .text.adc_lld_init
                0x0000000008012460       0x80 build/obj/adc_lld.o
                0x0000000008012460                adc_lld_init
 .text.adc_lld_start
                0x00000000080124e0       0xc0 build/obj/adc_lld.o
                0x00000000080124e0                adc_lld_start
 .text.adc_lld_start_conversion
                0x00000000080125a0       0x90 build/obj/adc_lld.o
                0x00000000080125a0                adc_lld_start_conversion
 .text.adc_lld_stop_conversion
                0x0000000008012630       0x40 build/obj/adc_lld.o
                0x0000000008012630                adc_lld_stop_conversion
 .text.Vector88
                0x0000000008012670      0x150 build/obj/adc_lld.o
                0x0000000008012670                Vector88
 .text.adc_lld_serve_rx_interrupt
                0x00000000080127c0       0xe0 build/obj/adc_lld.o
 .text._pal_lld_init
                0x00000000080128a0      0x1c0 build/obj/pal_lld.o
                0x00000000080128a0                _pal_lld_init
 .text.i2c_lld_abort_operation
                0x0000000008012a60       0x60 build/obj/i2c_lld.o
 .text.i2c_lld_safety_timeout
                0x0000000008012ac0       0x30 build/obj/i2c_lld.o
 .text.i2c_lld_serve_tx_end_irq
                0x0000000008012af0       0x40 build/obj/i2c_lld.o
 .text.i2c_lld_serve_rx_end_irq
                0x0000000008012b30       0x70 build/obj/i2c_lld.o
 .text.VectorBC
                0x0000000008012ba0      0x120 build/obj/i2c_lld.o
                0x0000000008012ba0                VectorBC
 .text.VectorC0
                0x0000000008012cc0       0xf0 build/obj/i2c_lld.o
                0x0000000008012cc0                VectorC0
 .text.i2c_lld_init
                0x0000000008012db0       0x30 build/obj/i2c_lld.o
                0x0000000008012db0                i2c_lld_init
 .text.i2c_lld_start
                0x0000000008012de0      0x180 build/obj/i2c_lld.o
                0x0000000008012de0                i2c_lld_start
 .text.i2c_lld_master_transmit_timeout
                0x0000000008012f60      0x100 build/obj/i2c_lld.o
                0x0000000008012f60                i2c_lld_master_transmit_timeout
 .text.otg_epout_handler
                0x0000000008013060       0x60 build/obj/usb_lld.o
 .text.otg_epin_handler
                0x00000000080130c0       0x80 build/obj/usb_lld.o
 .text.usb_lld_pump
                0x0000000008013140      0x360 build/obj/usb_lld.o
 .text.otg_disable_ep.isra.0
                0x00000000080134a0       0x80 build/obj/usb_lld.o
 .text.Vector14C
                0x0000000008013520      0x110 build/obj/usb_lld.o
                0x0000000008013520                Vector14C
 .text.usb_lld_init
                0x0000000008013630       0x30 build/obj/usb_lld.o
                0x0000000008013630                usb_lld_init
 .text.usb_lld_start
                0x0000000008013660       0xe0 build/obj/usb_lld.o
                0x0000000008013660                usb_lld_start
 .text.usb_lld_stop
                0x0000000008013740       0x30 build/obj/usb_lld.o
                0x0000000008013740                usb_lld_stop
 .text.usb_lld_reset
                0x0000000008013770       0xc0 build/obj/usb_lld.o
                0x0000000008013770                usb_lld_reset
 .text.usb_lld_set_address
                0x0000000008013830       0x20 build/obj/usb_lld.o
                0x0000000008013830                usb_lld_set_address
 .text.usb_lld_init_endpoint
                0x0000000008013850      0x170 build/obj/usb_lld.o
                0x0000000008013850                usb_lld_init_endpoint
 .text.usb_lld_get_status_out
                0x00000000080139c0       0x20 build/obj/usb_lld.o
                0x00000000080139c0                usb_lld_get_status_out
 .text.usb_lld_get_status_in
                0x00000000080139e0       0x20 build/obj/usb_lld.o
                0x00000000080139e0                usb_lld_get_status_in
 .text.usb_lld_read_setup
                0x0000000008013a00       0x20 build/obj/usb_lld.o
                0x0000000008013a00                usb_lld_read_setup
 .text.usb_lld_prepare_receive
                0x0000000008013a20       0x30 build/obj/usb_lld.o
                0x0000000008013a20                usb_lld_prepare_receive
 .text.usb_lld_prepare_transmit
                0x0000000008013a50       0x40 build/obj/usb_lld.o
                0x0000000008013a50                usb_lld_prepare_transmit
 .text.usb_lld_start_out
                0x0000000008013a90       0x20 build/obj/usb_lld.o
                0x0000000008013a90                usb_lld_start_out
 .text.usb_lld_start_in
                0x0000000008013ab0       0x30 build/obj/usb_lld.o
                0x0000000008013ab0                usb_lld_start_in
 .text.usb_lld_stall_out
                0x0000000008013ae0       0x20 build/obj/usb_lld.o
                0x0000000008013ae0                usb_lld_stall_out
 .text.usb_lld_stall_in
                0x0000000008013b00       0x20 build/obj/usb_lld.o
                0x0000000008013b00                usb_lld_stall_in
 .text.usb_lld_clear_out
                0x0000000008013b20       0x20 build/obj/usb_lld.o
                0x0000000008013b20                usb_lld_clear_out
 .text.usb_lld_clear_in
                0x0000000008013b40       0x20 build/obj/usb_lld.o
                0x0000000008013b40                usb_lld_clear_in
 .text.spi_lld_init
                0x0000000008013b60       0x70 build/obj/spi_lld.o
                0x0000000008013b60                spi_lld_init
 .text.pwm_lld_serve_interrupt
                0x0000000008013bd0       0x60 build/obj/pwm_lld.o
 .text.VectorA4
                0x0000000008013c30       0x30 build/obj/pwm_lld.o
                0x0000000008013c30                VectorA4
 .text.VectorAC
                0x0000000008013c60       0x60 build/obj/pwm_lld.o
                0x0000000008013c60                VectorAC
 .text.VectorB0
                0x0000000008013cc0       0x20 build/obj/pwm_lld.o
                0x0000000008013cc0                VectorB0
 .text.VectorB4
                0x0000000008013ce0       0x20 build/obj/pwm_lld.o
                0x0000000008013ce0                VectorB4
 .text.VectorB8
                0x0000000008013d00       0x20 build/obj/pwm_lld.o
                0x0000000008013d00                VectorB8
 .text.VectorF0
                0x0000000008013d20       0x30 build/obj/pwm_lld.o
                0x0000000008013d20                VectorF0
 .text.VectorF8
                0x0000000008013d50       0x60 build/obj/pwm_lld.o
                0x0000000008013d50                VectorF8
 .text.VectorA0
                0x0000000008013db0       0x20 build/obj/pwm_lld.o
                0x0000000008013db0                VectorA0
 .text.pwm_lld_init
                0x0000000008013dd0       0x90 build/obj/pwm_lld.o
                0x0000000008013dd0                pwm_lld_init
 .text.pwm_lld_start
                0x0000000008013e60      0x280 build/obj/pwm_lld.o
                0x0000000008013e60                pwm_lld_start
 .text.pwm_lld_stop
                0x00000000080140e0       0xd0 build/obj/pwm_lld.o
                0x00000000080140e0                pwm_lld_stop
 .text.pwm_lld_enable_channel
                0x00000000080141b0       0x40 build/obj/pwm_lld.o
                0x00000000080141b0                pwm_lld_enable_channel
 .text.pwm_lld_disable_channel
                0x00000000080141f0       0x20 build/obj/pwm_lld.o
                0x00000000080141f0                pwm_lld_disable_channel
 .text.notify1  0x0000000008014210       0x20 build/obj/serial_lld.o
 .text.notify2  0x0000000008014230       0x20 build/obj/serial_lld.o
 .text.serve_interrupt
                0x0000000008014250      0x100 build/obj/serial_lld.o
 .text.VectorD4
                0x0000000008014350       0x20 build/obj/serial_lld.o
                0x0000000008014350                VectorD4
 .text.VectorD8
                0x0000000008014370       0x20 build/obj/serial_lld.o
                0x0000000008014370                VectorD8
 .text.sd_lld_init
                0x0000000008014390       0x40 build/obj/serial_lld.o
                0x0000000008014390                sd_lld_init
 .text.sd_lld_start
                0x00000000080143d0       0xc0 build/obj/serial_lld.o
                0x00000000080143d0                sd_lld_start
 .text.__early_init
                0x0000000008014490       0x10 build/obj/board.o
                0x0000000008014490                __early_init
 .text.boardInit
                0x00000000080144a0       0x10 build/obj/board.o
                0x00000000080144a0                boardInit
 .text.long_to_string_with_divisor.constprop.0
                0x00000000080144b0       0x50 build/obj/chprintf.o
 .text.chvprintf
                0x0000000008014500      0x240 build/obj/chprintf.o
                0x0000000008014500                chvprintf
 .text.led_on   0x0000000008014740       0x30 build/obj/Aithon.o
                0x0000000008014740                led_on
 .text.led_off  0x0000000008014770       0x30 build/obj/Aithon.o
                0x0000000008014770                led_off
 .text.led_toggle
                0x00000000080147a0       0x30 build/obj/Aithon.o
                0x00000000080147a0                led_toggle
 .text._default_exit
                0x00000000080147d0       0x10 build/obj/aithon_private.o
                0x00000000080147d0                _default_exit
 .text._reset_to_bootloader
                0x00000000080147e0       0x30 build/obj/aithon_private.o
                0x00000000080147e0                _reset_to_bootloader
 .text.aithon_thread
                0x0000000008014810       0x20 build/obj/aithon_private.o
 .text._aithon_private_init
                0x0000000008014830       0x30 build/obj/aithon_private.o
                0x0000000008014830                _aithon_private_init
 .text.__late_init
                0x0000000008014860       0x60 build/obj/aithon_private.o
                0x0000000008014860                __late_init
 .text._analog_init
                0x00000000080148c0       0x30 build/obj/analog.o
                0x00000000080148c0                _analog_init
 .text._verifyAndWrite
                0x00000000080148f0       0xe0 build/obj/ee.o
                0x00000000080148f0                _verifyAndWrite
 .text._read    0x00000000080149d0       0x70 build/obj/ee.o
                0x00000000080149d0                _read
 .text._pageTransfer
                0x0000000008014a40       0xd0 build/obj/ee.o
                0x0000000008014a40                _pageTransfer
 .text._ee_init
                0x0000000008014b10      0x1a0 build/obj/ee.o
                0x0000000008014b10                _ee_init
 .text._write   0x0000000008014cb0       0x20 build/obj/ee.o
                0x0000000008014cb0                _write
 .text._ee_putReserved
                0x0000000008014cd0       0x10 build/obj/ee.o
                0x0000000008014cd0                _ee_putReserved
 .text._imu_write
                0x0000000008014ce0       0x30 build/obj/imu.o
                0x0000000008014ce0                _imu_write
 .text._imu_init
                0x0000000008014d10       0x40 build/obj/imu.o
                0x0000000008014d10                _imu_init
 .text._write_byte
                0x0000000008014d50       0x50 build/obj/lcd.o
                0x0000000008014d50                _write_byte
 .text.lcd_clear
                0x0000000008014da0       0x30 build/obj/lcd.o
                0x0000000008014da0                lcd_clear
 .text.lcd_on   0x0000000008014dd0       0x20 build/obj/lcd.o
                0x0000000008014dd0                lcd_on
 .text.lcd_off  0x0000000008014df0       0x20 build/obj/lcd.o
                0x0000000008014df0                lcd_off
 .text._lcd_init
                0x0000000008014e10       0xa0 build/obj/lcd.o
                0x0000000008014e10                _lcd_init
 .text.lcd_cursor
                0x0000000008014eb0       0x30 build/obj/lcd.o
                0x0000000008014eb0                lcd_cursor
 .text.lcd_printChar
                0x0000000008014ee0       0x30 build/obj/lcd.o
                0x0000000008014ee0                lcd_printChar
 .text._put     0x0000000008014f10       0x10 build/obj/lcd.o
 .text._motor_init
                0x0000000008014f20       0x10 build/obj/motor.o
                0x0000000008014f20                _motor_init
 .text._play_note.part.0
                0x0000000008014f30       0x80 build/obj/music.o
 .text.MusicThread
                0x0000000008014fb0       0x60 build/obj/music.o
 .text._music_init
                0x0000000008015010       0x40 build/obj/music.o
                0x0000000008015010                _music_init
 .text.servo_enableAll
                0x0000000008015050       0x30 build/obj/servos.o
                0x0000000008015050                servo_enableAll
 .text._servo_init
                0x0000000008015080       0x10 build/obj/servos.o
                0x0000000008015080                _servo_init
 .text.FLASH_Unlock
                0x0000000008015090       0x20 build/obj/stm_flash.o
                0x0000000008015090                FLASH_Unlock
 .text.FLASH_GetStatus
                0x00000000080150b0       0x40 build/obj/stm_flash.o
                0x00000000080150b0                FLASH_GetStatus
 .text.FLASH_WaitForLastOperation
                0x00000000080150f0       0x30 build/obj/stm_flash.o
                0x00000000080150f0                FLASH_WaitForLastOperation
 .text.FLASH_EraseSector
                0x0000000008015120       0x80 build/obj/stm_flash.o
                0x0000000008015120                FLASH_EraseSector
 .text.FLASH_ProgramHalfWord
                0x00000000080151a0       0x40 build/obj/stm_flash.o
                0x00000000080151a0                FLASH_ProgramHalfWord
 .text._get_descriptor
                0x00000000080151e0       0x40 build/obj/usbCDC.o
 .text._request_hook
                0x0000000008015220       0x70 build/obj/usbCDC.o
 .text._usb_event
                0x0000000008015290       0x40 build/obj/usbCDC.o
 .text._usbcdc_init
                0x00000000080152d0       0x50 build/obj/usbCDC.o
                0x00000000080152d0                _usbcdc_init
 .text._usb_stop
                0x0000000008015320       0x30 build/obj/usbCDC.o
                0x0000000008015320                _usb_stop
 .text.chprintf.constprop.0
                0x0000000008015350       0x30 build/obj/main.o
 .text.memset   0x0000000008015380       0x94 /usr/bin/../lib/gcc/arm-none-eabi/4.8.3/../../../../arm-none-eabi/lib/armv7e-m/libc.a(lib_a-memset.o)
                0x0000000008015380                memset
 *(.rodata)
 *(.rodata.*)
 *fill*         0x0000000008015414        0xc 
 .rodata.str1.4
                0x0000000008015420        0x5 build/obj/chsys.o
                                          0x8 (size before relaxing)
 *fill*         0x0000000008015425        0xb 
 .rodata.ch_debug
                0x0000000008015430       0x18 build/obj/chregistry.o
                0x0000000008015430                ch_debug
 *fill*         0x0000000008015448        0x8 
 .rodata.vmt    0x0000000008015450       0x20 build/obj/serial.o
 .rodata.vmt    0x0000000008015470       0x20 build/obj/serial_usb.o
 .rodata.zero_status
                0x0000000008015490        0x4 build/obj/usb.o
 *fill*         0x0000000008015494        0xc 
 .rodata.active_status
                0x00000000080154a0        0x4 build/obj/usb.o
 *fill*         0x00000000080154a4        0xc 
 .rodata.halted_status
                0x00000000080154b0        0x4 build/obj/usb.o
 *fill*         0x00000000080154b4        0xc 
 .rodata._stm32_dma_streams
                0x00000000080154c0       0xc0 build/obj/stm32_dma.o
                0x00000000080154c0                _stm32_dma_streams
 .rodata.fsparams
                0x0000000008015580        0xc build/obj/usb_lld.o
 *fill*         0x000000000801558c        0x4 
 .rodata.str1.4
                0x0000000008015590        0xd build/obj/usb_lld.o
                                         0x10 (size before relaxing)
 *fill*         0x000000000801559d        0x3 
 .rodata.ep0config
                0x00000000080155a0       0x24 build/obj/usb_lld.o
 *fill*         0x00000000080155c4        0xc 
 .rodata.default_config
                0x00000000080155d0        0xc build/obj/serial_lld.o
 *fill*         0x00000000080155dc        0x4 
 .rodata.pal_default_config
                0x00000000080155e0       0xfc build/obj/board.o
                0x00000000080155e0                pal_default_config
 *fill*         0x00000000080156dc        0x4 
 .rodata.str1.4
                0x00000000080156e0        0x7 build/obj/chprintf.o
                                          0x8 (size before relaxing)
 *fill*         0x00000000080156e7        0x9 
 .rodata._config
                0x00000000080156f0       0x28 build/obj/analog.o
 *fill*         0x0000000008015718        0x8 
 .rodata.imu_config
                0x0000000008015720        0xc build/obj/imu.o
 *fill*         0x000000000801572c        0x4 
 .rodata.pwmcfg1
                0x0000000008015730       0x38 build/obj/motor.o
 *fill*         0x0000000008015768        0x8 
 .rodata._pwmcfg4
                0x0000000008015770       0x38 build/obj/servos.o
 *fill*         0x00000000080157a8        0x8 
 .rodata._pwmcfg8
                0x00000000080157b0       0x38 build/obj/servos.o
 *fill*         0x00000000080157e8        0x8 
 .rodata.ep1config
                0x00000000080157f0       0x24 build/obj/usbCDC.o
 *fill*         0x0000000008015814        0xc 
 .rodata._vcom_string0
                0x0000000008015820        0x4 build/obj/usbCDC.o
 *fill*         0x0000000008015824        0xc 
 .rodata.ep2config
                0x0000000008015830       0x24 build/obj/usbCDC.o
 *fill*         0x0000000008015854        0xc 
 .rodata._vcom_string3
                0x0000000008015860        0x8 build/obj/usbCDC.o
 *fill*         0x0000000008015868        0x8 
 .rodata._serusbcfg
                0x0000000008015870        0x8 build/obj/usbCDC.o
                0x0000000008015870                _serusbcfg
 *fill*         0x0000000008015878        0x8 
 .rodata._vcom_strings
                0x0000000008015880       0x20 build/obj/usbCDC.o
 .rodata._vcom_string1
                0x00000000080158a0       0x28 build/obj/usbCDC.o
 *fill*         0x00000000080158c8        0x8 
 .rodata._vcom_string2
                0x00000000080158d0       0x38 build/obj/usbCDC.o
 *fill*         0x0000000008015908        0x8 
 .rodata._vcom_device_descriptor
                0x0000000008015910        0x8 build/obj/usbCDC.o
 *fill*         0x0000000008015918        0x8 
 .rodata._usbcfg
                0x0000000008015920       0x10 build/obj/usbCDC.o
                0x0000000008015920                _usbcfg
 .rodata._vcom_device_descriptor_data
                0x0000000008015930       0x14 build/obj/usbCDC.o
 *fill*         0x0000000008015944        0xc 
 .rodata._vcom_configuration_descriptor_data
                0x0000000008015950       0x44 build/obj/usbCDC.o
 *fill*         0x0000000008015994        0xc 
 .rodata._vcom_configuration_descriptor
                0x00000000080159a0        0x8 build/obj/usbCDC.o
 *fill*         0x00000000080159a8        0x8 
 .rodata.str1.4
                0x00000000080159b0       0x10 build/obj/main.o
 *(.glue_7t)
 .glue_7t       0x0000000000000000        0x0 linker stubs
 *(.glue_7)
 .glue_7        0x0000000000000000        0x0 linker stubs
 *(.gcc*)

.vfp11_veneer   0x00000000080159c0        0x0
 .vfp11_veneer  0x0000000000000000        0x0 linker stubs

.v4_bx          0x00000000080159c0        0x0
 .v4_bx         0x0000000000000000        0x0 linker stubs

.iplt           0x00000000080159c0        0x0
 .iplt          0x0000000000000000        0x0 build/obj/crt0.o

.rel.dyn        0x00000000080159c0        0x0
 .rel.iplt      0x0000000000000000        0x0 build/obj/crt0.o

.ARM.extab
 *(.ARM.extab* .gnu.linkonce.armextab.*)

.ARM.exidx      0x00000000080159c0        0x0
                0x00000000080159c0                PROVIDE (__exidx_start, .)
 *(.ARM.exidx* .gnu.linkonce.armexidx.*)
                0x00000000080159c0                PROVIDE (__exidx_end, .)

.eh_frame_hdr
 *(.eh_frame_hdr)

.eh_frame
 *(.eh_frame)

.textalign      0x00000000080159c0        0x0
                0x00000000080159c0                . = ALIGN (0x8)
                0x00000000080159c0                _etext = .
                0x00000000080159c0                _textdata = _etext

.stacks         0x0000000020000000      0x800
                0x0000000020000000                . = ALIGN (0x8)
                0x0000000020000000                __main_stack_base__ = .
                0x0000000020000400                . = (. + __main_stack_size__)
 *fill*         0x0000000020000000      0x400 
                0x0000000020000400                . = ALIGN (0x8)
                0x0000000020000400                __main_stack_end__ = .
                0x0000000020000400                __process_stack_base__ = .
                0x0000000020000400                __main_thread_stack_base__ = .
                0x0000000020000800                . = (. + __process_stack_size__)
 *fill*         0x0000000020000400      0x400 
                0x0000000020000800                . = ALIGN (0x8)
                0x0000000020000800                __process_stack_end__ = .
                0x0000000020000800                __main_thread_stack_end__ = .

.data           0x0000000020000800       0x74 load address 0x00000000080159c0
                0x0000000020000800                . = ALIGN (0x4)
                0x0000000020000800                PROVIDE (_data, .)
 *(.data)
                0x0000000020000800                . = ALIGN (0x4)
 *(.data.*)
 .data.linecoding
                0x0000000020000800        0x8 build/obj/serial_usb.o
 .data._pages   0x0000000020000808       0x20 build/obj/ee.o
                0x0000000020000808                _pages
 .data._vmt     0x0000000020000828       0x10 build/obj/lcd.o
 .data._pwmcfg2
                0x0000000020000838       0x38 build/obj/music.o
 .data._resetSequence
                0x0000000020000870        0x4 build/obj/usbCDC.o
                0x0000000020000870                _resetSequence
                0x0000000020000874                . = ALIGN (0x4)
 *(.ramtext)
                0x0000000020000874                . = ALIGN (0x4)
                0x0000000020000874                PROVIDE (_edata, .)

.igot.plt       0x0000000020000874        0x0 load address 0x0000000008015a34
 .igot.plt      0x0000000000000000        0x0 build/obj/crt0.o

.bss            0x0000000020000878     0x18c4 load address 0x0000000008015a34
                0x0000000020000878                . = ALIGN (0x4)
                0x0000000020000878                PROVIDE (_bss_start, .)
 *(.bss)
                0x0000000020000878                . = ALIGN (0x4)
 *(.bss.*)
 .bss.mainthread.4810
                0x0000000020000878       0x48 build/obj/chsys.o
 .bss._idle_thread_wa
                0x00000000200008c0      0x148 build/obj/chsys.o
                0x00000000200008c0                _idle_thread_wa
 .bss.vtlist    0x0000000020000a08       0x10 build/obj/chvt.o
                0x0000000020000a08                vtlist
 .bss.rlist     0x0000000020000a18       0x1c build/obj/chschd.o
                0x0000000020000a18                rlist
 .bss.endmem    0x0000000020000a34        0x4 build/obj/chmemcore.o
 .bss.nextmem   0x0000000020000a38        0x4 build/obj/chmemcore.o
 *fill*         0x0000000020000a3c        0x4 
 .bss.default_heap
                0x0000000020000a40       0x20 build/obj/chheap.o
 .bss.measurement_offset
                0x0000000020000a60        0x4 build/obj/tm.o
 .bss.dma_isr_redir
                0x0000000020000a64       0x80 build/obj/stm32_dma.o
 .bss.dma_streams_mask
                0x0000000020000ae4        0x4 build/obj/stm32_dma.o
 .bss.ADCD1     0x0000000020000ae8       0x24 build/obj/adc_lld.o
                0x0000000020000ae8                ADCD1
 .bss.ADCD2     0x0000000020000b0c       0x24 build/obj/adc_lld.o
                0x0000000020000b0c                ADCD2
 .bss.ADCD3     0x0000000020000b30       0x24 build/obj/adc_lld.o
                0x0000000020000b30                ADCD3
 .bss.I2CD1     0x0000000020000b54       0x38 build/obj/i2c_lld.o
                0x0000000020000b54                I2CD1
 *fill*         0x0000000020000b8c        0x4 
 .bss.USBD1     0x0000000020000b90      0x220 build/obj/usb_lld.o
                0x0000000020000b90                USBD1
 .bss.ep0_state
                0x0000000020000db0       0x10 build/obj/usb_lld.o
 .bss.ep0setup_buffer
                0x0000000020000dc0        0x8 build/obj/usb_lld.o
 .bss.dummytx   0x0000000020000dc8        0x2 build/obj/spi_lld.o
 *fill*         0x0000000020000dca        0x2 
 .bss.SPID1     0x0000000020000dcc       0x30 build/obj/spi_lld.o
                0x0000000020000dcc                SPID1
 .bss.SPID3     0x0000000020000dfc       0x30 build/obj/spi_lld.o
                0x0000000020000dfc                SPID3
 .bss.PWMD1     0x0000000020000e2c       0x14 build/obj/pwm_lld.o
                0x0000000020000e2c                PWMD1
 .bss.PWMD2     0x0000000020000e40       0x14 build/obj/pwm_lld.o
                0x0000000020000e40                PWMD2
 .bss.PWMD3     0x0000000020000e54       0x14 build/obj/pwm_lld.o
                0x0000000020000e54                PWMD3
 .bss.PWMD4     0x0000000020000e68       0x14 build/obj/pwm_lld.o
                0x0000000020000e68                PWMD4
 .bss.PWMD8     0x0000000020000e7c       0x14 build/obj/pwm_lld.o
                0x0000000020000e7c                PWMD8
 .bss.PWMD9     0x0000000020000e90       0x14 build/obj/pwm_lld.o
                0x0000000020000e90                PWMD9
 .bss.SD1       0x0000000020000ea4       0x78 build/obj/serial_lld.o
                0x0000000020000ea4                SD1
 .bss.SD2       0x0000000020000f1c       0x78 build/obj/serial_lld.o
                0x0000000020000f1c                SD2
 *fill*         0x0000000020000f94        0x4 
 .bss._waAithonThread
                0x0000000020000f98      0x1b8 build/obj/aithon_private.o
 .bss._aithon_thd
                0x0000000020001150        0x4 build/obj/aithon_private.o
                0x0000000020001150                _aithon_thd
 .bss._samples  0x0000000020001154      0x960 build/obj/analog.o
 .bss._addrMap  0x0000000020001ab4      0x220 build/obj/ee.o
                0x0000000020001ab4                _addrMap
 .bss.nextWriteAddr.8385
                0x0000000020001cd4        0x4 build/obj/ee.o
 .bss.LCD       0x0000000020001cd8        0x4 build/obj/lcd.o
                0x0000000020001cd8                LCD
 .bss._asyncNumNotes
                0x0000000020001cdc        0x4 build/obj/music.o
                0x0000000020001cdc                _asyncNumNotes
 .bss._buzzerMtx
                0x0000000020001ce0       0x10 build/obj/music.o
                0x0000000020001ce0                _buzzerMtx
 .bss.waMusicThread
                0x0000000020001cf0      0x1b8 build/obj/music.o
 .bss._asyncNotes
                0x0000000020001ea8        0x4 build/obj/music.o
                0x0000000020001ea8                _asyncNotes
 .bss._asyncMusicThread
                0x0000000020001eac        0x4 build/obj/music.o
                0x0000000020001eac                _asyncMusicThread
 .bss.ep2instate
                0x0000000020001eb0       0x10 build/obj/usbCDC.o
 .bss._resetIndex
                0x0000000020001ec0        0x1 build/obj/usbCDC.o
                0x0000000020001ec0                _resetIndex
 *fill*         0x0000000020001ec1        0x3 
 .bss.ep1instate
                0x0000000020001ec4       0x10 build/obj/usbCDC.o
 .bss.ep1outstate
                0x0000000020001ed4       0x10 build/obj/usbCDC.o
 .bss.SDU1      0x0000000020001ee4      0x258 build/obj/usbCDC.o
                0x0000000020001ee4                SDU1
                0x000000002000213c                . = ALIGN (0x4)
 *(COMMON)
                0x000000002000213c                . = ALIGN (0x4)
                0x000000002000213c                PROVIDE (_bss_end, .)
                0x000000002000213c                PROVIDE (end, .)
                0x000000002000213c                _end = .
                0x000000002000213c                __heap_base__ = _end
                0x000000002001c000                __heap_end__ = __ram_end__
OUTPUT(build/ch.elf elf32-littlearm)

.debug_info     0x0000000000000000    0x2305f
 .debug_info    0x0000000000000000      0x2a4 build/obj/crt0.o
 .debug_info    0x00000000000002a4      0x1c2 build/obj/vectors.o
 .debug_info    0x0000000000000466       0x92 build/obj/chcore.o
 .debug_info    0x00000000000004f8      0xa04 build/obj/chcore_v7m.o
 .debug_info    0x0000000000000efc      0x3fb build/obj/nvic.o
 .debug_info    0x00000000000012f7      0x8c1 build/obj/chsys.o
 .debug_info    0x0000000000001bb8      0x1f8 build/obj/chvt.o
 .debug_info    0x0000000000001db0      0xa23 build/obj/chschd.o
 .debug_info    0x00000000000027d3      0xca1 build/obj/chthreads.o
 .debug_info    0x0000000000003474      0x6cd build/obj/chregistry.o
 .debug_info    0x0000000000003b41      0xa83 build/obj/chmtx.o
 .debug_info    0x00000000000045c4      0xe3c build/obj/chevents.o
 .debug_info    0x0000000000005400      0x714 build/obj/chmsg.o
 .debug_info    0x0000000000005b14      0xc72 build/obj/chqueues.o
 .debug_info    0x0000000000006786      0x20d build/obj/chmemcore.o
 .debug_info    0x0000000000006993      0x79e build/obj/chheap.o
 .debug_info    0x0000000000007131      0x3fc build/obj/hal.o
 .debug_info    0x000000000000752d      0xde8 build/obj/adc.o
 .debug_info    0x0000000000008315      0xc3c build/obj/i2c.o
 .debug_info    0x0000000000008f51     0x1c09 build/obj/mmc_spi.o
 .debug_info    0x000000000000ab5a      0x666 build/obj/pwm.o
 .debug_info    0x000000000000b1c0     0x1062 build/obj/serial.o
 .debug_info    0x000000000000c222     0x1e5b build/obj/serial_usb.o
 .debug_info    0x000000000000e07d     0x116f build/obj/spi.o
 .debug_info    0x000000000000f1ec      0x2c3 build/obj/tm.o
 .debug_info    0x000000000000f4af     0x1ec5 build/obj/usb.o
 .debug_info    0x0000000000011374      0xa8f build/obj/stm32_dma.o
 .debug_info    0x0000000000011e03      0x47b build/obj/hal_lld.o
 .debug_info    0x000000000001227e     0x132e build/obj/adc_lld.o
 .debug_info    0x00000000000135ac      0x6e3 build/obj/pal_lld.o
 .debug_info    0x0000000000013c8f     0x1781 build/obj/i2c_lld.o
 .debug_info    0x0000000000015410     0x295a build/obj/usb_lld.o
 .debug_info    0x0000000000017d6a      0xef5 build/obj/spi_lld.o
 .debug_info    0x0000000000018c5f      0xdd2 build/obj/pwm_lld.o
 .debug_info    0x0000000000019a31     0x1269 build/obj/serial_lld.o
 .debug_info    0x000000000001ac9a      0xc36 build/obj/board.o
 .debug_info    0x000000000001b8d0      0x607 build/obj/chprintf.o
 .debug_info    0x000000000001bed7      0x31b build/obj/Aithon.o
 .debug_info    0x000000000001c1f2      0xddd build/obj/aithon_private.o
 .debug_info    0x000000000001cfcf      0x9d7 build/obj/analog.o
 .debug_info    0x000000000001d9a6      0x8cd build/obj/ee.o
 .debug_info    0x000000000001e273      0xb83 build/obj/imu.o
 .debug_info    0x000000000001edf6      0x7a3 build/obj/lcd.o
 .debug_info    0x000000000001f599      0x57a build/obj/motor.o
 .debug_info    0x000000000001fb13      0xcf6 build/obj/music.o
 .debug_info    0x0000000000020809      0x4f3 build/obj/servos.o
 .debug_info    0x0000000000020cfc      0x7c9 build/obj/stm_flash.o
 .debug_info    0x00000000000214c5     0x1849 build/obj/usbCDC.o
 .debug_info    0x0000000000022d0e      0x351 build/obj/main.o

.debug_abbrev   0x0000000000000000     0x7294
 .debug_abbrev  0x0000000000000000       0xee build/obj/crt0.o
 .debug_abbrev  0x00000000000000ee       0xaf build/obj/vectors.o
 .debug_abbrev  0x000000000000019d       0x42 build/obj/chcore.o
 .debug_abbrev  0x00000000000001df      0x1f1 build/obj/chcore_v7m.o
 .debug_abbrev  0x00000000000003d0      0x10e build/obj/nvic.o
 .debug_abbrev  0x00000000000004de      0x20e build/obj/chsys.o
 .debug_abbrev  0x00000000000006ec      0x117 build/obj/chvt.o
 .debug_abbrev  0x0000000000000803      0x313 build/obj/chschd.o
 .debug_abbrev  0x0000000000000b16      0x34f build/obj/chthreads.o
 .debug_abbrev  0x0000000000000e65      0x187 build/obj/chregistry.o
 .debug_abbrev  0x0000000000000fec      0x2fa build/obj/chmtx.o
 .debug_abbrev  0x00000000000012e6      0x2f8 build/obj/chevents.o
 .debug_abbrev  0x00000000000015de      0x220 build/obj/chmsg.o
 .debug_abbrev  0x00000000000017fe      0x32e build/obj/chqueues.o
 .debug_abbrev  0x0000000000001b2c      0x15b build/obj/chmemcore.o
 .debug_abbrev  0x0000000000001c87      0x1e7 build/obj/chheap.o
 .debug_abbrev  0x0000000000001e6e      0x1c8 build/obj/hal.o
 .debug_abbrev  0x0000000000002036      0x2f7 build/obj/adc.o
 .debug_abbrev  0x000000000000232d      0x27b build/obj/i2c.o
 .debug_abbrev  0x00000000000025a8      0x3fb build/obj/mmc_spi.o
 .debug_abbrev  0x00000000000029a3      0x19c build/obj/pwm.o
 .debug_abbrev  0x0000000000002b3f      0x2b9 build/obj/serial.o
 .debug_abbrev  0x0000000000002df8      0x3ea build/obj/serial_usb.o
 .debug_abbrev  0x00000000000031e2      0x276 build/obj/spi.o
 .debug_abbrev  0x0000000000003458      0x19a build/obj/tm.o
 .debug_abbrev  0x00000000000035f2      0x413 build/obj/usb.o
 .debug_abbrev  0x0000000000003a05      0x21f build/obj/stm32_dma.o
 .debug_abbrev  0x0000000000003c24      0x12b build/obj/hal_lld.o
 .debug_abbrev  0x0000000000003d4f      0x30b build/obj/adc_lld.o
 .debug_abbrev  0x000000000000405a      0x1aa build/obj/pal_lld.o
 .debug_abbrev  0x0000000000004204      0x3e6 build/obj/i2c_lld.o
 .debug_abbrev  0x00000000000045ea      0x515 build/obj/usb_lld.o
 .debug_abbrev  0x0000000000004aff      0x304 build/obj/spi_lld.o
 .debug_abbrev  0x0000000000004e03      0x22c build/obj/pwm_lld.o
 .debug_abbrev  0x000000000000502f      0x331 build/obj/serial_lld.o
 .debug_abbrev  0x0000000000005360      0x1de build/obj/board.o
 .debug_abbrev  0x000000000000553e      0x271 build/obj/chprintf.o
 .debug_abbrev  0x00000000000057af      0x180 build/obj/Aithon.o
 .debug_abbrev  0x000000000000592f      0x2b5 build/obj/aithon_private.o
 .debug_abbrev  0x0000000000005be4      0x203 build/obj/analog.o
 .debug_abbrev  0x0000000000005de7      0x2f2 build/obj/ee.o
 .debug_abbrev  0x00000000000060d9      0x214 build/obj/imu.o
 .debug_abbrev  0x00000000000062ed      0x254 build/obj/lcd.o
 .debug_abbrev  0x0000000000006541      0x1a7 build/obj/motor.o
 .debug_abbrev  0x00000000000066e8      0x304 build/obj/music.o
 .debug_abbrev  0x00000000000069ec      0x18a build/obj/servos.o
 .debug_abbrev  0x0000000000006b76      0x21c build/obj/stm_flash.o
 .debug_abbrev  0x0000000000006d92      0x36a build/obj/usbCDC.o
 .debug_abbrev  0x00000000000070fc      0x198 build/obj/main.o

.debug_loc      0x0000000000000000     0x908b
 .debug_loc     0x0000000000000000       0xfe build/obj/crt0.o
 .debug_loc     0x00000000000000fe       0x7e build/obj/chcore_v7m.o
 .debug_loc     0x000000000000017c      0x159 build/obj/nvic.o
 .debug_loc     0x00000000000002d5       0x31 build/obj/chsys.o
 .debug_loc     0x0000000000000306       0x67 build/obj/chvt.o
 .debug_loc     0x000000000000036d      0x2d2 build/obj/chschd.o
 .debug_loc     0x000000000000063f      0x3fa build/obj/chthreads.o
 .debug_loc     0x0000000000000a39       0x3f build/obj/chregistry.o
 .debug_loc     0x0000000000000a78      0x407 build/obj/chmtx.o
 .debug_loc     0x0000000000000e7f      0x591 build/obj/chevents.o
 .debug_loc     0x0000000000001410      0x131 build/obj/chmsg.o
 .debug_loc     0x0000000000001541      0x6bb build/obj/chqueues.o
 .debug_loc     0x0000000000001bfc       0xfd build/obj/chmemcore.o
 .debug_loc     0x0000000000001cf9      0x3ae build/obj/chheap.o
 .debug_loc     0x00000000000020a7       0x9d build/obj/hal.o
 .debug_loc     0x0000000000002144      0x369 build/obj/adc.o
 .debug_loc     0x00000000000024ad      0x1f7 build/obj/i2c.o
 .debug_loc     0x00000000000026a4      0xa07 build/obj/mmc_spi.o
 .debug_loc     0x00000000000030ab      0x102 build/obj/pwm.o
 .debug_loc     0x00000000000031ad      0x4e4 build/obj/serial.o
 .debug_loc     0x0000000000003691      0x6e2 build/obj/serial_usb.o
 .debug_loc     0x0000000000003d73      0x468 build/obj/spi.o
 .debug_loc     0x00000000000041db       0x4d build/obj/tm.o
 .debug_loc     0x0000000000004228      0xc16 build/obj/usb.o
 .debug_loc     0x0000000000004e3e      0x279 build/obj/stm32_dma.o
 .debug_loc     0x00000000000050b7      0x323 build/obj/adc_lld.o
 .debug_loc     0x00000000000053da      0x1b2 build/obj/pal_lld.o
 .debug_loc     0x000000000000558c      0x6bb build/obj/i2c_lld.o
 .debug_loc     0x0000000000005c47      0xed7 build/obj/usb_lld.o
 .debug_loc     0x0000000000006b1e      0x28e build/obj/spi_lld.o
 .debug_loc     0x0000000000006dac      0x388 build/obj/pwm_lld.o
 .debug_loc     0x0000000000007134      0x24c build/obj/serial_lld.o
 .debug_loc     0x0000000000007380       0x42 build/obj/board.o
 .debug_loc     0x00000000000073c2      0x77a build/obj/chprintf.o
 .debug_loc     0x0000000000007b3c       0x7f build/obj/Aithon.o
 .debug_loc     0x0000000000007bbb       0x3f build/obj/aithon_private.o
 .debug_loc     0x0000000000007bfa       0x54 build/obj/analog.o
 .debug_loc     0x0000000000007c4e      0x5a5 build/obj/ee.o
 .debug_loc     0x00000000000081f3      0x19d build/obj/imu.o
 .debug_loc     0x0000000000008390      0x184 build/obj/lcd.o
 .debug_loc     0x0000000000008514       0xd1 build/obj/motor.o
 .debug_loc     0x00000000000085e5      0x256 build/obj/music.o
 .debug_loc     0x000000000000883b       0x90 build/obj/servos.o
 .debug_loc     0x00000000000088cb      0x643 build/obj/stm_flash.o
 .debug_loc     0x0000000000008f0e      0x15c build/obj/usbCDC.o
 .debug_loc     0x000000000000906a       0x21 build/obj/main.o

.debug_aranges  0x0000000000000000     0x1190
 .debug_aranges
                0x0000000000000000       0x38 build/obj/crt0.o
 .debug_aranges
                0x0000000000000038       0x20 build/obj/vectors.o
 .debug_aranges
                0x0000000000000058       0x20 build/obj/chcore.o
 .debug_aranges
                0x0000000000000078       0x50 build/obj/chcore_v7m.o
 .debug_aranges
                0x00000000000000c8       0x30 build/obj/nvic.o
 .debug_aranges
                0x00000000000000f8       0x30 build/obj/chsys.o
 .debug_aranges
                0x0000000000000128       0x30 build/obj/chvt.o
 .debug_aranges
                0x0000000000000158       0x68 build/obj/chschd.o
 .debug_aranges
                0x00000000000001c0       0x78 build/obj/chthreads.o
 .debug_aranges
                0x0000000000000238       0x28 build/obj/chregistry.o
 .debug_aranges
                0x0000000000000260       0x58 build/obj/chmtx.o
 .debug_aranges
                0x00000000000002b8       0xa0 build/obj/chevents.o
 .debug_aranges
                0x0000000000000358       0x30 build/obj/chmsg.o
 .debug_aranges
                0x0000000000000388       0x70 build/obj/chqueues.o
 .debug_aranges
                0x00000000000003f8       0x38 build/obj/chmemcore.o
 .debug_aranges
                0x0000000000000430       0x40 build/obj/chheap.o
 .debug_aranges
                0x0000000000000470       0x30 build/obj/hal.o
 .debug_aranges
                0x00000000000004a0       0x60 build/obj/adc.o
 .debug_aranges
                0x0000000000000500       0x60 build/obj/i2c.o
 .debug_aranges
                0x0000000000000560       0xd8 build/obj/mmc_spi.o
 .debug_aranges
                0x0000000000000638       0x50 build/obj/pwm.o
 .debug_aranges
                0x0000000000000688       0x88 build/obj/serial.o
 .debug_aranges
                0x0000000000000710       0xb0 build/obj/serial_usb.o
 .debug_aranges
                0x00000000000007c0       0x98 build/obj/spi.o
 .debug_aranges
                0x0000000000000858       0x38 build/obj/tm.o
 .debug_aranges
                0x0000000000000890       0xa8 build/obj/usb.o
 .debug_aranges
                0x0000000000000938       0xb0 build/obj/stm32_dma.o
 .debug_aranges
                0x00000000000009e8       0x28 build/obj/hal_lld.o
 .debug_aranges
                0x0000000000000a10       0x70 build/obj/adc_lld.o
 .debug_aranges
                0x0000000000000a80       0x28 build/obj/pal_lld.o
 .debug_aranges
                0x0000000000000aa8       0x70 build/obj/i2c_lld.o
 .debug_aranges
                0x0000000000000b18       0xd0 build/obj/usb_lld.o
 .debug_aranges
                0x0000000000000be8       0x78 build/obj/spi_lld.o
 .debug_aranges
                0x0000000000000c60       0x88 build/obj/pwm_lld.o
 .debug_aranges
                0x0000000000000ce8       0x58 build/obj/serial_lld.o
 .debug_aranges
                0x0000000000000d40       0x38 build/obj/board.o
 .debug_aranges
                0x0000000000000d78       0x30 build/obj/chprintf.o
 .debug_aranges
                0x0000000000000da8       0x40 build/obj/Aithon.o
 .debug_aranges
                0x0000000000000de8       0x40 build/obj/aithon_private.o
 .debug_aranges
                0x0000000000000e28       0x28 build/obj/analog.o
 .debug_aranges
                0x0000000000000e50       0x70 build/obj/ee.o
 .debug_aranges
                0x0000000000000ec0       0x40 build/obj/imu.o
 .debug_aranges
                0x0000000000000f00       0x68 build/obj/lcd.o
 .debug_aranges
                0x0000000000000f68       0x30 build/obj/motor.o
 .debug_aranges
                0x0000000000000f98       0x50 build/obj/music.o
 .debug_aranges
                0x0000000000000fe8       0x38 build/obj/servos.o
 .debug_aranges
                0x0000000000001020      0x108 build/obj/stm_flash.o
 .debug_aranges
                0x0000000000001128       0x40 build/obj/usbCDC.o
 .debug_aranges
                0x0000000000001168       0x28 build/obj/main.o

.debug_ranges   0x0000000000000000     0x1cf8
 .debug_ranges  0x0000000000000000       0x58 build/obj/crt0.o
 .debug_ranges  0x0000000000000058       0x10 build/obj/vectors.o
 .debug_ranges  0x0000000000000068       0x10 build/obj/chcore.o
 .debug_ranges  0x0000000000000078       0x58 build/obj/chcore_v7m.o
 .debug_ranges  0x00000000000000d0       0x20 build/obj/nvic.o
 .debug_ranges  0x00000000000000f0       0x38 build/obj/chsys.o
 .debug_ranges  0x0000000000000128       0x20 build/obj/chvt.o
 .debug_ranges  0x0000000000000148      0x160 build/obj/chschd.o
 .debug_ranges  0x00000000000002a8      0x120 build/obj/chthreads.o
 .debug_ranges  0x00000000000003c8       0x18 build/obj/chregistry.o
 .debug_ranges  0x00000000000003e0      0x168 build/obj/chmtx.o
 .debug_ranges  0x0000000000000548       0xf0 build/obj/chevents.o
 .debug_ranges  0x0000000000000638       0x68 build/obj/chmsg.o
 .debug_ranges  0x00000000000006a0       0xd0 build/obj/chqueues.o
 .debug_ranges  0x0000000000000770       0x28 build/obj/chmemcore.o
 .debug_ranges  0x0000000000000798       0x30 build/obj/chheap.o
 .debug_ranges  0x00000000000007c8       0x38 build/obj/hal.o
 .debug_ranges  0x0000000000000800       0xe0 build/obj/adc.o
 .debug_ranges  0x00000000000008e0       0x98 build/obj/i2c.o
 .debug_ranges  0x0000000000000978       0xf8 build/obj/mmc_spi.o
 .debug_ranges  0x0000000000000a70       0x70 build/obj/pwm.o
 .debug_ranges  0x0000000000000ae0       0xa8 build/obj/serial.o
 .debug_ranges  0x0000000000000b88       0xd0 build/obj/serial_usb.o
 .debug_ranges  0x0000000000000c58      0x100 build/obj/spi.o
 .debug_ranges  0x0000000000000d58       0x80 build/obj/tm.o
 .debug_ranges  0x0000000000000dd8      0x198 build/obj/usb.o
 .debug_ranges  0x0000000000000f70       0xa0 build/obj/stm32_dma.o
 .debug_ranges  0x0000000000001010       0x30 build/obj/hal_lld.o
 .debug_ranges  0x0000000000001040       0x60 build/obj/adc_lld.o
 .debug_ranges  0x00000000000010a0      0x108 build/obj/pal_lld.o
 .debug_ranges  0x00000000000011a8      0x120 build/obj/i2c_lld.o
 .debug_ranges  0x00000000000012c8      0x260 build/obj/usb_lld.o
 .debug_ranges  0x0000000000001528       0x68 build/obj/spi_lld.o
 .debug_ranges  0x0000000000001590       0x78 build/obj/pwm_lld.o
 .debug_ranges  0x0000000000001608       0x90 build/obj/serial_lld.o
 .debug_ranges  0x0000000000001698       0x28 build/obj/board.o
 .debug_ranges  0x00000000000016c0       0x38 build/obj/chprintf.o
 .debug_ranges  0x00000000000016f8       0x30 build/obj/Aithon.o
 .debug_ranges  0x0000000000001728       0x30 build/obj/aithon_private.o
 .debug_ranges  0x0000000000001758       0x18 build/obj/analog.o
 .debug_ranges  0x0000000000001770      0x288 build/obj/ee.o
 .debug_ranges  0x00000000000019f8       0x30 build/obj/imu.o
 .debug_ranges  0x0000000000001a28       0xd8 build/obj/lcd.o
 .debug_ranges  0x0000000000001b00       0x20 build/obj/motor.o
 .debug_ranges  0x0000000000001b20       0x70 build/obj/music.o
 .debug_ranges  0x0000000000001b90       0x28 build/obj/servos.o
 .debug_ranges  0x0000000000001bb8       0xf8 build/obj/stm_flash.o
 .debug_ranges  0x0000000000001cb0       0x30 build/obj/usbCDC.o
 .debug_ranges  0x0000000000001ce0       0x18 build/obj/main.o

.debug_line     0x0000000000000000     0x8c3c
 .debug_line    0x0000000000000000       0xf9 build/obj/crt0.o
 .debug_line    0x00000000000000f9       0x98 build/obj/vectors.o
 .debug_line    0x0000000000000191       0x66 build/obj/chcore.o
 .debug_line    0x00000000000001f7      0x1f8 build/obj/chcore_v7m.o
 .debug_line    0x00000000000003ef       0xd4 build/obj/nvic.o
 .debug_line    0x00000000000004c3      0x1da build/obj/chsys.o
 .debug_line    0x000000000000069d      0x133 build/obj/chvt.o
 .debug_line    0x00000000000007d0      0x345 build/obj/chschd.o
 .debug_line    0x0000000000000b15      0x37a build/obj/chthreads.o
 .debug_line    0x0000000000000e8f      0x1a5 build/obj/chregistry.o
 .debug_line    0x0000000000001034      0x310 build/obj/chmtx.o
 .debug_line    0x0000000000001344      0x305 build/obj/chevents.o
 .debug_line    0x0000000000001649      0x199 build/obj/chmsg.o
 .debug_line    0x00000000000017e2      0x36f build/obj/chqueues.o
 .debug_line    0x0000000000001b51      0x10d build/obj/chmemcore.o
 .debug_line    0x0000000000001c5e      0x249 build/obj/chheap.o
 .debug_line    0x0000000000001ea7      0x2d1 build/obj/hal.o
 .debug_line    0x0000000000002178      0x334 build/obj/adc.o
 .debug_line    0x00000000000024ac      0x323 build/obj/i2c.o
 .debug_line    0x00000000000027cf      0x60a build/obj/mmc_spi.o
 .debug_line    0x0000000000002dd9      0x1cc build/obj/pwm.o
 .debug_line    0x0000000000002fa5      0x38a build/obj/serial.o
 .debug_line    0x000000000000332f      0x446 build/obj/serial_usb.o
 .debug_line    0x0000000000003775      0x3e4 build/obj/spi.o
 .debug_line    0x0000000000003b59      0x1ed build/obj/tm.o
 .debug_line    0x0000000000003d46      0x551 build/obj/usb.o
 .debug_line    0x0000000000004297      0x3bd build/obj/stm32_dma.o
 .debug_line    0x0000000000004654      0x1c2 build/obj/hal_lld.o
 .debug_line    0x0000000000004816      0x48b build/obj/adc_lld.o
 .debug_line    0x0000000000004ca1      0x1d1 build/obj/pal_lld.o
 .debug_line    0x0000000000004e72      0x5b3 build/obj/i2c_lld.o
 .debug_line    0x0000000000005425      0x788 build/obj/usb_lld.o
 .debug_line    0x0000000000005bad      0x465 build/obj/spi_lld.o
 .debug_line    0x0000000000006012      0x40a build/obj/pwm_lld.o
 .debug_line    0x000000000000641c      0x3a0 build/obj/serial_lld.o
 .debug_line    0x00000000000067bc      0x2c7 build/obj/board.o
 .debug_line    0x0000000000006a83      0x258 build/obj/chprintf.o
 .debug_line    0x0000000000006cdb      0x1d8 build/obj/Aithon.o
 .debug_line    0x0000000000006eb3      0x320 build/obj/aithon_private.o
 .debug_line    0x00000000000071d3      0x256 build/obj/analog.o
 .debug_line    0x0000000000007429      0x328 build/obj/ee.o
 .debug_line    0x0000000000007751      0x2c3 build/obj/imu.o
 .debug_line    0x0000000000007a14      0x35f build/obj/lcd.o
 .debug_line    0x0000000000007d73      0x1cf build/obj/motor.o
 .debug_line    0x0000000000007f42      0x307 build/obj/music.o
 .debug_line    0x0000000000008249      0x179 build/obj/servos.o
 .debug_line    0x00000000000083c2      0x3a1 build/obj/stm_flash.o
 .debug_line    0x0000000000008763      0x2d3 build/obj/usbCDC.o
 .debug_line    0x0000000000008a36      0x206 build/obj/main.o

.debug_str      0x0000000000000000     0x4785
 .debug_str     0x0000000000000000      0x2de build/obj/crt0.o
                                        0x318 (size before relaxing)
 .debug_str     0x00000000000002de      0x158 build/obj/vectors.o
                                        0x343 (size before relaxing)
 .debug_str     0x0000000000000436       0x40 build/obj/chcore.o
                                        0x216 (size before relaxing)
 .debug_str     0x0000000000000476      0x320 build/obj/chcore_v7m.o
                                        0x51e (size before relaxing)
 .debug_str     0x0000000000000796       0xa9 build/obj/nvic.o
                                        0x315 (size before relaxing)
 .debug_str     0x000000000000083f      0x218 build/obj/chsys.o
                                        0x5c3 (size before relaxing)
 .debug_str     0x0000000000000a57       0x49 build/obj/chvt.o
                                        0x296 (size before relaxing)
 .debug_str     0x0000000000000aa0       0xe8 build/obj/chschd.o
                                        0x4f8 (size before relaxing)
 .debug_str     0x0000000000000b88       0xe6 build/obj/chthreads.o
                                        0x563 (size before relaxing)
 .debug_str     0x0000000000000c6e       0x55 build/obj/chregistry.o
                                        0x4e6 (size before relaxing)
 .debug_str     0x0000000000000cc3       0xa4 build/obj/chmtx.o
                                        0x47d (size before relaxing)
 .debug_str     0x0000000000000d67      0x1cc build/obj/chevents.o
                                        0x5a1 (size before relaxing)
 .debug_str     0x0000000000000f33       0x5d build/obj/chmsg.o
                                        0x415 (size before relaxing)
 .debug_str     0x0000000000000f90      0x12c build/obj/chqueues.o
                                        0x508 (size before relaxing)
 .debug_str     0x00000000000010bc       0x83 build/obj/chmemcore.o
                                        0x281 (size before relaxing)
 .debug_str     0x000000000000113f       0xc0 build/obj/chheap.o
                                        0x461 (size before relaxing)
 .debug_str     0x00000000000011ff      0x1b0 build/obj/hal.o
                                        0x3b4 (size before relaxing)
 .debug_str     0x00000000000013af      0x2e2 build/obj/adc.o
                                        0x6e5 (size before relaxing)
 .debug_str     0x0000000000001691      0x2f7 build/obj/i2c.o
                                        0x6fc (size before relaxing)
 .debug_str     0x0000000000001988      0x3f4 build/obj/mmc_spi.o
                                        0x8a2 (size before relaxing)
 .debug_str     0x0000000000001d7c      0x1bf build/obj/pwm.o
                                        0x3f5 (size before relaxing)
 .debug_str     0x0000000000001f3b      0x12a build/obj/serial.o
                                        0x675 (size before relaxing)
 .debug_str     0x0000000000002065      0x7c9 build/obj/serial_usb.o
                                        0xd48 (size before relaxing)
 .debug_str     0x000000000000282e      0x122 build/obj/spi.o
                                        0x72e (size before relaxing)
 .debug_str     0x0000000000002950       0x7a build/obj/tm.o
                                        0x2d2 (size before relaxing)
 .debug_str     0x00000000000029ca      0x2c3 build/obj/usb.o
                                        0xd6e (size before relaxing)
 .debug_str     0x0000000000002c8d      0x79b build/obj/stm32_dma.o
                                        0xa95 (size before relaxing)
 .debug_str     0x0000000000003428       0xd1 build/obj/hal_lld.o
                                        0x435 (size before relaxing)
 .debug_str     0x00000000000034f9       0xed build/obj/adc_lld.o
                                        0xdab (size before relaxing)
 .debug_str     0x00000000000035e6       0x8a build/obj/pal_lld.o
                                        0x488 (size before relaxing)
 .debug_str     0x0000000000003670      0x13e build/obj/i2c_lld.o
                                        0xed9 (size before relaxing)
 .debug_str     0x00000000000037ae      0x217 build/obj/usb_lld.o
                                       0x1537 (size before relaxing)
 .debug_str     0x00000000000039c5       0xb0 build/obj/spi_lld.o
                                        0x7d4 (size before relaxing)
 .debug_str     0x0000000000003a75       0xc9 build/obj/pwm_lld.o
                                        0xad7 (size before relaxing)
 .debug_str     0x0000000000003b3e       0x89 build/obj/serial_lld.o
                                        0xc6f (size before relaxing)
 .debug_str     0x0000000000003bc7       0x5c build/obj/board.o
                                        0x784 (size before relaxing)
 .debug_str     0x0000000000003c23      0x118 build/obj/chprintf.o
                                        0x346 (size before relaxing)
 .debug_str     0x0000000000003d3b       0x54 build/obj/Aithon.o
                                        0x2bc (size before relaxing)
 .debug_str     0x0000000000003d8f      0x110 build/obj/aithon_private.o
                                        0x6ef (size before relaxing)
 .debug_str     0x0000000000003e9f       0x51 build/obj/analog.o
                                        0x601 (size before relaxing)
 .debug_str     0x0000000000003ef0      0x1a4 build/obj/ee.o
                                        0x3f9 (size before relaxing)
 .debug_str     0x0000000000004094       0x94 build/obj/imu.o
                                        0x683 (size before relaxing)
 .debug_str     0x0000000000004128       0x70 build/obj/lcd.o
                                        0x35f (size before relaxing)
 .debug_str     0x0000000000004198       0x4d build/obj/motor.o
                                        0x3c2 (size before relaxing)
 .debug_str     0x00000000000041e5       0xc9 build/obj/music.o
                                        0x613 (size before relaxing)
 .debug_str     0x00000000000042ae       0x69 build/obj/servos.o
                                        0x3aa (size before relaxing)
 .debug_str     0x0000000000004317      0x2e2 build/obj/stm_flash.o
                                        0x5f8 (size before relaxing)
 .debug_str     0x00000000000045f9      0x17c build/obj/usbCDC.o
                                        0xd5f (size before relaxing)
 .debug_str     0x0000000000004775       0x10 build/obj/main.o
                                        0x2ad (size before relaxing)

.comment        0x0000000000000000       0x70
 .comment       0x0000000000000000       0x70 build/obj/crt0.o
                                         0x71 (size before relaxing)
 .comment       0x0000000000000000       0x71 build/obj/vectors.o
 .comment       0x0000000000000000       0x71 build/obj/chcore.o
 .comment       0x0000000000000000       0x71 build/obj/chcore_v7m.o
 .comment       0x0000000000000000       0x71 build/obj/nvic.o
 .comment       0x0000000000000000       0x71 build/obj/chsys.o
 .comment       0x0000000000000000       0x71 build/obj/chvt.o
 .comment       0x0000000000000000       0x71 build/obj/chschd.o
 .comment       0x0000000000000000       0x71 build/obj/chthreads.o
 .comment       0x0000000000000000       0x71 build/obj/chregistry.o
 .comment       0x0000000000000000       0x71 build/obj/chmtx.o
 .comment       0x0000000000000000       0x71 build/obj/chevents.o
 .comment       0x0000000000000000       0x71 build/obj/chmsg.o
 .comment       0x0000000000000000       0x71 build/obj/chqueues.o
 .comment       0x0000000000000000       0x71 build/obj/chmemcore.o
 .comment       0x0000000000000000       0x71 build/obj/chheap.o
 .comment       0x0000000000000000       0x71 build/obj/hal.o
 .comment       0x0000000000000000       0x71 build/obj/adc.o
 .comment       0x0000000000000000       0x71 build/obj/i2c.o
 .comment       0x0000000000000000       0x71 build/obj/mmc_spi.o
 .comment       0x0000000000000000       0x71 build/obj/pwm.o
 .comment       0x0000000000000000       0x71 build/obj/serial.o
 .comment       0x0000000000000000       0x71 build/obj/serial_usb.o
 .comment       0x0000000000000000       0x71 build/obj/spi.o
 .comment       0x0000000000000000       0x71 build/obj/tm.o
 .comment       0x0000000000000000       0x71 build/obj/usb.o
 .comment       0x0000000000000000       0x71 build/obj/stm32_dma.o
 .comment       0x0000000000000000       0x71 build/obj/hal_lld.o
 .comment       0x0000000000000000       0x71 build/obj/adc_lld.o
 .comment       0x0000000000000000       0x71 build/obj/pal_lld.o
 .comment       0x0000000000000000       0x71 build/obj/i2c_lld.o
 .comment       0x0000000000000000       0x71 build/obj/usb_lld.o
 .comment       0x0000000000000000       0x71 build/obj/spi_lld.o
 .comment       0x0000000000000000       0x71 build/obj/pwm_lld.o
 .comment       0x0000000000000000       0x71 build/obj/serial_lld.o
 .comment       0x0000000000000000       0x71 build/obj/board.o
 .comment       0x0000000000000000       0x71 build/obj/chprintf.o
 .comment       0x0000000000000000       0x71 build/obj/Aithon.o
 .comment       0x0000000000000000       0x71 build/obj/aithon_private.o
 .comment       0x0000000000000000       0x71 build/obj/analog.o
 .comment       0x0000000000000000       0x71 build/obj/ee.o
 .comment       0x0000000000000000       0x71 build/obj/imu.o
 .comment       0x0000000000000000       0x71 build/obj/lcd.o
 .comment       0x0000000000000000       0x71 build/obj/motor.o
 .comment       0x0000000000000000       0x71 build/obj/music.o
 .comment       0x0000000000000000       0x71 build/obj/servos.o
 .comment       0x0000000000000000       0x71 build/obj/stm_flash.o
 .comment       0x0000000000000000       0x71 build/obj/usbCDC.o
 .comment       0x0000000000000000       0x71 build/obj/main.o

.ARM.attributes
                0x0000000000000000       0x37
 .ARM.attributes
                0x0000000000000000       0x37 build/obj/crt0.o
 .ARM.attributes
                0x0000000000000037       0x37 build/obj/vectors.o
 .ARM.attributes
                0x000000000000006e       0x37 build/obj/chcore.o
 .ARM.attributes
                0x00000000000000a5       0x37 build/obj/chcore_v7m.o
 .ARM.attributes
                0x00000000000000dc       0x37 build/obj/nvic.o
 .ARM.attributes
                0x0000000000000113       0x37 build/obj/chsys.o
 .ARM.attributes
                0x000000000000014a       0x37 build/obj/chvt.o
 .ARM.attributes
                0x0000000000000181       0x37 build/obj/chschd.o
 .ARM.attributes
                0x00000000000001b8       0x37 build/obj/chthreads.o
 .ARM.attributes
                0x00000000000001ef       0x37 build/obj/chregistry.o
 .ARM.attributes
                0x0000000000000226       0x37 build/obj/chmtx.o
 .ARM.attributes
                0x000000000000025d       0x37 build/obj/chevents.o
 .ARM.attributes
                0x0000000000000294       0x37 build/obj/chmsg.o
 .ARM.attributes
                0x00000000000002cb       0x37 build/obj/chqueues.o
 .ARM.attributes
                0x0000000000000302       0x37 build/obj/chmemcore.o
 .ARM.attributes
                0x0000000000000339       0x37 build/obj/chheap.o
 .ARM.attributes
                0x0000000000000370       0x37 build/obj/hal.o
 .ARM.attributes
                0x00000000000003a7       0x37 build/obj/adc.o
 .ARM.attributes
                0x00000000000003de       0x37 build/obj/i2c.o
 .ARM.attributes
                0x0000000000000415       0x37 build/obj/mmc_spi.o
 .ARM.attributes
                0x000000000000044c       0x37 build/obj/pwm.o
 .ARM.attributes
                0x0000000000000483       0x37 build/obj/serial.o
 .ARM.attributes
                0x00000000000004ba       0x37 build/obj/serial_usb.o
 .ARM.attributes
                0x00000000000004f1       0x37 build/obj/spi.o
 .ARM.attributes
                0x0000000000000528       0x37 build/obj/tm.o
 .ARM.attributes
                0x000000000000055f       0x37 build/obj/usb.o
 .ARM.attributes
                0x0000000000000596       0x37 build/obj/stm32_dma.o
 .ARM.attributes
                0x00000000000005cd       0x37 build/obj/hal_lld.o
 .ARM.attributes
                0x0000000000000604       0x37 build/obj/adc_lld.o
 .ARM.attributes
                0x000000000000063b       0x37 build/obj/pal_lld.o
 .ARM.attributes
                0x0000000000000672       0x37 build/obj/i2c_lld.o
 .ARM.attributes
                0x00000000000006a9       0x37 build/obj/usb_lld.o
 .ARM.attributes
                0x00000000000006e0       0x37 build/obj/spi_lld.o
 .ARM.attributes
                0x0000000000000717       0x37 build/obj/pwm_lld.o
 .ARM.attributes
                0x000000000000074e       0x37 build/obj/serial_lld.o
 .ARM.attributes
                0x0000000000000785       0x37 build/obj/board.o
 .ARM.attributes
                0x00000000000007bc       0x37 build/obj/chprintf.o
 .ARM.attributes
                0x00000000000007f3       0x37 build/obj/Aithon.o
 .ARM.attributes
                0x000000000000082a       0x37 build/obj/aithon_private.o
 .ARM.attributes
                0x0000000000000861       0x37 build/obj/analog.o
 .ARM.attributes
                0x0000000000000898       0x37 build/obj/ee.o
 .ARM.attributes
                0x00000000000008cf       0x37 build/obj/imu.o
 .ARM.attributes
                0x0000000000000906       0x37 build/obj/lcd.o
 .ARM.attributes
                0x000000000000093d       0x37 build/obj/motor.o
 .ARM.attributes
                0x0000000000000974       0x37 build/obj/music.o
 .ARM.attributes
                0x00000000000009ab       0x37 build/obj/servos.o
 .ARM.attributes
                0x00000000000009e2       0x37 build/obj/stm_flash.o
 .ARM.attributes
                0x0000000000000a19       0x37 build/obj/usbCDC.o
 .ARM.attributes
                0x0000000000000a50       0x37 build/obj/main.o
 .ARM.attributes
                0x0000000000000a87       0x2e /usr/bin/../lib/gcc/arm-none-eabi/4.8.3/../../../../arm-none-eabi/lib/armv7e-m/libc.a(lib_a-memset.o)

.debug_frame    0x0000000000000000     0x2d48
 .debug_frame   0x0000000000000000       0x50 build/obj/crt0.o
 .debug_frame   0x0000000000000050       0x20 build/obj/vectors.o
 .debug_frame   0x0000000000000070       0x20 build/obj/chcore.o
 .debug_frame   0x0000000000000090       0x98 build/obj/chcore_v7m.o
 .debug_frame   0x0000000000000128       0x64 build/obj/nvic.o
 .debug_frame   0x000000000000018c       0x5c build/obj/chsys.o
 .debug_frame   0x00000000000001e8       0x4c build/obj/chvt.o
 .debug_frame   0x0000000000000234      0x108 build/obj/chschd.o
 .debug_frame   0x000000000000033c      0x184 build/obj/chthreads.o
 .debug_frame   0x00000000000004c0       0x3c build/obj/chregistry.o
 .debug_frame   0x00000000000004fc       0xdc build/obj/chmtx.o
 .debug_frame   0x00000000000005d8      0x1d8 build/obj/chevents.o
 .debug_frame   0x00000000000007b0       0x68 build/obj/chmsg.o
 .debug_frame   0x0000000000000818      0x180 build/obj/chqueues.o
 .debug_frame   0x0000000000000998       0x50 build/obj/chmemcore.o
 .debug_frame   0x00000000000009e8       0x98 build/obj/chheap.o
 .debug_frame   0x0000000000000a80       0x4c build/obj/hal.o
 .debug_frame   0x0000000000000acc       0xf8 build/obj/adc.o
 .debug_frame   0x0000000000000bc4       0xe8 build/obj/i2c.o
 .debug_frame   0x0000000000000cac      0x2dc build/obj/mmc_spi.o
 .debug_frame   0x0000000000000f88       0xb0 build/obj/pwm.o
 .debug_frame   0x0000000000001038      0x13c build/obj/serial.o
 .debug_frame   0x0000000000001174      0x1b4 build/obj/serial_usb.o
 .debug_frame   0x0000000000001328      0x1a8 build/obj/spi.o
 .debug_frame   0x00000000000014d0       0x64 build/obj/tm.o
 .debug_frame   0x0000000000001534      0x1f8 build/obj/usb.o
 .debug_frame   0x000000000000172c      0x230 build/obj/stm32_dma.o
 .debug_frame   0x000000000000195c       0x44 build/obj/hal_lld.o
 .debug_frame   0x00000000000019a0      0x12c build/obj/adc_lld.o
 .debug_frame   0x0000000000001acc       0x68 build/obj/pal_lld.o
 .debug_frame   0x0000000000001b34      0x18c build/obj/i2c_lld.o
 .debug_frame   0x0000000000001cc0      0x268 build/obj/usb_lld.o
 .debug_frame   0x0000000000001f28      0x13c build/obj/spi_lld.o
 .debug_frame   0x0000000000002064      0x1a8 build/obj/pwm_lld.o
 .debug_frame   0x000000000000220c       0xe0 build/obj/serial_lld.o
 .debug_frame   0x00000000000022ec       0x50 build/obj/board.o
 .debug_frame   0x000000000000233c       0x8c build/obj/chprintf.o
 .debug_frame   0x00000000000023c8       0x6c build/obj/Aithon.o
 .debug_frame   0x0000000000002434       0x90 build/obj/aithon_private.o
 .debug_frame   0x00000000000024c4       0x3c build/obj/analog.o
 .debug_frame   0x0000000000002500      0x124 build/obj/ee.o
 .debug_frame   0x0000000000002624       0xa8 build/obj/imu.o
 .debug_frame   0x00000000000026cc      0x138 build/obj/lcd.o
 .debug_frame   0x0000000000002804       0x5c build/obj/motor.o
 .debug_frame   0x0000000000002860       0xe0 build/obj/music.o
 .debug_frame   0x0000000000002940       0x68 build/obj/servos.o
 .debug_frame   0x00000000000029a8      0x28c build/obj/stm_flash.o
 .debug_frame   0x0000000000002c34       0x94 build/obj/usbCDC.o
 .debug_frame   0x0000000000002cc8       0x54 build/obj/main.o
 .debug_frame   0x0000000000002d1c       0x2c /usr/bin/../lib/gcc/arm-none-eabi/4.8.3/../../../../arm-none-eabi/lib/armv7e-m/libc.a(lib_a-memset.o)

Cross Reference Table

Symbol                                            File
ADCD1                                             build/obj/adc_lld.o
                                                  build/obj/analog.o
ADCD2                                             build/obj/adc_lld.o
ADCD3                                             build/obj/adc_lld.o
BusFaultVector                                    build/obj/vectors.o
DebugMonitorVector                                build/obj/vectors.o
FLASH_ClearFlag                                   build/obj/stm_flash.o
                                                  build/obj/flash_if.o
FLASH_DataCacheCmd                                build/obj/stm_flash.o
FLASH_DataCacheReset                              build/obj/stm_flash.o
FLASH_EraseAllSectors                             build/obj/stm_flash.o
FLASH_EraseSector                                 build/obj/stm_flash.o
                                                  build/obj/flash_if.o
                                                  build/obj/ee.o
FLASH_GetFlagStatus                               build/obj/stm_flash.o
FLASH_GetStatus                                   build/obj/stm_flash.o
FLASH_ITConfig                                    build/obj/stm_flash.o