Archive member included because of file (symbol)

/Users/jseng/gccarm/bin/../lib/gcc/arm-none-eabi/4.7.4/../../../../arm-none-eabi/lib/armv7e-m/libc.a(lib_a-memset.o)
                              build/obj/usb.o (memset)

Discarded input sections

 .text          0x0000000000000000        0x0 build/obj/crt0.o
 .data          0x0000000000000000        0x0 build/obj/crt0.o
 .bss           0x0000000000000000        0x0 build/obj/crt0.o
 .text.__early_init
                0x0000000000000000       0x10 build/obj/crt0.o
 .text.__late_init
                0x0000000000000000       0x10 build/obj/crt0.o
 .text._default_exit
                0x0000000000000000       0x10 build/obj/crt0.o
 .text          0x0000000000000000        0x0 build/obj/vectors.o
 .data          0x0000000000000000        0x0 build/obj/vectors.o
 .bss           0x0000000000000000        0x0 build/obj/vectors.o
 .text          0x0000000000000000        0x0 build/obj/chcore.o
 .data          0x0000000000000000        0x0 build/obj/chcore.o
 .bss           0x0000000000000000        0x0 build/obj/chcore.o
 .text          0x0000000000000000        0x0 build/obj/chcore_v7m.o
 .data          0x0000000000000000        0x0 build/obj/chcore_v7m.o
 .bss           0x0000000000000000        0x0 build/obj/chcore_v7m.o
 .text          0x0000000000000000        0x0 build/obj/nvic.o
 .data          0x0000000000000000        0x0 build/obj/nvic.o
 .bss           0x0000000000000000        0x0 build/obj/nvic.o
 .text          0x0000000000000000        0x0 build/obj/chsys.o
 .data          0x0000000000000000        0x0 build/obj/chsys.o
 .bss           0x0000000000000000        0x0 build/obj/chsys.o
 .text          0x0000000000000000        0x0 build/obj/chdebug.o
 .data          0x0000000000000000        0x0 build/obj/chdebug.o
 .bss           0x0000000000000000        0x0 build/obj/chdebug.o
 .debug_info    0x0000000000000000       0x79 build/obj/chdebug.o
 .debug_abbrev  0x0000000000000000       0x26 build/obj/chdebug.o
 .debug_aranges
                0x0000000000000000       0x18 build/obj/chdebug.o
 .debug_line    0x0000000000000000       0x1d build/obj/chdebug.o
 .debug_str     0x0000000000000000      0x12f build/obj/chdebug.o
 .comment       0x0000000000000000       0x71 build/obj/chdebug.o
 .ARM.attributes
                0x0000000000000000       0x39 build/obj/chdebug.o
 .text          0x0000000000000000        0x0 build/obj/chlists.o
 .data          0x0000000000000000        0x0 build/obj/chlists.o
 .bss           0x0000000000000000        0x0 build/obj/chlists.o
 .debug_info    0x0000000000000000       0x79 build/obj/chlists.o
 .debug_abbrev  0x0000000000000000       0x26 build/obj/chlists.o
 .debug_aranges
                0x0000000000000000       0x18 build/obj/chlists.o
 .debug_line    0x0000000000000000       0x1d build/obj/chlists.o
 .debug_str     0x0000000000000000      0x12f build/obj/chlists.o
 .comment       0x0000000000000000       0x71 build/obj/chlists.o
 .ARM.attributes
                0x0000000000000000       0x39 build/obj/chlists.o
 .text          0x0000000000000000        0x0 build/obj/chvt.o
 .data          0x0000000000000000        0x0 build/obj/chvt.o
 .bss           0x0000000000000000        0x0 build/obj/chvt.o
 .text          0x0000000000000000        0x0 build/obj/chschd.o
 .data          0x0000000000000000        0x0 build/obj/chschd.o
 .bss           0x0000000000000000        0x0 build/obj/chschd.o
 .text          0x0000000000000000        0x0 build/obj/chthreads.o
 .data          0x0000000000000000        0x0 build/obj/chthreads.o
 .bss           0x0000000000000000        0x0 build/obj/chthreads.o
 .text.chThdSetPriority
                0x0000000000000000       0x30 build/obj/chthreads.o
 .text.chThdResume
                0x0000000000000000       0x20 build/obj/chthreads.o
 .text.chThdTerminate
                0x0000000000000000       0x20 build/obj/chthreads.o
 .text.chThdSleepUntil
                0x0000000000000000       0x30 build/obj/chthreads.o
 .text.chThdYield
                0x0000000000000000       0x30 build/obj/chthreads.o
 .text.chThdWait
                0x0000000000000000       0x40 build/obj/chthreads.o
 .text          0x0000000000000000        0x0 build/obj/chdynamic.o
 .data          0x0000000000000000        0x0 build/obj/chdynamic.o
 .bss           0x0000000000000000        0x0 build/obj/chdynamic.o
 .text.chThdAddRef
                0x0000000000000000       0x20 build/obj/chdynamic.o
 .text.chThdRelease
                0x0000000000000000       0x50 build/obj/chdynamic.o
 .text.chThdCreateFromHeap
                0x0000000000000000       0x40 build/obj/chdynamic.o
 .text.chThdCreateFromMemoryPool
                0x0000000000000000       0x50 build/obj/chdynamic.o
 .debug_info    0x0000000000000000      0x9f3 build/obj/chdynamic.o
 .debug_abbrev  0x0000000000000000      0x23a build/obj/chdynamic.o
 .debug_loc     0x0000000000000000      0x2fa build/obj/chdynamic.o
 .debug_aranges
[...]
Memory Configuration

Name             Origin             Length             Attributes
flash            0x0000000008010000 0x0000000000070000
ram              0x0000000020000000 0x000000000001c000
ethram           0x000000002001c000 0x0000000000004000
ccmram           0x0000000010000000 0x0000000000010000
*default*        0x0000000000000000 0xffffffffffffffff

Linker script and memory map

LOAD build/obj/crt0.o
LOAD build/obj/vectors.o
LOAD build/obj/chcore.o
LOAD build/obj/chcore_v7m.o
LOAD build/obj/nvic.o
LOAD build/obj/chsys.o
LOAD build/obj/chdebug.o
LOAD build/obj/chlists.o
LOAD build/obj/chvt.o
LOAD build/obj/chschd.o
LOAD build/obj/chthreads.o
LOAD build/obj/chdynamic.o
LOAD build/obj/chregistry.o
LOAD build/obj/chsem.o
LOAD build/obj/chmtx.o
LOAD build/obj/chcond.o
LOAD build/obj/chevents.o
LOAD build/obj/chmsg.o
LOAD build/obj/chmboxes.o
LOAD build/obj/chqueues.o
LOAD build/obj/chmemcore.o
LOAD build/obj/chheap.o
LOAD build/obj/chmempools.o
LOAD build/obj/hal.o
LOAD build/obj/adc.o
LOAD build/obj/can.o
LOAD build/obj/dac.o
LOAD build/obj/ext.o
LOAD build/obj/gpt.o
LOAD build/obj/i2c.o
LOAD build/obj/icu.o
LOAD build/obj/mac.o
LOAD build/obj/mmc_spi.o
LOAD build/obj/mmcsd.o
LOAD build/obj/pal.o
LOAD build/obj/pwm.o
LOAD build/obj/rtc.o
LOAD build/obj/sdc.o
LOAD build/obj/serial.o
LOAD build/obj/serial_usb.o
LOAD build/obj/spi.o
LOAD build/obj/tm.o
LOAD build/obj/uart.o
LOAD build/obj/usb.o
LOAD build/obj/stm32_dma.o
LOAD build/obj/hal_lld.o
LOAD build/obj/adc_lld.o
LOAD build/obj/ext_lld_isr.o
LOAD build/obj/can_lld.o
LOAD build/obj/ext_lld.o
LOAD build/obj/mac_lld.o
LOAD build/obj/sdc_lld.o
LOAD build/obj/pal_lld.o
LOAD build/obj/i2c_lld.o
LOAD build/obj/usb_lld.o
LOAD build/obj/rtc_lld.o
LOAD build/obj/spi_lld.o
LOAD build/obj/gpt_lld.o
LOAD build/obj/icu_lld.o
LOAD build/obj/pwm_lld.o
LOAD build/obj/serial_lld.o
LOAD build/obj/uart_lld.o
LOAD build/obj/board.o
LOAD build/obj/fatfs_diskio.o
LOAD build/obj/fatfs_syscall.o
LOAD build/obj/ff.o
LOAD build/obj/ccsbcs.o
LOAD build/obj/chprintf.o
LOAD build/obj/sd.o
LOAD build/obj/stm_flash.o
LOAD build/obj/usbCDC.o
LOAD build/obj/lcd.o
LOAD build/obj/analog.o
LOAD build/obj/aithon_private.o
LOAD build/obj/servos.o
LOAD build/obj/imu.o
LOAD build/obj/digital.o
LOAD build/obj/Aithon.o
LOAD build/obj/music.o
LOAD build/obj/ee.o
LOAD build/obj/flash_if.o
LOAD build/obj/motor.o
LOAD build/obj/main.o
START GROUP
LOAD /Users/jseng/gccarm/bin/../lib/gcc/arm-none-eabi/4.7.4/armv7e-m/libgcc.a
LOAD /Users/jseng/gccarm/bin/../lib/gcc/arm-none-eabi/4.7.4/../../../../arm-none-eabi/lib/armv7e-m/libc.a
END GROUP
                0x0000000000000400                __main_stack_size__ = 0x400
                0x0000000000000400                __process_stack_size__ = 0x400
                0x0000000020000000                __ram_start__ = ORIGIN (ram)
                0x000000000001c000                __ram_size__ = 0x1c000
                0x000000002001c000                __ram_end__ = (__ram_start__ + __ram_size__)
                0x0000000000000000                . = 0x0
                0x0000000000000000                _text = .

startup         0x0000000008010000      0x188
 *(vectors)
 vectors        0x0000000008010000      0x188 build/obj/vectors.o
                0x0000000008010000                _vectors

constructors    0x0000000008010188        0x0
                0x0000000008010188                PROVIDE (__init_array_start, .)
 *(SORT(.init_array.*))
 *(.init_array)
                0x0000000008010188                PROVIDE (__init_array_end, .)

destructors     0x0000000008010188        0x0
                0x0000000008010188                PROVIDE (__fini_array_start, .)
 *(.fini_array)
 *(SORT(.fini_array.*))
                0x0000000008010188                PROVIDE (__fini_array_end, .)

.text           0x0000000008010190     0x6cb8
 *(.text.startup.*)
 .text.startup.main
                0x0000000008010190       0x10 build/obj/main.o
                0x0000000008010190                main
 *(.text)
 *(.text.*)
 .text.ResetHandler
                0x00000000080101a0      0x200 build/obj/crt0.o
                0x00000000080101a0                ResetHandler
 .text._unhandled_exception
                0x00000000080103a0       0x10 build/obj/vectors.o
                0x00000000080103a0                Vector174
                0x00000000080103a0                VectorE8
                0x00000000080103a0                Vector9C
                0x00000000080103a0                Vector5C
                0x00000000080103a0                NMIVector
                0x00000000080103a0                Vector11C
                0x00000000080103a0                Vector8C
                0x00000000080103a0                VectorDC
                0x00000000080103a0                Vector168
                0x00000000080103a0                Vector110
                0x00000000080103a0                VectorC8
                0x00000000080103a0                Vector94
                0x00000000080103a0                VectorA8
                0x00000000080103a0                Vector160
                0x00000000080103a0                VectorEC
                0x00000000080103a0                UsageFaultVector
                0x00000000080103a0                DebugMonitorVector
                0x00000000080103a0                Vector40
                0x00000000080103a0                Vector108
                0x00000000080103a0                Vector148
                0x00000000080103a0                PendSVVector
                0x00000000080103a0                Vector118
                0x00000000080103a0                Vector64
                0x00000000080103a0                VectorCC
                0x00000000080103a0                Vector54
                0x00000000080103a0                Vector98
                0x00000000080103a0                Vector138
                0x00000000080103a0                Vector24
                0x00000000080103a0                Vector178
                0x00000000080103a0                BusFaultVector
                0x00000000080103a0                VectorD0
                0x00000000080103a0                Vector140
                0x00000000080103a0                VectorE4
                0x00000000080103a0                HardFaultVector
                0x00000000080103a0                Vector134
                0x00000000080103a0                Vector13C
                0x00000000080103a0                Vector100
                0x00000000080103a0                VectorE0
                0x00000000080103a0                VectorF4
                0x00000000080103a0                MemManageVector
                0x00000000080103a0                VectorC4
                0x00000000080103a0                Vector180
                0x00000000080103a0                Vector90
                0x00000000080103a0                Vector114
                0x00000000080103a0                Vector164
                0x00000000080103a0                Vector60
                0x00000000080103a0                Vector1C
                0x00000000080103a0                Vector17C
                0x00000000080103a0                Vector48
                0x00000000080103a0                Vector16C
                0x00000000080103a0                Vector4C
                0x00000000080103a0                Vector144
                0x00000000080103a0                Vector15C
                0x00000000080103a0                Vector68
                0x00000000080103a0                _unhandled_exception
                0x00000000080103a0                Vector170
                0x00000000080103a0                Vector104
                0x00000000080103a0                Vector184
                0x00000000080103a0                Vector10C
                0x00000000080103a0                Vector50
                0x00000000080103a0                Vector44
                0x00000000080103a0                Vector28
                0x00000000080103a0                Vector34
                0x00000000080103a0                Vector20
                0x00000000080103a0                Vector58
 .text.port_halt
                0x00000000080103b0       0x10 build/obj/chcore.o
                0x00000000080103b0                port_halt
 .text._port_switch_from_isr
                0x00000000080103c0       0x10 build/obj/chcore_v7m.o
                0x00000000080103c0                _port_switch_from_isr
 .text.SVCallVector
                0x00000000080103d0       0x30 build/obj/chcore_v7m.o
                0x00000000080103d0                SVCallVector
 .text._port_init
                0x0000000008010400       0x40 build/obj/chcore_v7m.o
                0x0000000008010400                _port_init
 .text._port_irq_epilogue
                0x0000000008010440       0x90 build/obj/chcore_v7m.o
                0x0000000008010440                _port_irq_epilogue
 .text.SysTickVector
                0x00000000080104d0       0x20 build/obj/chcore_v7m.o
                0x00000000080104d0                SysTickVector
 .text._port_switch
                0x00000000080104f0       0x20 build/obj/chcore_v7m.o
                0x00000000080104f0                _port_switch
 .text._port_thread_start
                0x0000000008010510       0x10 build/obj/chcore_v7m.o
                0x0000000008010510                _port_thread_start
 .text.nvicEnableVector
                0x0000000008010520       0x50 build/obj/nvic.o
                0x0000000008010520                nvicEnableVector
 .text.nvicDisableVector
                0x0000000008010570       0x40 build/obj/nvic.o
                0x0000000008010570                nvicDisableVector
 .text.nvicSetSystemHandlerPriority
                0x00000000080105b0       0x30 build/obj/nvic.o
                0x00000000080105b0                nvicSetSystemHandlerPriority
 .text._idle_thread
                0x00000000080105e0       0x20 build/obj/chsys.o
                0x00000000080105e0                _idle_thread
 .text.chSysInit
                0x0000000008010600       0x70 build/obj/chsys.o
                0x0000000008010600                chSysInit
 .text.chSysTimerHandlerI
                0x0000000008010670       0x60 build/obj/chsys.o
                0x0000000008010670                chSysTimerHandlerI
 .text._vt_init
                0x00000000080106d0       0x20 build/obj/chvt.o
                0x00000000080106d0                _vt_init
 .text.chVTSetI
                0x00000000080106f0       0x40 build/obj/chvt.o
                0x00000000080106f0                chVTSetI
 .text.chVTResetI
                0x0000000008010730       0x30 build/obj/chvt.o
                0x0000000008010730                chVTResetI
 .text.wakeup   0x0000000008010760       0x60 build/obj/chschd.o
 .text._scheduler_init
                0x00000000080107c0       0x20 build/obj/chschd.o
                0x00000000080107c0                _scheduler_init
 .text.chSchReadyI
                0x00000000080107e0       0x20 build/obj/chschd.o
                0x00000000080107e0                chSchReadyI
 .text.chSchGoSleepS
                0x0000000008010800       0x30 build/obj/chschd.o
                0x0000000008010800                chSchGoSleepS
 .text.chSchGoSleepTimeoutS
                0x0000000008010830       0x40 build/obj/chschd.o
                0x0000000008010830                chSchGoSleepTimeoutS
 .text.chSchWakeupS
                0x0000000008010870       0x60 build/obj/chschd.o
                0x0000000008010870                chSchWakeupS
 .text.chSchDoRescheduleBehind
                0x00000000080108d0       0x40 build/obj/chschd.o
                0x00000000080108d0                chSchDoRescheduleBehind
 .text.chSchDoRescheduleAhead
                0x0000000008010910       0x40 build/obj/chschd.o
                0x0000000008010910                chSchDoRescheduleAhead
 .text.chSchRescheduleS
                0x0000000008010950       0x20 build/obj/chschd.o
                0x0000000008010950                chSchRescheduleS
 .text.chSchDoReschedule
                0x0000000008010970       0x20 build/obj/chschd.o
                0x0000000008010970                chSchDoReschedule
 .text._thread_init
                0x0000000008010990       0x50 build/obj/chthreads.o
                0x0000000008010990                _thread_init
 .text.chThdCreateI
                0x00000000080109e0       0x70 build/obj/chthreads.o
                0x00000000080109e0                chThdCreateI
 .text.chThdCreateStatic
                0x0000000008010a50       0x30 build/obj/chthreads.o
                0x0000000008010a50                chThdCreateStatic
 .text.chThdSleep
                0x0000000008010a80       0x20 build/obj/chthreads.o
                0x0000000008010a80                chThdSleep
 .text.chThdExitS
                0x0000000008010aa0       0x40 build/obj/chthreads.o
                0x0000000008010aa0                chThdExitS
 .text.chThdExit
                0x0000000008010ae0       0x10 build/obj/chthreads.o
                0x0000000008010ae0                chThdExit
 .text.chMtxInit
                0x0000000008010af0       0x10 build/obj/chmtx.o
                0x0000000008010af0                chMtxInit
 .text.chMtxLockS
                0x0000000008010b00       0xd0 build/obj/chmtx.o
                0x0000000008010b00                chMtxLockS
 .text.chMtxLock
                0x0000000008010bd0       0x20 build/obj/chmtx.o
                0x0000000008010bd0                chMtxLock
 .text.chMtxUnlock
                0x0000000008010bf0       0x60 build/obj/chmtx.o
                0x0000000008010bf0                chMtxUnlock
 .text.chEvtSignalI
                0x0000000008010c50       0x30 build/obj/chevents.o
                0x0000000008010c50                chEvtSignalI
 .text.chEvtSignal
                0x0000000008010c80       0x20 build/obj/chevents.o
                0x0000000008010c80                chEvtSignal
 .text.chEvtBroadcastFlagsI
                0x0000000008010ca0       0x20 build/obj/chevents.o
                0x0000000008010ca0                chEvtBroadcastFlagsI
 .text.chEvtWaitAny
                0x0000000008010cc0       0x40 build/obj/chevents.o
                0x0000000008010cc0                chEvtWaitAny
 .text.chMsgWait
                0x0000000008010d00       0x40 build/obj/chmsg.o
                0x0000000008010d00                chMsgWait
 .text.chMsgRelease
                0x0000000008010d40       0x20 build/obj/chmsg.o
                0x0000000008010d40                chMsgRelease
 .text.qwait    0x0000000008010d60       0x30 build/obj/chqueues.o
 .text.chIQInit
                0x0000000008010d90       0x20 build/obj/chqueues.o
                0x0000000008010d90                chIQInit
 .text.chIQResetI
                0x0000000008010db0       0x30 build/obj/chqueues.o
                0x0000000008010db0                chIQResetI
 .text.chIQPutI
                0x0000000008010de0       0x50 build/obj/chqueues.o
                0x0000000008010de0                chIQPutI
 .text.chIQGetTimeout
                0x0000000008010e30       0x50 build/obj/chqueues.o
                0x0000000008010e30                chIQGetTimeout
 .text.chIQReadTimeout
                0x0000000008010e80       0x80 build/obj/chqueues.o
                0x0000000008010e80                chIQReadTimeout
 .text.chOQInit
                0x0000000008010f00       0x20 build/obj/chqueues.o
                0x0000000008010f00                chOQInit
 .text.chOQResetI
                0x0000000008010f20       0x30 build/obj/chqueues.o
                0x0000000008010f20                chOQResetI
 .text.chOQPutTimeout
                0x0000000008010f50       0x50 build/obj/chqueues.o
                0x0000000008010f50                chOQPutTimeout
 .text.chOQGetI
                0x0000000008010fa0       0x50 build/obj/chqueues.o
                0x0000000008010fa0                chOQGetI
 .text.chOQWriteTimeout
                0x0000000008010ff0       0x80 build/obj/chqueues.o
                0x0000000008010ff0                chOQWriteTimeout
 .text._core_init
                0x0000000008011070       0x30 build/obj/chmemcore.o
                0x0000000008011070                _core_init
 .text.chCoreAlloc
                0x00000000080110a0       0x40 build/obj/chmemcore.o
                0x00000000080110a0                chCoreAlloc
 .text._heap_init
                0x00000000080110e0       0x20 build/obj/chheap.o
                0x00000000080110e0                _heap_init
 .text.halInit  0x0000000008011100       0x40 build/obj/hal.o
                0x0000000008011100                halInit
 .text.halPolledDelay
                0x0000000008011140       0x30 build/obj/hal.o
                0x0000000008011140                halPolledDelay
 .text.adcInit  0x0000000008011170       0x10 build/obj/adc.o
                0x0000000008011170                adcInit
 .text.adcObjectInit
                0x0000000008011180       0x20 build/obj/adc.o
                0x0000000008011180                adcObjectInit
 .text.adcStart
                0x00000000080111a0       0x20 build/obj/adc.o
                0x00000000080111a0                adcStart
 .text.adcStartConversion
                0x00000000080111c0       0x30 build/obj/adc.o
                0x00000000080111c0                adcStartConversion
 .text.i2cInit  0x00000000080111f0       0x10 build/obj/i2c.o
                0x00000000080111f0                i2cInit
 .text.i2cObjectInit
                0x0000000008011200       0x10 build/obj/i2c.o
                0x0000000008011200                i2cObjectInit
 .text.i2cStart
                0x0000000008011210       0x20 build/obj/i2c.o
                0x0000000008011210                i2cStart
 .text.i2cMasterTransmitTimeout
                0x0000000008011230       0x40 build/obj/i2c.o
                0x0000000008011230                i2cMasterTransmitTimeout
 .text.mmcInit  0x0000000008011270       0x10 build/obj/mmc_spi.o
                0x0000000008011270                mmcInit
 .text.pwmInit  0x0000000008011280       0x10 build/obj/pwm.o
                0x0000000008011280                pwmInit
 .text.pwmObjectInit
                0x0000000008011290       0x10 build/obj/pwm.o
                0x0000000008011290                pwmObjectInit
 .text.pwmStart
                0x00000000080112a0       0x20 build/obj/pwm.o
                0x00000000080112a0                pwmStart
 .text.pwmStop  0x00000000080112c0       0x20 build/obj/pwm.o
                0x00000000080112c0                pwmStop
 .text.pwmEnableChannel
                0x00000000080112e0       0x20 build/obj/pwm.o
                0x00000000080112e0                pwmEnableChannel
 .text.pwmDisableChannel
                0x0000000008011300       0x20 build/obj/pwm.o
                0x0000000008011300                pwmDisableChannel
 .text.readt    0x0000000008011320       0x10 build/obj/serial.o
 .text.read     0x0000000008011330       0x10 build/obj/serial.o
 .text.writet   0x0000000008011340       0x10 build/obj/serial.o
 .text.write    0x0000000008011350       0x10 build/obj/serial.o
 .text.gett     0x0000000008011360       0x10 build/obj/serial.o
 .text.get      0x0000000008011370       0x10 build/obj/serial.o
 .text.putt     0x0000000008011380       0x10 build/obj/serial.o
 .text.put      0x0000000008011390       0x10 build/obj/serial.o
 .text.sdInit   0x00000000080113a0       0x10 build/obj/serial.o
                0x00000000080113a0                sdInit
 .text.sdObjectInit
                0x00000000080113b0       0x50 build/obj/serial.o
                0x00000000080113b0                sdObjectInit
 .text.sdStart  0x0000000008011400       0x20 build/obj/serial.o
                0x0000000008011400                sdStart
 .text.sdIncomingDataI
                0x0000000008011420       0x40 build/obj/serial.o
                0x0000000008011420                sdIncomingDataI
 .text.inotify  0x0000000008011460       0x70 build/obj/serial_usb.o
 .text.onotify  0x00000000080114d0       0x60 build/obj/serial_usb.o
 .text.readt    0x0000000008011530       0x10 build/obj/serial_usb.o
 .text.read     0x0000000008011540       0x10 build/obj/serial_usb.o
 .text.writet   0x0000000008011550       0x10 build/obj/serial_usb.o
 .text.write    0x0000000008011560       0x10 build/obj/serial_usb.o
 .text.gett     0x0000000008011570       0x10 build/obj/serial_usb.o
 .text.get      0x0000000008011580       0x10 build/obj/serial_usb.o
 .text.putt     0x0000000008011590       0x10 build/obj/serial_usb.o
 .text.put      0x00000000080115a0       0x10 build/obj/serial_usb.o
 .text.sduInit  0x00000000080115b0       0x10 build/obj/serial_usb.o
                0x00000000080115b0                sduInit
 .text.sduObjectInit
                0x00000000080115c0       0x60 build/obj/serial_usb.o
                0x00000000080115c0                sduObjectInit
 .text.sduStart
                0x0000000008011620       0x40 build/obj/serial_usb.o
                0x0000000008011620                sduStart
 .text.sduStop  0x0000000008011660       0x60 build/obj/serial_usb.o
                0x0000000008011660                sduStop
 .text.sduConfigureHookI
                0x00000000080116c0       0x50 build/obj/serial_usb.o
                0x00000000080116c0                sduConfigureHookI
 .text.sduRequestsHook
                0x0000000008011710       0x40 build/obj/serial_usb.o
                0x0000000008011710                sduRequestsHook
 .text.sduDataTransmitted
                0x0000000008011750       0x70 build/obj/serial_usb.o
                0x0000000008011750                sduDataTransmitted
 .text.sduDataReceived
                0x00000000080117c0       0x70 build/obj/serial_usb.o
                0x00000000080117c0                sduDataReceived
 .text.sduInterruptTransmitted
                0x0000000008011830       0x10 build/obj/serial_usb.o
                0x0000000008011830                sduInterruptTransmitted
 .text.spiInit  0x0000000008011840       0x10 build/obj/spi.o
                0x0000000008011840                spiInit
 .text.spiObjectInit
                0x0000000008011850       0x10 build/obj/spi.o
                0x0000000008011850                spiObjectInit
 .text.tm_start
                0x0000000008011860       0x10 build/obj/tm.o
 .text.tm_stop  0x0000000008011870       0x40 build/obj/tm.o
 .text.tmInit   0x00000000080118b0       0x50 build/obj/tm.o
                0x00000000080118b0                tmInit
 .text.usbInit  0x0000000008011900       0x10 build/obj/usb.o
                0x0000000008011900                usbInit
 .text.usbObjectInit
                0x0000000008011910       0x20 build/obj/usb.o
                0x0000000008011910                usbObjectInit
 .text.usbStart
                0x0000000008011930       0x30 build/obj/usb.o
                0x0000000008011930                usbStart
 .text.usbStop  0x0000000008011960       0x20 build/obj/usb.o
                0x0000000008011960                usbStop
 .text.usbInitEndpointI
                0x0000000008011980       0x40 build/obj/usb.o
                0x0000000008011980                usbInitEndpointI
 .text.usbPrepareReceive
                0x00000000080119c0       0x20 build/obj/usb.o
                0x00000000080119c0                usbPrepareReceive
 .text.usbPrepareTransmit
                0x00000000080119e0       0x20 build/obj/usb.o
                0x00000000080119e0                usbPrepareTransmit
 .text.usbPrepareQueuedReceive
                0x0000000008011a00       0x20 build/obj/usb.o
                0x0000000008011a00                usbPrepareQueuedReceive
 .text.usbPrepareQueuedTransmit
                0x0000000008011a20       0x20 build/obj/usb.o
                0x0000000008011a20                usbPrepareQueuedTransmit
 .text.usbStartReceiveI
                0x0000000008011a40       0x30 build/obj/usb.o
                0x0000000008011a40                usbStartReceiveI
 .text.usbStartTransmitI
                0x0000000008011a70       0x30 build/obj/usb.o
                0x0000000008011a70                usbStartTransmitI
 .text._usb_reset
                0x0000000008011aa0       0x30 build/obj/usb.o
                0x0000000008011aa0                _usb_reset
 .text._usb_ep0setup
                0x0000000008011ad0      0x320 build/obj/usb.o
                0x0000000008011ad0                _usb_ep0setup
 .text._usb_ep0in
                0x0000000008011df0       0xc0 build/obj/usb.o
                0x0000000008011df0                _usb_ep0in
 .text._usb_ep0out
                0x0000000008011eb0       0x80 build/obj/usb.o
                0x0000000008011eb0                _usb_ep0out
 .text.Vector6C
                0x0000000008011f30       0x30 build/obj/stm32_dma.o
                0x0000000008011f30                Vector6C
 .text.Vector70
                0x0000000008011f60       0x30 build/obj/stm32_dma.o
                0x0000000008011f60                Vector70
 .text.Vector74
                0x0000000008011f90       0x30 build/obj/stm32_dma.o
                0x0000000008011f90                Vector74
 .text.Vector78
                0x0000000008011fc0       0x30 build/obj/stm32_dma.o
                0x0000000008011fc0                Vector78
 .text.Vector7C
                0x0000000008011ff0       0x30 build/obj/stm32_dma.o
                0x0000000008011ff0                Vector7C
 .text.Vector80
                0x0000000008012020       0x30 build/obj/stm32_dma.o
                0x0000000008012020                Vector80
 .text.Vector84
                0x0000000008012050       0x30 build/obj/stm32_dma.o
                0x0000000008012050                Vector84
 .text.VectorFC
                0x0000000008012080       0x30 build/obj/stm32_dma.o
                0x0000000008012080                VectorFC
 .text.Vector120
                0x00000000080120b0       0x30 build/obj/stm32_dma.o
                0x00000000080120b0                Vector120
 .text.Vector124
                0x00000000080120e0       0x30 build/obj/stm32_dma.o
                0x00000000080120e0                Vector124
 .text.Vector128
                0x0000000008012110       0x30 build/obj/stm32_dma.o
                0x0000000008012110                Vector128
 .text.Vector12C
                0x0000000008012140       0x30 build/obj/stm32_dma.o
                0x0000000008012140                Vector12C
 .text.Vector130
                0x0000000008012170       0x30 build/obj/stm32_dma.o
                0x0000000008012170                Vector130
 .text.Vector150
                0x00000000080121a0       0x30 build/obj/stm32_dma.o
                0x00000000080121a0                Vector150
 .text.Vector154
                0x00000000080121d0       0x30 build/obj/stm32_dma.o
                0x00000000080121d0                Vector154
 .text.Vector158
                0x0000000008012200       0x30 build/obj/stm32_dma.o
                0x0000000008012200                Vector158
 .text.dmaInit  0x0000000008012230      0x140 build/obj/stm32_dma.o
                0x0000000008012230                dmaInit
 .text.dmaStreamAllocate
                0x0000000008012370       0xa0 build/obj/stm32_dma.o
                0x0000000008012370                dmaStreamAllocate
 .text.hal_lld_init
                0x0000000008012410       0xb0 build/obj/hal_lld.o
                0x0000000008012410                hal_lld_init
 .text.stm32_clock_init
                0x00000000080124c0      0x100 build/obj/hal_lld.o
                0x00000000080124c0                stm32_clock_init
 .text.adc_lld_init
                0x00000000080125c0       0x90 build/obj/adc_lld.o
                0x00000000080125c0                adc_lld_init
 .text.adc_lld_start
                0x0000000008012650       0xe0 build/obj/adc_lld.o
                0x0000000008012650                adc_lld_start
 .text.adc_lld_start_conversion
                0x0000000008012730       0x80 build/obj/adc_lld.o
                0x0000000008012730                adc_lld_start_conversion
 .text.adc_lld_stop_conversion
                0x00000000080127b0       0x30 build/obj/adc_lld.o
                0x00000000080127b0                adc_lld_stop_conversion
 .text.adc_lld_serve_rx_interrupt
                0x00000000080127e0       0xe0 build/obj/adc_lld.o
 .text.Vector88
                0x00000000080128c0      0x150 build/obj/adc_lld.o
                0x00000000080128c0                Vector88
 .text._pal_lld_init
                0x0000000008012a10      0x1b0 build/obj/pal_lld.o
                0x0000000008012a10                _pal_lld_init
 .text.i2c_lld_abort_operation
                0x0000000008012bc0       0x60 build/obj/i2c_lld.o
 .text.i2c_lld_safety_timeout
                0x0000000008012c20       0x30 build/obj/i2c_lld.o
 .text.i2c_lld_serve_tx_end_irq
                0x0000000008012c50       0x40 build/obj/i2c_lld.o
 .text.i2c_lld_serve_rx_end_irq
                0x0000000008012c90       0x70 build/obj/i2c_lld.o
 .text.VectorBC
                0x0000000008012d00      0x120 build/obj/i2c_lld.o
                0x0000000008012d00                VectorBC
 .text.VectorC0
                0x0000000008012e20      0x100 build/obj/i2c_lld.o
                0x0000000008012e20                VectorC0
 .text.i2c_lld_init
                0x0000000008012f20       0x30 build/obj/i2c_lld.o
                0x0000000008012f20                i2c_lld_init
 .text.i2c_lld_start
                0x0000000008012f50      0x190 build/obj/i2c_lld.o
                0x0000000008012f50                i2c_lld_start
 .text.i2c_lld_master_transmit_timeout
                0x00000000080130e0       0xf0 build/obj/i2c_lld.o
                0x00000000080130e0                i2c_lld_master_transmit_timeout
 .text.otg_disable_ep
                0x00000000080131d0       0x90 build/obj/usb_lld.o
 .text.otg_epout_handler
                0x0000000008013260       0x60 build/obj/usb_lld.o
 .text.otg_txfifo_flush
                0x00000000080132c0       0x20 build/obj/usb_lld.o
 .text.usb_lld_pump
                0x00000000080132e0      0x4a0 build/obj/usb_lld.o
 .text.otg_epin_handler
                0x0000000008013780       0x80 build/obj/usb_lld.o
 .text.Vector14C
                0x0000000008013800      0x100 build/obj/usb_lld.o
                0x0000000008013800                Vector14C
 .text.usb_lld_init
                0x0000000008013900       0x30 build/obj/usb_lld.o
                0x0000000008013900                usb_lld_init
 .text.usb_lld_start
                0x0000000008013930       0xe0 build/obj/usb_lld.o
                0x0000000008013930                usb_lld_start
 .text.usb_lld_stop
                0x0000000008013a10       0x20 build/obj/usb_lld.o
                0x0000000008013a10                usb_lld_stop
 .text.usb_lld_reset
                0x0000000008013a30      0x130 build/obj/usb_lld.o
                0x0000000008013a30                usb_lld_reset
 .text.usb_lld_set_address
                0x0000000008013b60       0x20 build/obj/usb_lld.o
                0x0000000008013b60                usb_lld_set_address
 .text.usb_lld_init_endpoint
                0x0000000008013b80      0x140 build/obj/usb_lld.o
                0x0000000008013b80                usb_lld_init_endpoint
 .text.usb_lld_get_status_out
                0x0000000008013cc0       0x20 build/obj/usb_lld.o
                0x0000000008013cc0                usb_lld_get_status_out
 .text.usb_lld_get_status_in
                0x0000000008013ce0       0x20 build/obj/usb_lld.o
                0x0000000008013ce0                usb_lld_get_status_in
 .text.usb_lld_read_setup
                0x0000000008013d00       0x20 build/obj/usb_lld.o
                0x0000000008013d00                usb_lld_read_setup
 .text.usb_lld_prepare_receive
                0x0000000008013d20       0x30 build/obj/usb_lld.o
                0x0000000008013d20                usb_lld_prepare_receive
 .text.usb_lld_prepare_transmit
                0x0000000008013d50       0x40 build/obj/usb_lld.o
                0x0000000008013d50                usb_lld_prepare_transmit
 .text.usb_lld_start_out
                0x0000000008013d90       0x10 build/obj/usb_lld.o
                0x0000000008013d90                usb_lld_start_out
 .text.usb_lld_start_in
                0x0000000008013da0       0x30 build/obj/usb_lld.o
                0x0000000008013da0                usb_lld_start_in
 .text.usb_lld_stall_out
                0x0000000008013dd0       0x10 build/obj/usb_lld.o
                0x0000000008013dd0                usb_lld_stall_out
 .text.usb_lld_stall_in
                0x0000000008013de0       0x10 build/obj/usb_lld.o
                0x0000000008013de0                usb_lld_stall_in
 .text.usb_lld_clear_out
                0x0000000008013df0       0x10 build/obj/usb_lld.o
                0x0000000008013df0                usb_lld_clear_out
 .text.usb_lld_clear_in
                0x0000000008013e00       0x10 build/obj/usb_lld.o
                0x0000000008013e00                usb_lld_clear_in
 .text.spi_lld_init
                0x0000000008013e10       0x80 build/obj/spi_lld.o
                0x0000000008013e10                spi_lld_init
 .text.pwm_lld_serve_interrupt
                0x0000000008013e90       0x70 build/obj/pwm_lld.o
 .text.VectorA4
                0x0000000008013f00       0x30 build/obj/pwm_lld.o
                0x0000000008013f00                VectorA4
 .text.VectorAC
                0x0000000008013f30       0x70 build/obj/pwm_lld.o
                0x0000000008013f30                VectorAC
 .text.VectorB0
                0x0000000008013fa0       0x20 build/obj/pwm_lld.o
                0x0000000008013fa0                VectorB0
 .text.VectorB4
                0x0000000008013fc0       0x20 build/obj/pwm_lld.o
                0x0000000008013fc0                VectorB4
 .text.VectorB8
                0x0000000008013fe0       0x20 build/obj/pwm_lld.o
                0x0000000008013fe0                VectorB8
 .text.VectorF0
                0x0000000008014000       0x30 build/obj/pwm_lld.o
                0x0000000008014000                VectorF0
 .text.VectorF8
                0x0000000008014030       0x70 build/obj/pwm_lld.o
                0x0000000008014030                VectorF8
 .text.VectorA0
                0x00000000080140a0       0x20 build/obj/pwm_lld.o
                0x00000000080140a0                VectorA0
 .text.pwm_lld_init
                0x00000000080140c0       0x90 build/obj/pwm_lld.o
                0x00000000080140c0                pwm_lld_init
 .text.pwm_lld_start
                0x0000000008014150      0x2a0 build/obj/pwm_lld.o
                0x0000000008014150                pwm_lld_start
 .text.pwm_lld_stop
                0x00000000080143f0       0xf0 build/obj/pwm_lld.o
                0x00000000080143f0                pwm_lld_stop
 .text.pwm_lld_enable_channel
                0x00000000080144e0       0x30 build/obj/pwm_lld.o
                0x00000000080144e0                pwm_lld_enable_channel
 .text.pwm_lld_disable_channel
                0x0000000008014510       0x20 build/obj/pwm_lld.o
                0x0000000008014510                pwm_lld_disable_channel
 .text.notify1  0x0000000008014530       0x20 build/obj/serial_lld.o
 .text.notify2  0x0000000008014550       0x20 build/obj/serial_lld.o
 .text.serve_interrupt
                0x0000000008014570      0x120 build/obj/serial_lld.o
 .text.VectorD4
                0x0000000008014690       0x20 build/obj/serial_lld.o
                0x0000000008014690                VectorD4
 .text.VectorD8
                0x00000000080146b0       0x20 build/obj/serial_lld.o
                0x00000000080146b0                VectorD8
 .text.sd_lld_init
                0x00000000080146d0       0x50 build/obj/serial_lld.o
                0x00000000080146d0                sd_lld_init
 .text.sd_lld_start
                0x0000000008014720       0xd0 build/obj/serial_lld.o
                0x0000000008014720                sd_lld_start
 .text.__early_init
                0x00000000080147f0       0x10 build/obj/board.o
                0x00000000080147f0                __early_init
 .text.boardInit
                0x0000000008014800       0x10 build/obj/board.o
                0x0000000008014800                boardInit
 .text.long_to_string_with_divisor.constprop.0
                0x0000000008014810       0x70 build/obj/chprintf.o
 .text.chvprintf
                0x0000000008014880      0x380 build/obj/chprintf.o
                0x0000000008014880                chvprintf
 .text.FLASH_Unlock
                0x0000000008014c00       0x30 build/obj/stm_flash.o
                0x0000000008014c00                FLASH_Unlock
 .text.FLASH_GetStatus
                0x0000000008014c30       0x40 build/obj/stm_flash.o
                0x0000000008014c30                FLASH_GetStatus
 .text.FLASH_WaitForLastOperation
                0x0000000008014c70       0x30 build/obj/stm_flash.o
                0x0000000008014c70                FLASH_WaitForLastOperation
 .text.FLASH_ProgramHalfWord
                0x0000000008014ca0       0x40 build/obj/stm_flash.o
                0x0000000008014ca0                FLASH_ProgramHalfWord
 .text.FLASH_EraseSector
                0x0000000008014ce0       0x80 build/obj/stm_flash.o
                0x0000000008014ce0                FLASH_EraseSector
 .text._get_descriptor
                0x0000000008014d60       0x40 build/obj/usbCDC.o
 .text._request_hook
                0x0000000008014da0       0x70 build/obj/usbCDC.o
 .text._usb_event
                0x0000000008014e10       0x40 build/obj/usbCDC.o
 .text._usbcdc_init
                0x0000000008014e50       0x50 build/obj/usbCDC.o
                0x0000000008014e50                _usbcdc_init
 .text._usb_stop
                0x0000000008014ea0       0x30 build/obj/usbCDC.o
                0x0000000008014ea0                _usb_stop
 .text._write_byte
                0x0000000008014ed0      0x180 build/obj/lcd.o
                0x0000000008014ed0                _write_byte
 .text._write_data
                0x0000000008015050       0x20 build/obj/lcd.o
                0x0000000008015050                _write_data
 .text._write_control
                0x0000000008015070       0x20 build/obj/lcd.o
                0x0000000008015070                _write_control
 .text.lcd_clear
                0x0000000008015090       0x20 build/obj/lcd.o
                0x0000000008015090                lcd_clear
 .text.lcd_on   0x00000000080150b0       0x10 build/obj/lcd.o
                0x00000000080150b0                lcd_on
 .text.lcd_off  0x00000000080150c0       0x10 build/obj/lcd.o
                0x00000000080150c0                lcd_off
 .text._lcd_init
                0x00000000080150d0       0x70 build/obj/lcd.o
                0x00000000080150d0                _lcd_init
 .text.lcd_cursor
                0x0000000008015140       0x20 build/obj/lcd.o
                0x0000000008015140                lcd_cursor
 .text.lcd_printChar
                0x0000000008015160       0x10 build/obj/lcd.o
                0x0000000008015160                lcd_printChar
 .text._put     0x0000000008015170       0x10 build/obj/lcd.o
 .text.scrollSetDelay
                0x0000000008015180       0x10 build/obj/lcd.o
                0x0000000008015180                scrollSetDelay
 .text.scrollEnable
                0x0000000008015190       0x10 build/obj/lcd.o
                0x0000000008015190                scrollEnable
 .text.scrollPause
                0x00000000080151a0       0x10 build/obj/lcd.o
                0x00000000080151a0                scrollPause
 .text.scrollMessage
                0x00000000080151b0       0x90 build/obj/lcd.o
                0x00000000080151b0                scrollMessage
 .text._analog_init
                0x0000000008015240       0x30 build/obj/analog.o
                0x0000000008015240                _analog_init
 .text.analog_get
                0x0000000008015270       0x40 build/obj/analog.o
                0x0000000008015270                analog_get
 .text._default_exit
                0x00000000080152b0       0x10 build/obj/aithon_private.o
                0x00000000080152b0                _default_exit
 .text._reset_to_bootloader
                0x00000000080152c0       0x30 build/obj/aithon_private.o
                0x00000000080152c0                _reset_to_bootloader
 .text.aithon_thread
                0x00000000080152f0       0x20 build/obj/aithon_private.o
 .text._aithon_private_init
                0x0000000008015310       0x30 build/obj/aithon_private.o
                0x0000000008015310                _aithon_private_init
 .text.__late_init
                0x0000000008015340       0x60 build/obj/aithon_private.o
                0x0000000008015340                __late_init
 .text.servo_enableAll
                0x00000000080153a0       0x30 build/obj/servos.o
                0x00000000080153a0                servo_enableAll
 .text._servo_init
                0x00000000080153d0       0x10 build/obj/servos.o
                0x00000000080153d0                _servo_init
 .text.servo_set
                0x00000000080153e0       0x50 build/obj/servos.o
                0x00000000080153e0                servo_set
 .text._imu_write
                0x0000000008015430       0x30 build/obj/imu.o
                0x0000000008015430                _imu_write
 .text._imu_init
                0x0000000008015460       0x40 build/obj/imu.o
                0x0000000008015460                _imu_init
 .text.digital_get
                0x00000000080154a0       0x30 build/obj/digital.o
                0x00000000080154a0                digital_get
 .text.led_off  0x00000000080154d0       0x30 build/obj/Aithon.o
                0x00000000080154d0                led_off
 .text.button_get
                0x0000000008015500       0x40 build/obj/Aithon.o
                0x0000000008015500                button_get
 .text._play_note
                0x0000000008015540       0x90 build/obj/music.o
                0x0000000008015540                _play_note
 .text.MusicThread
                0x00000000080155d0       0x50 build/obj/music.o
 .text._music_init
                0x0000000008015620       0x40 build/obj/music.o
                0x0000000008015620                _music_init
 .text._getReadPage
                0x0000000008015660       0x20 build/obj/ee.o
                0x0000000008015660                _getReadPage
 .text._verifyAndWrite
                0x0000000008015680       0xf0 build/obj/ee.o
                0x0000000008015680                _verifyAndWrite
 .text._read    0x0000000008015770       0x90 build/obj/ee.o
                0x0000000008015770                _read
 .text._ee_init
                0x0000000008015800      0x1e0 build/obj/ee.o
                0x0000000008015800                _ee_init
 .text._pageTransfer
                0x00000000080159e0       0xf0 build/obj/ee.o
                0x00000000080159e0                _pageTransfer
 .text._write   0x0000000008015ad0       0x20 build/obj/ee.o
                0x0000000008015ad0                _write
 .text._ee_putReserved
                0x0000000008015af0       0x10 build/obj/ee.o
                0x0000000008015af0                _ee_putReserved
 .text._motor_init
                0x0000000008015b00       0x20 build/obj/motor.o
                0x0000000008015b00                _motor_init
 .text.motor_set
                0x0000000008015b20       0xb0 build/obj/motor.o
                0x0000000008015b20                motor_set
 .text.chprintf.constprop.0
                0x0000000008015bd0       0x30 build/obj/main.o
 .text.sendString
                0x0000000008015c00       0x30 build/obj/main.o
                0x0000000008015c00                sendString
 .text.runTests
                0x0000000008015c30      0x840 build/obj/main.o
                0x0000000008015c30                runTests
 .text.memset   0x0000000008016470      0x12c /Users/jseng/gccarm/bin/../lib/gcc/arm-none-eabi/4.7.4/../../../../arm-none-eabi/lib/armv7e-m/libc.a(lib_a-memset.o)
                0x0000000008016470                memset
 *(.rodata)
 *(.rodata.*)
 *fill*         0x000000000801659c        0x4 00
 .rodata.str1.4
                0x00000000080165a0        0x5 build/obj/chsys.o
                                          0x8 (size before relaxing)
 *fill*         0x00000000080165a5        0xb 00
 .rodata.ch_debug
                0x00000000080165b0       0x18 build/obj/chregistry.o
                0x00000000080165b0                ch_debug
 *fill*         0x00000000080165c8        0x8 00
 .rodata.vmt    0x00000000080165d0       0x20 build/obj/serial.o
 .rodata.vmt    0x00000000080165f0       0x20 build/obj/serial_usb.o
 .rodata.zero_status
                0x0000000008016610        0x4 build/obj/usb.o
 *fill*         0x0000000008016614        0xc 00
 .rodata.active_status
                0x0000000008016620        0x4 build/obj/usb.o
 *fill*         0x0000000008016624        0xc 00
 .rodata.halted_status
                0x0000000008016630        0x4 build/obj/usb.o
 *fill*         0x0000000008016634        0xc 00
 .rodata._stm32_dma_streams
                0x0000000008016640       0xc0 build/obj/stm32_dma.o
                0x0000000008016640                _stm32_dma_streams
 .rodata.fsparams
                0x0000000008016700        0xc build/obj/usb_lld.o
 *fill*         0x000000000801670c        0x4 00
 .rodata.str1.4
                0x0000000008016710        0xd build/obj/usb_lld.o
                                         0x10 (size before relaxing)
 *fill*         0x000000000801671d        0x3 00
 .rodata.ep0config
                0x0000000008016720       0x24 build/obj/usb_lld.o
 *fill*         0x0000000008016744        0xc 00
 .rodata.default_config
                0x0000000008016750        0xc build/obj/serial_lld.o
 *fill*         0x000000000801675c        0x4 00
 .rodata.pal_default_config
                0x0000000008016760       0xfc build/obj/board.o
                0x0000000008016760                pal_default_config
 *fill*         0x000000000801685c        0x4 00
 .rodata.str1.4
                0x0000000008016860        0x7 build/obj/chprintf.o
                                          0x8 (size before relaxing)
 *fill*         0x0000000008016867        0x9 00
 .rodata.ep1config
                0x0000000008016870       0x24 build/obj/usbCDC.o
 *fill*         0x0000000008016894        0xc 00
 .rodata._vcom_configuration_descriptor_data
                0x00000000080168a0       0x44 build/obj/usbCDC.o
 *fill*         0x00000000080168e4        0xc 00
 .rodata._vcom_string0
                0x00000000080168f0        0x4 build/obj/usbCDC.o
 *fill*         0x00000000080168f4        0xc 00
 .rodata.ep2config
                0x0000000008016900       0x24 build/obj/usbCDC.o
 *fill*         0x0000000008016924        0xc 00
 .rodata._vcom_string3
                0x0000000008016930        0x8 build/obj/usbCDC.o
 *fill*         0x0000000008016938        0x8 00
 .rodata._serusbcfg
                0x0000000008016940        0x8 build/obj/usbCDC.o
                0x0000000008016940                _serusbcfg
 *fill*         0x0000000008016948        0x8 00
 .rodata._vcom_strings
                0x0000000008016950       0x20 build/obj/usbCDC.o
 .rodata._vcom_string1
                0x0000000008016970       0x28 build/obj/usbCDC.o
 *fill*         0x0000000008016998        0x8 00
 .rodata._vcom_string2
                0x00000000080169a0       0x38 build/obj/usbCDC.o
 *fill*         0x00000000080169d8        0x8 00
 .rodata._vcom_device_descriptor
                0x00000000080169e0        0x8 build/obj/usbCDC.o
 *fill*         0x00000000080169e8        0x8 00
 .rodata._usbcfg
                0x00000000080169f0       0x10 build/obj/usbCDC.o
                0x00000000080169f0                _usbcfg
 .rodata._vcom_device_descriptor_data
                0x0000000008016a00       0x14 build/obj/usbCDC.o
 *fill*         0x0000000008016a14        0xc 00
 .rodata._vcom_configuration_descriptor
                0x0000000008016a20        0x8 build/obj/usbCDC.o
 *fill*         0x0000000008016a28        0x8 00
 .rodata._config
                0x0000000008016a30       0x28 build/obj/analog.o
 *fill*         0x0000000008016a58        0x8 00
 .rodata._pwmcfg4
                0x0000000008016a60       0x38 build/obj/servos.o
 *fill*         0x0000000008016a98        0x8 00
 .rodata._pwmcfg8
                0x0000000008016aa0       0x38 build/obj/servos.o
 *fill*         0x0000000008016ad8        0x8 00
 .rodata.imu_config
                0x0000000008016ae0        0xc build/obj/imu.o
 *fill*         0x0000000008016aec        0x4 00
 .rodata.pwmcfg1
                0x0000000008016af0       0x38 build/obj/motor.o
 *fill*         0x0000000008016b28        0x8 00
 .rodata.motorPins
                0x0000000008016b30       0x10 build/obj/motor.o
 .rodata.str1.4
                0x0000000008016b40      0x308 build/obj/main.o
                                        0x328 (size before relaxing)
 *(.glue_7t)
 .glue_7t       0x0000000000000000        0x0 linker stubs
 *(.glue_7)
 .glue_7        0x0000000000000000        0x0 linker stubs
 *(.gcc*)

.vfp11_veneer   0x0000000008016e48        0x0
 .vfp11_veneer  0x0000000000000000        0x0 linker stubs

.v4_bx          0x0000000008016e48        0x0
 .v4_bx         0x0000000000000000        0x0 linker stubs

.iplt           0x0000000008016e48        0x0
 .iplt          0x0000000000000000        0x0 build/obj/crt0.o

.rel.dyn        0x0000000008016e48        0x0
 .rel.iplt      0x0000000000000000        0x0 build/obj/crt0.o

.ARM.extab
 *(.ARM.extab* .gnu.linkonce.armextab.*)

.ARM.exidx      0x0000000008016e48        0x0
                0x0000000008016e48                PROVIDE (__exidx_start, .)
 *(.ARM.exidx* .gnu.linkonce.armexidx.*)
                0x0000000008016e48                PROVIDE (__exidx_end, .)

.eh_frame_hdr
 *(.eh_frame_hdr)

.eh_frame
 *(.eh_frame)

.textalign      0x0000000008016e48        0x0
                0x0000000008016e48                . = ALIGN (0x8)
                0x0000000008016e48                _etext = .
                0x0000000008016e48                _textdata = _etext

.stacks         0x0000000020000000      0x800
                0x0000000020000000                . = ALIGN (0x8)
                0x0000000020000000                __main_stack_base__ = .
                0x0000000020000400                . = (. + __main_stack_size__)
 *fill*         0x0000000020000000      0x400 00
                0x0000000020000400                . = ALIGN (0x8)
                0x0000000020000400                __main_stack_end__ = .
                0x0000000020000400                __process_stack_base__ = .
                0x0000000020000400                __main_thread_stack_base__ = .
                0x0000000020000800                . = (. + __process_stack_size__)
 *fill*         0x0000000020000400      0x400 00
                0x0000000020000800                . = ALIGN (0x8)
                0x0000000020000800                __process_stack_end__ = .
                0x0000000020000800                __main_thread_stack_end__ = .

.data           0x0000000020000800      0x118 load address 0x0000000008016e48
                0x0000000020000800                . = ALIGN (0x4)
                0x0000000020000800                PROVIDE (_data, .)
 *(.data)
                0x0000000020000800                . = ALIGN (0x4)
 *(.data.*)
 .data.linecoding
                0x0000000020000800        0x8 build/obj/serial_usb.o
 .data._resetSequence
                0x0000000020000808        0x4 build/obj/usbCDC.o
                0x0000000020000808                _resetSequence
 .data._scrollDelay
                0x000000002000080c        0x4 build/obj/lcd.o
                0x000000002000080c                _scrollDelay
 .data._scrollStatus
                0x0000000020000810        0x4 build/obj/lcd.o
                0x0000000020000810                _scrollStatus
 .data._scrollStart
                0x0000000020000814        0x4 build/obj/lcd.o
                0x0000000020000814                _scrollStart
 .data._scrollWidth
                0x0000000020000818        0x4 build/obj/lcd.o
                0x0000000020000818                _scrollWidth
 .data._vmt     0x000000002000081c       0x10 build/obj/lcd.o
 .data._pads    0x000000002000082c       0x44 build/obj/digital.o
                0x000000002000082c                _pads
 .data._ports   0x0000000020000870       0x44 build/obj/digital.o
                0x0000000020000870                _ports
 .data._pwmcfg2
                0x00000000200008b4       0x38 build/obj/music.o
 .data._pages   0x00000000200008ec       0x20 build/obj/ee.o
                0x00000000200008ec                _pages
 .data._interfaces
                0x000000002000090c        0xc build/obj/main.o
                0x000000002000090c                _interfaces
                0x0000000020000918                . = ALIGN (0x4)
 *(.ramtext)
                0x0000000020000918                . = ALIGN (0x4)
                0x0000000020000918                PROVIDE (_edata, .)

.igot.plt       0x0000000020000918        0x0 load address 0x0000000008016f60
 .igot.plt      0x0000000000000000        0x0 build/obj/crt0.o

.bss            0x0000000020000918     0x1948 load address 0x0000000008016f60
                0x0000000020000918                . = ALIGN (0x4)
                0x0000000020000918                PROVIDE (_bss_start, .)
 *(.bss)
                0x0000000020000918                . = ALIGN (0x4)
 *(.bss.*)
 .bss.mainthread.4807
                0x0000000020000918       0x48 build/obj/chsys.o
 .bss._idle_thread_wa
                0x0000000020000960      0x148 build/obj/chsys.o
                0x0000000020000960                _idle_thread_wa
 .bss.vtlist    0x0000000020000aa8       0x10 build/obj/chvt.o
                0x0000000020000aa8                vtlist
 .bss.rlist     0x0000000020000ab8       0x1c build/obj/chschd.o
                0x0000000020000ab8                rlist
 .bss.endmem    0x0000000020000ad4        0x4 build/obj/chmemcore.o
 .bss.nextmem   0x0000000020000ad8        0x4 build/obj/chmemcore.o
 *fill*         0x0000000020000adc        0x4 00
 .bss.default_heap
                0x0000000020000ae0       0x20 build/obj/chheap.o
 .bss.measurement_offset
                0x0000000020000b00        0x4 build/obj/tm.o
 .bss.dma_isr_redir
                0x0000000020000b04       0x80 build/obj/stm32_dma.o
 .bss.dma_streams_mask
                0x0000000020000b84        0x4 build/obj/stm32_dma.o
 .bss.ADCD1     0x0000000020000b88       0x24 build/obj/adc_lld.o
                0x0000000020000b88                ADCD1
 .bss.ADCD2     0x0000000020000bac       0x24 build/obj/adc_lld.o
                0x0000000020000bac                ADCD2
 .bss.ADCD3     0x0000000020000bd0       0x24 build/obj/adc_lld.o
                0x0000000020000bd0                ADCD3
 .bss.I2CD1     0x0000000020000bf4       0x38 build/obj/i2c_lld.o
                0x0000000020000bf4                I2CD1
 *fill*         0x0000000020000c2c        0x4 00
 .bss.USBD1     0x0000000020000c30      0x220 build/obj/usb_lld.o
                0x0000000020000c30                USBD1
 .bss.ep0_state
                0x0000000020000e50       0x10 build/obj/usb_lld.o
 .bss.ep0setup_buffer
                0x0000000020000e60        0x8 build/obj/usb_lld.o
 .bss.dummytx   0x0000000020000e68        0x2 build/obj/spi_lld.o
 *fill*         0x0000000020000e6a        0x2 00
 .bss.SPID1     0x0000000020000e6c       0x30 build/obj/spi_lld.o
                0x0000000020000e6c                SPID1
 .bss.SPID3     0x0000000020000e9c       0x30 build/obj/spi_lld.o
                0x0000000020000e9c                SPID3
 .bss.PWMD1     0x0000000020000ecc       0x14 build/obj/pwm_lld.o
                0x0000000020000ecc                PWMD1
 .bss.PWMD2     0x0000000020000ee0       0x14 build/obj/pwm_lld.o
                0x0000000020000ee0                PWMD2
 .bss.PWMD3     0x0000000020000ef4       0x14 build/obj/pwm_lld.o
                0x0000000020000ef4                PWMD3
 .bss.PWMD4     0x0000000020000f08       0x14 build/obj/pwm_lld.o
                0x0000000020000f08                PWMD4
 .bss.PWMD8     0x0000000020000f1c       0x14 build/obj/pwm_lld.o
                0x0000000020000f1c                PWMD8
 .bss.PWMD9     0x0000000020000f30       0x14 build/obj/pwm_lld.o
                0x0000000020000f30                PWMD9
 .bss.SD1       0x0000000020000f44       0x78 build/obj/serial_lld.o
                0x0000000020000f44                SD1
 .bss.SD2       0x0000000020000fbc       0x78 build/obj/serial_lld.o
                0x0000000020000fbc                SD2
 .bss.ep1outstate
                0x0000000020001034       0x10 build/obj/usbCDC.o
 .bss._resetIndex
                0x0000000020001044        0x1 build/obj/usbCDC.o
                0x0000000020001044                _resetIndex
 *fill*         0x0000000020001045        0x3 00
 .bss.ep1instate
                0x0000000020001048       0x10 build/obj/usbCDC.o
 .bss.ep2instate
                0x0000000020001058       0x10 build/obj/usbCDC.o
 .bss.SDU1      0x0000000020001068      0x258 build/obj/usbCDC.o
                0x0000000020001068                SDU1
 .bss._scrollMsgLen
                0x00000000200012c0        0x4 build/obj/lcd.o
                0x00000000200012c0                _scrollMsgLen
 .bss._scrollBuf
                0x00000000200012c4       0x64 build/obj/lcd.o
                0x00000000200012c4                _scrollBuf
 .bss._scrollCol
                0x0000000020001328        0x4 build/obj/lcd.o
                0x0000000020001328                _scrollCol
 .bss._scrollMtx
                0x000000002000132c       0x10 build/obj/lcd.o
                0x000000002000132c                _scrollMtx
 .bss._scrollRow
                0x000000002000133c        0x4 build/obj/lcd.o
                0x000000002000133c                _scrollRow
 .bss.LCD       0x0000000020001340        0x4 build/obj/lcd.o
                0x0000000020001340                LCD
 .bss._samples  0x0000000020001344      0x960 build/obj/analog.o
 *fill*         0x0000000020001ca4        0x4 00
 .bss._waAithonThread
                0x0000000020001ca8      0x1b8 build/obj/aithon_private.o
 .bss._aithon_thd
                0x0000000020001e60        0x4 build/obj/aithon_private.o
                0x0000000020001e60                _aithon_thd
 .bss._asyncNumNotes
                0x0000000020001e64        0x4 build/obj/music.o
                0x0000000020001e64                _asyncNumNotes
 .bss._buzzerMtx
                0x0000000020001e68       0x10 build/obj/music.o
                0x0000000020001e68                _buzzerMtx
 .bss.waMusicThread
                0x0000000020001e78      0x1b8 build/obj/music.o
 .bss._asyncNotes
                0x0000000020002030        0x4 build/obj/music.o
                0x0000000020002030                _asyncNotes
 .bss._asyncMusicThread
                0x0000000020002034        0x4 build/obj/music.o
                0x0000000020002034                _asyncMusicThread
 .bss._addrMap  0x0000000020002038      0x220 build/obj/ee.o
                0x0000000020002038                _addrMap
 .bss.nextWriteAddr.8374
                0x0000000020002258        0x4 build/obj/ee.o
 .bss._interface
                0x000000002000225c        0x4 build/obj/main.o
                0x000000002000225c                _interface
                0x0000000020002260                . = ALIGN (0x4)
 *(COMMON)
                0x0000000020002260                . = ALIGN (0x4)
                0x0000000020002260                PROVIDE (_bss_end, .)
                0x0000000020002260                PROVIDE (end, .)
                0x0000000020002260                _end = .
                0x0000000020002260                __heap_base__ = _end
                0x000000002001c000                __heap_end__ = __ram_end__
OUTPUT(build/ch.elf elf32-littlearm)

.debug_info     0x0000000000000000    0x2912d
 .debug_info    0x0000000000000000      0x2ac build/obj/crt0.o
 .debug_info    0x00000000000002ac      0x1f0 build/obj/vectors.o
 .debug_info    0x000000000000049c       0x9a build/obj/chcore.o
 .debug_info    0x0000000000000536      0xb1e build/obj/chcore_v7m.o
 .debug_info    0x0000000000001054      0x455 build/obj/nvic.o
 .debug_info    0x00000000000014a9      0x99b build/obj/chsys.o
 .debug_info    0x0000000000001e44      0x21f build/obj/chvt.o
 .debug_info    0x0000000000002063      0xadb build/obj/chschd.o
 .debug_info    0x0000000000002b3e      0xd3b build/obj/chthreads.o
 .debug_info    0x0000000000003879      0x774 build/obj/chregistry.o
 .debug_info    0x0000000000003fed      0xb3c build/obj/chmtx.o
 .debug_info    0x0000000000004b29      0xf26 build/obj/chevents.o
 .debug_info    0x0000000000005a4f      0x7b6 build/obj/chmsg.o
 .debug_info    0x0000000000006205      0xd6d build/obj/chqueues.o
 .debug_info    0x0000000000006f72      0x22f build/obj/chmemcore.o
 .debug_info    0x00000000000071a1      0x829 build/obj/chheap.o
 .debug_info    0x00000000000079ca      0x46a build/obj/hal.o
 .debug_info    0x0000000000007e34      0xf24 build/obj/adc.o
 .debug_info    0x0000000000008d58      0xd7a build/obj/i2c.o
 .debug_info    0x0000000000009ad2     0x228e build/obj/mmc_spi.o
 .debug_info    0x000000000000bd60      0x6fb build/obj/pwm.o
 .debug_info    0x000000000000c45b     0x11ad build/obj/serial.o
 .debug_info    0x000000000000d608     0x20de build/obj/serial_usb.o
 .debug_info    0x000000000000f6e6     0x12f6 build/obj/spi.o
 .debug_info    0x00000000000109dc      0x2f4 build/obj/tm.o
 .debug_info    0x0000000000010cd0     0x201e build/obj/usb.o
 .debug_info    0x0000000000012cee      0xb75 build/obj/stm32_dma.o
 .debug_info    0x0000000000013863      0x505 build/obj/hal_lld.o
 .debug_info    0x0000000000013d68     0x14ae build/obj/adc_lld.o
 .debug_info    0x0000000000015216      0x769 build/obj/pal_lld.o
 .debug_info    0x000000000001597f     0x1909 build/obj/i2c_lld.o
 .debug_info    0x0000000000017288     0x2b17 build/obj/usb_lld.o
 .debug_info    0x0000000000019d9f     0x106f build/obj/spi_lld.o
 .debug_info    0x000000000001ae0e      0xea8 build/obj/pwm_lld.o
 .debug_info    0x000000000001bcb6     0x13c9 build/obj/serial_lld.o
 .debug_info    0x000000000001d07f      0xd76 build/obj/board.o
 .debug_info    0x000000000001ddf5      0x6fb build/obj/chprintf.o
 .debug_info    0x000000000001e4f0      0x708 build/obj/stm_flash.o
 .debug_info    0x000000000001ebf8     0x1a80 build/obj/usbCDC.o
 .debug_info    0x0000000000020678      0xf24 build/obj/lcd.o
 .debug_info    0x000000000002159c      0xac8 build/obj/analog.o
 .debug_info    0x0000000000022064      0xf30 build/obj/aithon_private.o
 .debug_info    0x0000000000022f94      0x55f build/obj/servos.o
 .debug_info    0x00000000000234f3      0xc7c build/obj/imu.o
 .debug_info    0x000000000002416f      0x32d build/obj/digital.o
 .debug_info    0x000000000002449c      0x367 build/obj/Aithon.o
 .debug_info    0x0000000000024803      0xd78 build/obj/music.o
 .debug_info    0x000000000002557b      0x9ab build/obj/ee.o
 .debug_info    0x0000000000025f26      0x631 build/obj/motor.o
 .debug_info    0x0000000000026557     0x2bd6 build/obj/main.o

.debug_abbrev   0x0000000000000000     0x7a47
 .debug_abbrev  0x0000000000000000       0xf4 build/obj/crt0.o
 .debug_abbrev  0x00000000000000f4       0xb1 build/obj/vectors.o
 .debug_abbrev  0x00000000000001a5       0x44 build/obj/chcore.o
 .debug_abbrev  0x00000000000001e9      0x20d build/obj/chcore_v7m.o
 .debug_abbrev  0x00000000000003f6       0xf2 build/obj/nvic.o
 .debug_abbrev  0x00000000000004e8      0x220 build/obj/chsys.o
 .debug_abbrev  0x0000000000000708      0x133 build/obj/chvt.o
 .debug_abbrev  0x000000000000083b      0x340 build/obj/chschd.o
 .debug_abbrev  0x0000000000000b7b      0x368 build/obj/chthreads.o
 .debug_abbrev  0x0000000000000ee3      0x197 build/obj/chregistry.o
 .debug_abbrev  0x000000000000107a      0x316 build/obj/chmtx.o
 .debug_abbrev  0x0000000000001390      0x359 build/obj/chevents.o
 .debug_abbrev  0x00000000000016e9      0x244 build/obj/chmsg.o
 .debug_abbrev  0x000000000000192d      0x34c build/obj/chqueues.o
 .debug_abbrev  0x0000000000001c79      0x16c build/obj/chmemcore.o
 .debug_abbrev  0x0000000000001de5      0x210 build/obj/chheap.o
 .debug_abbrev  0x0000000000001ff5      0x1e4 build/obj/hal.o
 .debug_abbrev  0x00000000000021d9      0x304 build/obj/adc.o
 .debug_abbrev  0x00000000000024dd      0x2b3 build/obj/i2c.o
 .debug_abbrev  0x0000000000002790      0x45c build/obj/mmc_spi.o
 .debug_abbrev  0x0000000000002bec      0x1b8 build/obj/pwm.o
 .debug_abbrev  0x0000000000002da4      0x2d5 build/obj/serial.o
 .debug_abbrev  0x0000000000003079      0x3d9 build/obj/serial_usb.o
 .debug_abbrev  0x0000000000003452      0x2ac build/obj/spi.o
 .debug_abbrev  0x00000000000036fe      0x19c build/obj/tm.o
 .debug_abbrev  0x000000000000389a      0x388 build/obj/usb.o
 .debug_abbrev  0x0000000000003c22      0x221 build/obj/stm32_dma.o
 .debug_abbrev  0x0000000000003e43      0x12d build/obj/hal_lld.o
 .debug_abbrev  0x0000000000003f70      0x2fe build/obj/adc_lld.o
 .debug_abbrev  0x000000000000426e      0x1c6 build/obj/pal_lld.o
 .debug_abbrev  0x0000000000004434      0x3ef build/obj/i2c_lld.o
 .debug_abbrev  0x0000000000004823      0x543 build/obj/usb_lld.o
 .debug_abbrev  0x0000000000004d66      0x31a build/obj/spi_lld.o
 .debug_abbrev  0x0000000000005080      0x248 build/obj/pwm_lld.o
 .debug_abbrev  0x00000000000052c8      0x361 build/obj/serial_lld.o
 .debug_abbrev  0x0000000000005629      0x1e0 build/obj/board.o
 .debug_abbrev  0x0000000000005809      0x254 build/obj/chprintf.o
 .debug_abbrev  0x0000000000005a5d      0x203 build/obj/stm_flash.o
 .debug_abbrev  0x0000000000005c60      0x363 build/obj/usbCDC.o
 .debug_abbrev  0x0000000000005fc3      0x395 build/obj/lcd.o
 .debug_abbrev  0x0000000000006358      0x205 build/obj/analog.o
 .debug_abbrev  0x000000000000655d      0x2d1 build/obj/aithon_private.o
 .debug_abbrev  0x000000000000682e      0x1a6 build/obj/servos.o
 .debug_abbrev  0x00000000000069d4      0x216 build/obj/imu.o
 .debug_abbrev  0x0000000000006bea      0x16c build/obj/digital.o
 .debug_abbrev  0x0000000000006d56      0x19a build/obj/Aithon.o
 .debug_abbrev  0x0000000000006ef0      0x2ea build/obj/music.o
 .debug_abbrev  0x00000000000071da      0x2c0 build/obj/ee.o
 .debug_abbrev  0x000000000000749a      0x1cd build/obj/motor.o
 .debug_abbrev  0x0000000000007667      0x3e0 build/obj/main.o

.debug_loc      0x0000000000000000     0xce04
 .debug_loc     0x0000000000000000       0x20 build/obj/crt0.o
 .debug_loc     0x0000000000000020      0x123 build/obj/chcore_v7m.o
 .debug_loc     0x0000000000000143      0x1ca build/obj/nvic.o
 .debug_loc     0x000000000000030d       0xe2 build/obj/chsys.o
 .debug_loc     0x00000000000003ef       0xb8 build/obj/chvt.o
 .debug_loc     0x00000000000004a7      0x33e build/obj/chschd.o
 .debug_loc     0x00000000000007e5      0x538 build/obj/chthreads.o
 .debug_loc     0x0000000000000d1d       0xb7 build/obj/chregistry.o
 .debug_loc     0x0000000000000dd4      0x4c2 build/obj/chmtx.o
 .debug_loc     0x0000000000001296      0x905 build/obj/chevents.o
 .debug_loc     0x0000000000001b9b      0x1b9 build/obj/chmsg.o
 .debug_loc     0x0000000000001d54      0x8cf build/obj/chqueues.o
 .debug_loc     0x0000000000002623      0x114 build/obj/chmemcore.o
 .debug_loc     0x0000000000002737      0x318 build/obj/chheap.o
 .debug_loc     0x0000000000002a4f       0xa7 build/obj/hal.o
 .debug_loc     0x0000000000002af6      0x4a6 build/obj/adc.o
 .debug_loc     0x0000000000002f9c      0x327 build/obj/i2c.o
 .debug_loc     0x00000000000032c3      0xc6d build/obj/mmc_spi.o
 .debug_loc     0x0000000000003f30      0x28f build/obj/pwm.o
 .debug_loc     0x00000000000041bf      0x587 build/obj/serial.o
 .debug_loc     0x0000000000004746      0x92a build/obj/serial_usb.o
 .debug_loc     0x0000000000005070      0x793 build/obj/spi.o
 .debug_loc     0x0000000000005803       0xb9 build/obj/tm.o
 .debug_loc     0x00000000000058bc      0xd0f build/obj/usb.o
 .debug_loc     0x00000000000065cb      0x58a build/obj/stm32_dma.o
 .debug_loc     0x0000000000006b55       0x20 build/obj/hal_lld.o
 .debug_loc     0x0000000000006b75      0x4a4 build/obj/adc_lld.o
 .debug_loc     0x0000000000007019      0x2e7 build/obj/pal_lld.o
 .debug_loc     0x0000000000007300      0x93c build/obj/i2c_lld.o
 .debug_loc     0x0000000000007c3c     0x130d build/obj/usb_lld.o
 .debug_loc     0x0000000000008f49      0x44e build/obj/spi_lld.o
 .debug_loc     0x0000000000009397      0x57b build/obj/pwm_lld.o
 .debug_loc     0x0000000000009912      0x39b build/obj/serial_lld.o
 .debug_loc     0x0000000000009cad       0x42 build/obj/board.o
 .debug_loc     0x0000000000009cef      0x90f build/obj/chprintf.o
 .debug_loc     0x000000000000a5fe      0x729 build/obj/stm_flash.o
 .debug_loc     0x000000000000ad27      0x1b2 build/obj/usbCDC.o
 .debug_loc     0x000000000000aed9      0x655 build/obj/lcd.o
 .debug_loc     0x000000000000b52e       0x94 build/obj/analog.o
 .debug_loc     0x000000000000b5c2       0xcb build/obj/aithon_private.o
 .debug_loc     0x000000000000b68d       0xec build/obj/servos.o
 .debug_loc     0x000000000000b779      0x28e build/obj/imu.o
 .debug_loc     0x000000000000ba07       0xe6 build/obj/digital.o
 .debug_loc     0x000000000000baed       0xff build/obj/Aithon.o
 .debug_loc     0x000000000000bbec      0x233 build/obj/music.o
 .debug_loc     0x000000000000be1f      0x780 build/obj/ee.o
 .debug_loc     0x000000000000c59f      0x15e build/obj/motor.o
 .debug_loc     0x000000000000c6fd      0x707 build/obj/main.o

.debug_aranges  0x0000000000000000     0x11e8
 .debug_aranges
                0x0000000000000000       0x38 build/obj/crt0.o
 .debug_aranges
                0x0000000000000038       0x20 build/obj/vectors.o
 .debug_aranges
                0x0000000000000058       0x20 build/obj/chcore.o
 .debug_aranges
                0x0000000000000078       0x50 build/obj/chcore_v7m.o
 .debug_aranges
                0x00000000000000c8       0x30 build/obj/nvic.o
 .debug_aranges
                0x00000000000000f8       0x30 build/obj/chsys.o
 .debug_aranges
                0x0000000000000128       0x30 build/obj/chvt.o
 .debug_aranges
                0x0000000000000158       0x68 build/obj/chschd.o
 .debug_aranges
                0x00000000000001c0       0x78 build/obj/chthreads.o
 .debug_aranges
                0x0000000000000238       0x28 build/obj/chregistry.o
 .debug_aranges
                0x0000000000000260       0x58 build/obj/chmtx.o
 .debug_aranges
                0x00000000000002b8       0xa0 build/obj/chevents.o
 .debug_aranges
                0x0000000000000358       0x30 build/obj/chmsg.o
 .debug_aranges
                0x0000000000000388       0x70 build/obj/chqueues.o
 .debug_aranges
                0x00000000000003f8       0x38 build/obj/chmemcore.o
 .debug_aranges
                0x0000000000000430       0x40 build/obj/chheap.o
 .debug_aranges
                0x0000000000000470       0x30 build/obj/hal.o
 .debug_aranges
                0x00000000000004a0       0x60 build/obj/adc.o
 .debug_aranges
                0x0000000000000500       0x60 build/obj/i2c.o
 .debug_aranges
                0x0000000000000560       0xd8 build/obj/mmc_spi.o
 .debug_aranges
                0x0000000000000638       0x50 build/obj/pwm.o
 .debug_aranges
                0x0000000000000688       0x88 build/obj/serial.o
 .debug_aranges
                0x0000000000000710       0xb0 build/obj/serial_usb.o
 .debug_aranges
                0x00000000000007c0       0x98 build/obj/spi.o
 .debug_aranges
                0x0000000000000858       0x38 build/obj/tm.o
 .debug_aranges
                0x0000000000000890       0xa8 build/obj/usb.o
 .debug_aranges
                0x0000000000000938       0xb0 build/obj/stm32_dma.o
 .debug_aranges
                0x00000000000009e8       0x28 build/obj/hal_lld.o
 .debug_aranges
                0x0000000000000a10       0x70 build/obj/adc_lld.o
 .debug_aranges
                0x0000000000000a80       0x28 build/obj/pal_lld.o
 .debug_aranges
                0x0000000000000aa8       0x70 build/obj/i2c_lld.o
 .debug_aranges
                0x0000000000000b18       0xd8 build/obj/usb_lld.o
 .debug_aranges
                0x0000000000000bf0       0x78 build/obj/spi_lld.o
 .debug_aranges
                0x0000000000000c68       0x88 build/obj/pwm_lld.o
 .debug_aranges
                0x0000000000000cf0       0x58 build/obj/serial_lld.o
 .debug_aranges
                0x0000000000000d48       0x38 build/obj/board.o
 .debug_aranges
                0x0000000000000d80       0x30 build/obj/chprintf.o
 .debug_aranges
                0x0000000000000db0       0xc0 build/obj/stm_flash.o
 .debug_aranges
                0x0000000000000e70       0x40 build/obj/usbCDC.o
 .debug_aranges
                0x0000000000000eb0       0xa8 build/obj/lcd.o
 .debug_aranges
                0x0000000000000f58       0x28 build/obj/analog.o
 .debug_aranges
                0x0000000000000f80       0x40 build/obj/aithon_private.o
 .debug_aranges
                0x0000000000000fc0       0x38 build/obj/servos.o
 .debug_aranges
                0x0000000000000ff8       0x40 build/obj/imu.o
 .debug_aranges
                0x0000000000001038       0x38 build/obj/digital.o
 .debug_aranges
                0x0000000000001070       0x40 build/obj/Aithon.o
 .debug_aranges
                0x00000000000010b0       0x48 build/obj/music.o
 .debug_aranges
                0x00000000000010f8       0x70 build/obj/ee.o
 .debug_aranges
                0x0000000000001168       0x30 build/obj/motor.o
 .debug_aranges
                0x0000000000001198       0x50 build/obj/main.o

.debug_ranges   0x0000000000000000     0x2160
 .debug_ranges  0x0000000000000000       0xe0 build/obj/crt0.o
 .debug_ranges  0x00000000000000e0       0x10 build/obj/vectors.o
 .debug_ranges  0x00000000000000f0       0x10 build/obj/chcore.o
 .debug_ranges  0x0000000000000100       0x58 build/obj/chcore_v7m.o
 .debug_ranges  0x0000000000000158       0x20 build/obj/nvic.o
 .debug_ranges  0x0000000000000178       0x20 build/obj/chsys.o
 .debug_ranges  0x0000000000000198       0x20 build/obj/chvt.o
 .debug_ranges  0x00000000000001b8      0x190 build/obj/chschd.o
 .debug_ranges  0x0000000000000348       0xc8 build/obj/chthreads.o
 .debug_ranges  0x0000000000000410       0x30 build/obj/chregistry.o
 .debug_ranges  0x0000000000000440      0x228 build/obj/chmtx.o
 .debug_ranges  0x0000000000000668       0xd8 build/obj/chevents.o
 .debug_ranges  0x0000000000000740       0x50 build/obj/chmsg.o
 .debug_ranges  0x0000000000000790       0xd8 build/obj/chqueues.o
 .debug_ranges  0x0000000000000868       0x28 build/obj/chmemcore.o
 .debug_ranges  0x0000000000000890       0x30 build/obj/chheap.o
 .debug_ranges  0x00000000000008c0       0x50 build/obj/hal.o
 .debug_ranges  0x0000000000000910       0xe0 build/obj/adc.o
 .debug_ranges  0x00000000000009f0       0x80 build/obj/i2c.o
 .debug_ranges  0x0000000000000a70      0x188 build/obj/mmc_spi.o
 .debug_ranges  0x0000000000000bf8       0x70 build/obj/pwm.o
 .debug_ranges  0x0000000000000c68       0xa8 build/obj/serial.o
 .debug_ranges  0x0000000000000d10       0xd0 build/obj/serial_usb.o
 .debug_ranges  0x0000000000000de0      0x130 build/obj/spi.o
 .debug_ranges  0x0000000000000f10       0x78 build/obj/tm.o
 .debug_ranges  0x0000000000000f88       0xe0 build/obj/usb.o
 .debug_ranges  0x0000000000001068       0xa0 build/obj/stm32_dma.o
 .debug_ranges  0x0000000000001108       0x30 build/obj/hal_lld.o
 .debug_ranges  0x0000000000001138       0x60 build/obj/adc_lld.o
 .debug_ranges  0x0000000000001198      0x168 build/obj/pal_lld.o
 .debug_ranges  0x0000000000001300      0x1a8 build/obj/i2c_lld.o
 .debug_ranges  0x00000000000014a8      0x400 build/obj/usb_lld.o
 .debug_ranges  0x00000000000018a8       0x68 build/obj/spi_lld.o
 .debug_ranges  0x0000000000001910       0x78 build/obj/pwm_lld.o
 .debug_ranges  0x0000000000001988       0xc0 build/obj/serial_lld.o
 .debug_ranges  0x0000000000001a48       0x28 build/obj/board.o
 .debug_ranges  0x0000000000001a70       0x20 build/obj/chprintf.o
 .debug_ranges  0x0000000000001a90       0xb0 build/obj/stm_flash.o
 .debug_ranges  0x0000000000001b40       0x30 build/obj/usbCDC.o
 .debug_ranges  0x0000000000001b70      0x180 build/obj/lcd.o
 .debug_ranges  0x0000000000001cf0       0x18 build/obj/analog.o
 .debug_ranges  0x0000000000001d08       0x30 build/obj/aithon_private.o
 .debug_ranges  0x0000000000001d38       0x28 build/obj/servos.o
 .debug_ranges  0x0000000000001d60       0x30 build/obj/imu.o
 .debug_ranges  0x0000000000001d90       0x28 build/obj/digital.o
 .debug_ranges  0x0000000000001db8       0x30 build/obj/Aithon.o
 .debug_ranges  0x0000000000001de8       0x50 build/obj/music.o
 .debug_ranges  0x0000000000001e38      0x2c8 build/obj/ee.o
 .debug_ranges  0x0000000000002100       0x20 build/obj/motor.o
 .debug_ranges  0x0000000000002120       0x40 build/obj/main.o

.debug_line     0x0000000000000000     0xa2de
 .debug_line    0x0000000000000000      0x166 build/obj/crt0.o
 .debug_line    0x0000000000000166       0xd6 build/obj/vectors.o
 .debug_line    0x000000000000023c       0x66 build/obj/chcore.o
 .debug_line    0x00000000000002a2      0x237 build/obj/chcore_v7m.o
 .debug_line    0x00000000000004d9      0x115 build/obj/nvic.o
 .debug_line    0x00000000000005ee      0x22a build/obj/chsys.o
 .debug_line    0x0000000000000818      0x170 build/obj/chvt.o
 .debug_line    0x0000000000000988      0x341 build/obj/chschd.o
 .debug_line    0x0000000000000cc9      0x375 build/obj/chthreads.o
 .debug_line    0x000000000000103e      0x1fd build/obj/chregistry.o
 .debug_line    0x000000000000123b      0x37a build/obj/chmtx.o
 .debug_line    0x00000000000015b5      0x34b build/obj/chevents.o
 .debug_line    0x0000000000001900      0x1d0 build/obj/chmsg.o
 .debug_line    0x0000000000001ad0      0x3bf build/obj/chqueues.o
 .debug_line    0x0000000000001e8f      0x15f build/obj/chmemcore.o
 .debug_line    0x0000000000001fee      0x298 build/obj/chheap.o
 .debug_line    0x0000000000002286      0x316 build/obj/hal.o
 .debug_line    0x000000000000259c      0x392 build/obj/adc.o
 .debug_line    0x000000000000292e      0x378 build/obj/i2c.o
 .debug_line    0x0000000000002ca6      0x6f3 build/obj/mmc_spi.o
 .debug_line    0x0000000000003399      0x20c build/obj/pwm.o
 .debug_line    0x00000000000035a5      0x3ef build/obj/serial.o
 .debug_line    0x0000000000003994      0x4a9 build/obj/serial_usb.o
 .debug_line    0x0000000000003e3d      0x446 build/obj/spi.o
 .debug_line    0x0000000000004283      0x22f build/obj/tm.o
 .debug_line    0x00000000000044b2      0x527 build/obj/usb.o
 .debug_line    0x00000000000049d9      0x424 build/obj/stm32_dma.o
 .debug_line    0x0000000000004dfd      0x20c build/obj/hal_lld.o
 .debug_line    0x0000000000005009      0x51b build/obj/adc_lld.o
 .debug_line    0x0000000000005524      0x214 build/obj/pal_lld.o
 .debug_line    0x0000000000005738      0x5fa build/obj/i2c_lld.o
 .debug_line    0x0000000000005d32      0x8b3 build/obj/usb_lld.o
 .debug_line    0x00000000000065e5      0x4e5 build/obj/spi_lld.o
 .debug_line    0x0000000000006aca      0x477 build/obj/pwm_lld.o
 .debug_line    0x0000000000006f41      0x411 build/obj/serial_lld.o
 .debug_line    0x0000000000007352      0x306 build/obj/board.o
 .debug_line    0x0000000000007658      0x33d build/obj/chprintf.o
 .debug_line    0x0000000000007995      0x348 build/obj/stm_flash.o
 .debug_line    0x0000000000007cdd      0x327 build/obj/usbCDC.o
 .debug_line    0x0000000000008004      0x510 build/obj/lcd.o
 .debug_line    0x0000000000008514      0x2aa build/obj/analog.o
 .debug_line    0x00000000000087be      0x377 build/obj/aithon_private.o
 .debug_line    0x0000000000008b35      0x1c4 build/obj/servos.o
 .debug_line    0x0000000000008cf9      0x31d build/obj/imu.o
 .debug_line    0x0000000000009016      0x187 build/obj/digital.o
 .debug_line    0x000000000000919d      0x215 build/obj/Aithon.o
 .debug_line    0x00000000000093b2      0x32e build/obj/music.o
 .debug_line    0x00000000000096e0      0x396 build/obj/ee.o
 .debug_line    0x0000000000009a76      0x219 build/obj/motor.o
 .debug_line    0x0000000000009c8f      0x64f build/obj/main.o

.debug_str      0x0000000000000000     0x4855
 .debug_str     0x0000000000000000      0x206 build/obj/crt0.o
                                        0x240 (size before relaxing)
 .debug_str     0x0000000000000206      0x158 build/obj/vectors.o
                                        0x26b (size before relaxing)
 .debug_str     0x000000000000035e       0x40 build/obj/chcore.o
                                        0x13e (size before relaxing)
 .debug_str     0x000000000000039e      0x320 build/obj/chcore_v7m.o
                                        0x446 (size before relaxing)
 .debug_str     0x00000000000006be       0xa9 build/obj/nvic.o
                                        0x23d (size before relaxing)
 .debug_str     0x0000000000000767      0x218 build/obj/chsys.o
                                        0x4eb (size before relaxing)
 .debug_str     0x000000000000097f       0x49 build/obj/chvt.o
                                        0x1be (size before relaxing)
 .debug_str     0x00000000000009c8       0xe8 build/obj/chschd.o
                                        0x420 (size before relaxing)
 .debug_str     0x0000000000000ab0       0xe6 build/obj/chthreads.o
                                        0x48b (size before relaxing)
 .debug_str     0x0000000000000b96       0x55 build/obj/chregistry.o
                                        0x40e (size before relaxing)
 .debug_str     0x0000000000000beb       0xa4 build/obj/chmtx.o
                                        0x3a5 (size before relaxing)
 .debug_str     0x0000000000000c8f      0x1cc build/obj/chevents.o
                                        0x4c9 (size before relaxing)
 .debug_str     0x0000000000000e5b       0x5d build/obj/chmsg.o
                                        0x33d (size before relaxing)
 .debug_str     0x0000000000000eb8      0x12c build/obj/chqueues.o
                                        0x430 (size before relaxing)
 .debug_str     0x0000000000000fe4       0x83 build/obj/chmemcore.o
                                        0x1a9 (size before relaxing)
 .debug_str     0x0000000000001067       0xc0 build/obj/chheap.o
                                        0x389 (size before relaxing)
 .debug_str     0x0000000000001127      0x1b0 build/obj/hal.o
                                        0x2dc (size before relaxing)
 .debug_str     0x00000000000012d7      0x2e2 build/obj/adc.o
                                        0x60d (size before relaxing)
 .debug_str     0x00000000000015b9      0x2f7 build/obj/i2c.o
                                        0x624 (size before relaxing)
 .debug_str     0x00000000000018b0      0x3f4 build/obj/mmc_spi.o
                                        0x7ca (size before relaxing)
 .debug_str     0x0000000000001ca4      0x1bf build/obj/pwm.o
                                        0x31d (size before relaxing)
 .debug_str     0x0000000000001e63      0x12a build/obj/serial.o
                                        0x59d (size before relaxing)
 .debug_str     0x0000000000001f8d      0x7c9 build/obj/serial_usb.o
                                        0xc70 (size before relaxing)
 .debug_str     0x0000000000002756      0x122 build/obj/spi.o
                                        0x656 (size before relaxing)
 .debug_str     0x0000000000002878       0x7a build/obj/tm.o
                                        0x1fa (size before relaxing)
 .debug_str     0x00000000000028f2      0x2c3 build/obj/usb.o
                                        0xc96 (size before relaxing)
 .debug_str     0x0000000000002bb5      0x79b build/obj/stm32_dma.o
                                        0x9bd (size before relaxing)
 .debug_str     0x0000000000003350       0xd1 build/obj/hal_lld.o
                                        0x35d (size before relaxing)
 .debug_str     0x0000000000003421       0xed build/obj/adc_lld.o
                                        0xcd3 (size before relaxing)
 .debug_str     0x000000000000350e       0x8a build/obj/pal_lld.o
                                        0x3b0 (size before relaxing)
 .debug_str     0x0000000000003598      0x13e build/obj/i2c_lld.o
                                        0xe01 (size before relaxing)
 .debug_str     0x00000000000036d6      0x217 build/obj/usb_lld.o
                                       0x145f (size before relaxing)
 .debug_str     0x00000000000038ed       0xb0 build/obj/spi_lld.o
                                        0x6fc (size before relaxing)
 .debug_str     0x000000000000399d       0xc9 build/obj/pwm_lld.o
                                        0x9ff (size before relaxing)
 .debug_str     0x0000000000003a66       0x89 build/obj/serial_lld.o
                                        0xb97 (size before relaxing)
 .debug_str     0x0000000000003aef       0x5c build/obj/board.o
                                        0x6ac (size before relaxing)
 .debug_str     0x0000000000003b4b      0x118 build/obj/chprintf.o
                                        0x26e (size before relaxing)
 .debug_str     0x0000000000003c63      0x2db build/obj/stm_flash.o
                                        0x453 (size before relaxing)
 .debug_str     0x0000000000003f3e      0x1b4 build/obj/usbCDC.o
                                        0xc9c (size before relaxing)
 .debug_str     0x00000000000040f2      0x18e build/obj/lcd.o
                                        0x530 (size before relaxing)
 .debug_str     0x0000000000004280       0x5e build/obj/analog.o
                                        0x529 (size before relaxing)
 .debug_str     0x00000000000042de       0xde build/obj/aithon_private.o
                                        0x617 (size before relaxing)
 .debug_str     0x00000000000043bc       0x69 build/obj/servos.o
                                        0x2d2 (size before relaxing)
 .debug_str     0x0000000000004425       0x94 build/obj/imu.o
                                        0x5ab (size before relaxing)
 .debug_str     0x00000000000044b9       0xa8 build/obj/digital.o
                                        0x24b (size before relaxing)
 .debug_str     0x0000000000004561       0x4c build/obj/Aithon.o
                                        0x1e4 (size before relaxing)
 .debug_str     0x00000000000045ad       0xc9 build/obj/music.o
                                        0x53b (size before relaxing)
 .debug_str     0x0000000000004676       0xde build/obj/ee.o
                                        0x321 (size before relaxing)
 .debug_str     0x0000000000004754       0x4d build/obj/motor.o
                                        0x2ea (size before relaxing)
 .debug_str     0x00000000000047a1       0xb4 build/obj/main.o
                                        0xd61 (size before relaxing)

.comment        0x0000000000000000       0x70
 .comment       0x0000000000000000       0x70 build/obj/crt0.o
                                         0x71 (size before relaxing)
 .comment       0x0000000000000000       0x71 build/obj/vectors.o
 .comment       0x0000000000000000       0x71 build/obj/chcore.o
 .comment       0x0000000000000000       0x71 build/obj/chcore_v7m.o
 .comment       0x0000000000000000       0x71 build/obj/nvic.o
 .comment       0x0000000000000000       0x71 build/obj/chsys.o
 .comment       0x0000000000000000       0x71 build/obj/chvt.o
 .comment       0x0000000000000000       0x71 build/obj/chschd.o
 .comment       0x0000000000000000       0x71 build/obj/chthreads.o
 .comment       0x0000000000000000       0x71 build/obj/chregistry.o
 .comment       0x0000000000000000       0x71 build/obj/chmtx.o
 .comment       0x0000000000000000       0x71 build/obj/chevents.o
 .comment       0x0000000000000000       0x71 build/obj/chmsg.o
 .comment       0x0000000000000000       0x71 build/obj/chqueues.o
 .comment       0x0000000000000000       0x71 build/obj/chmemcore.o
 .comment       0x0000000000000000       0x71 build/obj/chheap.o
 .comment       0x0000000000000000       0x71 build/obj/hal.o
 .comment       0x0000000000000000       0x71 build/obj/adc.o
 .comment       0x0000000000000000       0x71 build/obj/i2c.o
 .comment       0x0000000000000000       0x71 build/obj/mmc_spi.o
 .comment       0x0000000000000000       0x71 build/obj/pwm.o
 .comment       0x0000000000000000       0x71 build/obj/serial.o
 .comment       0x0000000000000000       0x71 build/obj/serial_usb.o
 .comment       0x0000000000000000       0x71 build/obj/spi.o
 .comment       0x0000000000000000       0x71 build/obj/tm.o
 .comment       0x0000000000000000       0x71 build/obj/usb.o
 .comment       0x0000000000000000       0x71 build/obj/stm32_dma.o
 .comment       0x0000000000000000       0x71 build/obj/hal_lld.o
 .comment       0x0000000000000000       0x71 build/obj/adc_lld.o
 .comment       0x0000000000000000       0x71 build/obj/pal_lld.o
 .comment       0x0000000000000000       0x71 build/obj/i2c_lld.o
 .comment       0x0000000000000000       0x71 build/obj/usb_lld.o
 .comment       0x0000000000000000       0x71 build/obj/spi_lld.o
 .comment       0x0000000000000000       0x71 build/obj/pwm_lld.o
 .comment       0x0000000000000000       0x71 build/obj/serial_lld.o
 .comment       0x0000000000000000       0x71 build/obj/board.o
 .comment       0x0000000000000000       0x71 build/obj/chprintf.o
 .comment       0x0000000000000000       0x71 build/obj/stm_flash.o
 .comment       0x0000000000000000       0x71 build/obj/usbCDC.o
 .comment       0x0000000000000000       0x71 build/obj/lcd.o
 .comment       0x0000000000000000       0x71 build/obj/analog.o
 .comment       0x0000000000000000       0x71 build/obj/aithon_private.o
 .comment       0x0000000000000000       0x71 build/obj/servos.o
 .comment       0x0000000000000000       0x71 build/obj/imu.o
 .comment       0x0000000000000000       0x71 build/obj/digital.o
 .comment       0x0000000000000000       0x71 build/obj/Aithon.o
 .comment       0x0000000000000000       0x71 build/obj/music.o
 .comment       0x0000000000000000       0x71 build/obj/ee.o
 .comment       0x0000000000000000       0x71 build/obj/motor.o
 .comment       0x0000000000000000       0x71 build/obj/main.o

.ARM.attributes
                0x0000000000000000       0x39
 .ARM.attributes
                0x0000000000000000       0x39 build/obj/crt0.o
 .ARM.attributes
                0x0000000000000039       0x39 build/obj/vectors.o
 .ARM.attributes
                0x0000000000000072       0x39 build/obj/chcore.o
 .ARM.attributes
                0x00000000000000ab       0x39 build/obj/chcore_v7m.o
 .ARM.attributes
                0x00000000000000e4       0x39 build/obj/nvic.o
 .ARM.attributes
                0x000000000000011d       0x39 build/obj/chsys.o
 .ARM.attributes
                0x0000000000000156       0x39 build/obj/chvt.o
 .ARM.attributes
                0x000000000000018f       0x39 build/obj/chschd.o
 .ARM.attributes
                0x00000000000001c8       0x39 build/obj/chthreads.o
 .ARM.attributes
                0x0000000000000201       0x39 build/obj/chregistry.o
 .ARM.attributes
                0x000000000000023a       0x39 build/obj/chmtx.o
 .ARM.attributes
                0x0000000000000273       0x39 build/obj/chevents.o
 .ARM.attributes
                0x00000000000002ac       0x39 build/obj/chmsg.o
 .ARM.attributes
                0x00000000000002e5       0x39 build/obj/chqueues.o
 .ARM.attributes
                0x000000000000031e       0x39 build/obj/chmemcore.o
 .ARM.attributes
                0x0000000000000357       0x39 build/obj/chheap.o
 .ARM.attributes
                0x0000000000000390       0x39 build/obj/hal.o
 .ARM.attributes
                0x00000000000003c9       0x39 build/obj/adc.o
 .ARM.attributes
                0x0000000000000402       0x39 build/obj/i2c.o
 .ARM.attributes
                0x000000000000043b       0x39 build/obj/mmc_spi.o
 .ARM.attributes
                0x0000000000000474       0x39 build/obj/pwm.o
 .ARM.attributes
                0x00000000000004ad       0x39 build/obj/serial.o
 .ARM.attributes
                0x00000000000004e6       0x39 build/obj/serial_usb.o
 .ARM.attributes
                0x000000000000051f       0x39 build/obj/spi.o
 .ARM.attributes
                0x0000000000000558       0x39 build/obj/tm.o
 .ARM.attributes
                0x0000000000000591       0x39 build/obj/usb.o
 .ARM.attributes
                0x00000000000005ca       0x39 build/obj/stm32_dma.o
 .ARM.attributes
                0x0000000000000603       0x39 build/obj/hal_lld.o
 .ARM.attributes
                0x000000000000063c       0x39 build/obj/adc_lld.o
 .ARM.attributes
                0x0000000000000675       0x39 build/obj/pal_lld.o
 .ARM.attributes
                0x00000000000006ae       0x39 build/obj/i2c_lld.o
 .ARM.attributes
                0x00000000000006e7       0x39 build/obj/usb_lld.o
 .ARM.attributes
                0x0000000000000720       0x39 build/obj/spi_lld.o
 .ARM.attributes
                0x0000000000000759       0x39 build/obj/pwm_lld.o
 .ARM.attributes
                0x0000000000000792       0x39 build/obj/serial_lld.o
 .ARM.attributes
                0x00000000000007cb       0x39 build/obj/board.o
 .ARM.attributes
                0x0000000000000804       0x39 build/obj/chprintf.o
 .ARM.attributes
                0x000000000000083d       0x39 build/obj/stm_flash.o
 .ARM.attributes
                0x0000000000000876       0x39 build/obj/usbCDC.o
 .ARM.attributes
                0x00000000000008af       0x39 build/obj/lcd.o
 .ARM.attributes
                0x00000000000008e8       0x39 build/obj/analog.o
 .ARM.attributes
                0x0000000000000921       0x39 build/obj/aithon_private.o
 .ARM.attributes
                0x000000000000095a       0x39 build/obj/servos.o
 .ARM.attributes
                0x0000000000000993       0x39 build/obj/imu.o
 .ARM.attributes
                0x00000000000009cc       0x39 build/obj/digital.o
 .ARM.attributes
                0x0000000000000a05       0x39 build/obj/Aithon.o
 .ARM.attributes
                0x0000000000000a3e       0x39 build/obj/music.o
 .ARM.attributes
                0x0000000000000a77       0x39 build/obj/ee.o